198.51.100.7 - - [29/May/2026:19:21:07 +0000] "POST /api/search HTTP/1.1" 401 6253 "https://example.com/api/search" "Mozilla/5.0 (Macintosh; Intel Mac OS X 10_15_7)"
172.16.0.100 - - [29/May/2026:19:21:07 +0000] "GET /static/app.js HTTP/1.1" 400 6571 "https://example.com/static/app.js" "Mozilla/5.0 (Macintosh; Intel Mac OS X 10_15_7)"
172.16.0.100 - - [29/May/2026:19:21:07 +0000] "PUT /api/products HTTP/1.1" 500 3398 "https://example.com/api/products" "python-requests/2.28.0"
172.16.0.100 - - [29/May/2026:19:21:08 +0000] "POST /api/products HTTP/1.1" 302 7417 "https://example.com/api/products" "Mozilla/5.0 (Windows NT 10.0; Win64; x64)"
172.16.0.100 - - [29/May/2026:19:21:08 +0000] "POST /health HTTP/1.1" 200 7289 "https://example.com/health" "curl/7.84.0"
203.0.113.42 - - [29/May/2026:19:21:08 +0000] "PUT /health HTTP/1.1" 200 8905 "https://example.com/health" "curl/7.84.0"
192.168.1.10 - - [29/May/2026:19:21:09 +0000] "PUT /favicon.ico HTTP/1.1" 401 7972 "https://example.com/favicon.ico" "Mozilla/5.0 (Macintosh; Intel Mac OS X 10_15_7)"
192.168.1.10 - - [29/May/2026:19:21:09 +0000] "PUT /api/products HTTP/1.1" 200 3680 "https://example.com/api/products" "curl/7.84.0"
203.0.113.42 - - [29/May/2026:19:21:10 +0000] "POST /favicon.ico HTTP/1.1" 301 5688 "https://example.com/favicon.ico" "Mozilla/5.0 (Windows NT 10.0; Win64; x64)"
198.51.100.7 - - [29/May/2026:19:21:10 +0000] "DELETE /api/users HTTP/1.1" 404 3811 "https://example.com/api/users" "Mozilla/5.0 (Macintosh; Intel Mac OS X 10_15_7)"
172.16.0.100 - - [29/May/2026:19:21:10 +0000] "POST /api/orders HTTP/1.1" 302 745 "https://example.com/api/orders" "curl/7.84.0"
203.0.113.42 - - [29/May/2026:19:21:11 +0000] "POST /api/users HTTP/1.1" 200 2365 "https://example.com/api/users" "Mozilla/5.0 (Windows NT 10.0; Win64; x64)"
203.0.113.42 - - [29/May/2026:19:21:11 +0000] "GET /static/app.js HTTP/1.1" 200 4384 "https://example.com/static/app.js" "Mozilla/5.0 (Macintosh; Intel Mac OS X 10_15_7)"
10.0.0.5 - - [29/May/2026:19:21:11 +0000] "DELETE /static/app.js HTTP/1.1" 401 120 "https://example.com/static/app.js" "Mozilla/5.0 (Windows NT 10.0; Win64; x64)"
192.168.1.10 - - [29/May/2026:19:21:12 +0000] "PUT /api/products HTTP/1.1" 503 9965 "https://example.com/api/products" "Mozilla/5.0 (Macintosh; Intel Mac OS X 10_15_7)"
198.51.100.7 - - [29/May/2026:19:21:13 +0000] "DELETE /favicon.ico HTTP/1.1" 200 1174 "https://example.com/favicon.ico" "Mozilla/5.0 (Windows NT 10.0; Win64; x64)"
10.0.0.5 - - [29/May/2026:19:21:13 +0000] "GET /api/orders HTTP/1.1" 401 7649 "https://example.com/api/orders" "curl/7.84.0"
10.0.0.5 - - [29/May/2026:19:21:14 +0000] "GET /api/orders HTTP/1.1" 503 5464 "https://example.com/api/orders" "curl/7.84.0"
172.16.0.100 - - [29/May/2026:19:21:14 +0000] "DELETE /api/search HTTP/1.1" 301 493 "https://example.com/api/search" "curl/7.84.0"
192.168.1.10 - - [29/May/2026:19:21:15 +0000] "PUT /static/app.js HTTP/1.1" 200 8415 "https://example.com/static/app.js" "Mozilla/5.0 (Macintosh; Intel Mac OS X 10_15_7)"
203.0.113.42 - - [29/May/2026:19:21:15 +0000] "DELETE /static/app.js HTTP/1.1" 400 1542 "https://example.com/static/app.js" "curl/7.84.0"
198.51.100.7 - - [29/May/2026:19:21:15 +0000] "GET /favicon.ico HTTP/1.1" 400 3716 "https://example.com/favicon.ico" "Mozilla/5.0 (Windows NT 10.0; Win64; x64)"
172.16.0.100 - - [29/May/2026:19:21:16 +0000] "GET /api/search HTTP/1.1" 200 3719 "https://example.com/api/search" "python-requests/2.28.0"
203.0.113.42 - - [29/May/2026:19:21:16 +0000] "DELETE /login HTTP/1.1" 200 1341 "https://example.com/login" "Mozilla/5.0 (Windows NT 10.0; Win64; x64)"
198.51.100.7 - - [29/May/2026:19:21:17 +0000] "GET /api/users HTTP/1.1" 200 1986 "https://example.com/api/users" "curl/7.84.0"
172.16.0.100 - - [29/May/2026:19:21:18 +0000] "GET /api/users HTTP/1.1" 403 2394 "https://example.com/api/users" "curl/7.84.0"
172.16.0.100 - - [29/May/2026:19:21:19 +0000] "PUT /static/app.js HTTP/1.1" 502 9466 "https://example.com/static/app.js" "python-requests/2.28.0"
192.168.1.10 - - [29/May/2026:19:21:19 +0000] "GET /api/users HTTP/1.1" 500 7101 "https://example.com/api/users" "Mozilla/5.0 (Macintosh; Intel Mac OS X 10_15_7)"
203.0.113.42 - - [29/May/2026:19:21:20 +0000] "POST /static/app.js HTTP/1.1" 200 7531 "https://example.com/static/app.js" "python-requests/2.28.0"
172.16.0.100 - - [29/May/2026:19:21:20 +0000] "POST /health HTTP/1.1" 302 8932 "https://example.com/health" "python-requests/2.28.0"
172.16.0.100 - - [29/May/2026:19:21:21 +0000] "PUT /health HTTP/1.1" 200 10032 "https://example.com/health" "Mozilla/5.0 (Macintosh; Intel Mac OS X 10_15_7)"
198.51.100.7 - - [29/May/2026:19:21:21 +0000] "PUT /api/search HTTP/1.1" 200 450 "https://example.com/api/search" "Mozilla/5.0 (Macintosh; Intel Mac OS X 10_15_7)"
203.0.113.42 - - [29/May/2026:19:21:22 +0000] "DELETE /static/app.js HTTP/1.1" 404 3944 "https://example.com/static/app.js" "Mozilla/5.0 (Macintosh; Intel Mac OS X 10_15_7)"
192.168.1.10 - - [29/May/2026:19:21:22 +0000] "POST /api/products HTTP/1.1" 200 735 "https://example.com/api/products" "curl/7.84.0"
10.0.0.5 - - [29/May/2026:19:21:23 +0000] "GET /api/users HTTP/1.1" 301 5464 "https://example.com/api/users" "Mozilla/5.0 (Windows NT 10.0; Win64; x64)"
10.0.0.5 - - [29/May/2026:19:21:23 +0000] "PUT /api/users HTTP/1.1" 404 868 "https://example.com/api/users" "python-requests/2.28.0"
172.16.0.100 - - [29/May/2026:19:21:23 +0000] "GET /login HTTP/1.1" 200 3238 "https://example.com/login" "python-requests/2.28.0"
172.16.0.100 - - [29/May/2026:19:21:24 +0000] "DELETE /api/users HTTP/1.1" 200 9459 "https://example.com/api/users" "curl/7.84.0"
203.0.113.42 - - [29/May/2026:19:21:24 +0000] "GET /api/users HTTP/1.1" 503 1214 "https://example.com/api/users" "curl/7.84.0"
10.0.0.5 - - [29/May/2026:19:21:25 +0000] "GET /api/products HTTP/1.1" 301 9729 "https://example.com/api/products" "curl/7.84.0"
192.168.1.10 - - [29/May/2026:19:21:25 +0000] "GET /favicon.ico HTTP/1.1" 200 9199 "https://example.com/favicon.ico" "Mozilla/5.0 (Macintosh; Intel Mac OS X 10_15_7)"
10.0.0.5 - - [29/May/2026:19:21:26 +0000] "GET /favicon.ico HTTP/1.1" 200 6109 "https://example.com/favicon.ico" "curl/7.84.0"
203.0.113.42 - - [29/May/2026:19:21:26 +0000] "PUT /favicon.ico HTTP/1.1" 200 8384 "https://example.com/favicon.ico" "curl/7.84.0"
10.0.0.5 - - [29/May/2026:19:21:27 +0000] "DELETE /static/app.js HTTP/1.1" 403 5004 "https://example.com/static/app.js" "curl/7.84.0"
192.168.1.10 - - [29/May/2026:19:21:27 +0000] "DELETE /api/products HTTP/1.1" 502 9290 "https://example.com/api/products" "Mozilla/5.0 (Windows NT 10.0; Win64; x64)"
172.16.0.100 - - [29/May/2026:19:21:28 +0000] "POST /api/orders HTTP/1.1" 200 6262 "https://example.com/api/orders" "python-requests/2.28.0"
172.16.0.100 - - [29/May/2026:19:21:28 +0000] "POST /api/search HTTP/1.1" 503 9516 "https://example.com/api/search" "python-requests/2.28.0"
172.16.0.100 - - [29/May/2026:19:21:29 +0000] "PUT /api/users HTTP/1.1" 503 7863 "https://example.com/api/users" "curl/7.84.0"
198.51.100.7 - - [29/May/2026:19:21:29 +0000] "PUT /favicon.ico HTTP/1.1" 200 3101 "https://example.com/favicon.ico" "Mozilla/5.0 (Windows NT 10.0; Win64; x64)"
172.16.0.100 - - [29/May/2026:19:21:30 +0000] "PUT /api/search HTTP/1.1" 200 6680 "https://example.com/api/search" "curl/7.84.0"
192.168.1.10 - - [29/May/2026:19:21:30 +0000] "POST /login HTTP/1.1" 500 4869 "https://example.com/login" "python-requests/2.28.0"
172.16.0.100 - - [29/May/2026:19:21:43 +0000] "PUT /favicon.ico HTTP/1.1" 503 5511 "https://example.com/favicon.ico" "curl/7.84.0"
192.168.1.10 - - [29/May/2026:19:21:43 +0000] "POST /favicon.ico HTTP/1.1" 301 5539 "https://example.com/favicon.ico" "python-requests/2.28.0"
203.0.113.42 - - [29/May/2026:19:21:44 +0000] "GET /favicon.ico HTTP/1.1" 301 2439 "https://example.com/favicon.ico" "python-requests/2.28.0"
198.51.100.7 - - [29/May/2026:19:21:44 +0000] "PUT /favicon.ico HTTP/1.1" 200 7650 "https://example.com/favicon.ico" "Mozilla/5.0 (Windows NT 10.0; Win64; x64)"
203.0.113.42 - - [29/May/2026:19:21:44 +0000] "POST /api/products HTTP/1.1" 200 9214 "https://example.com/api/products" "curl/7.84.0"
172.16.0.100 - - [29/May/2026:19:21:45 +0000] "DELETE /static/app.js HTTP/1.1" 301 1954 "https://example.com/static/app.js" "Mozilla/5.0 (Windows NT 10.0; Win64; x64)"
192.168.1.10 - - [29/May/2026:19:21:45 +0000] "POST /static/app.js HTTP/1.1" 301 519 "https://example.com/static/app.js" "Mozilla/5.0 (Windows NT 10.0; Win64; x64)"
203.0.113.42 - - [29/May/2026:19:21:45 +0000] "PUT /api/products HTTP/1.1" 200 821 "https://example.com/api/products" "curl/7.84.0"
192.168.1.10 - - [29/May/2026:19:21:46 +0000] "POST /favicon.ico HTTP/1.1" 200 6650 "https://example.com/favicon.ico" "Mozilla/5.0 (Windows NT 10.0; Win64; x64)"
192.168.1.10 - - [29/May/2026:19:21:46 +0000] "DELETE /api/products HTTP/1.1" 401 5338 "https://example.com/api/products" "python-requests/2.28.0"
10.0.0.5 - - [29/May/2026:19:21:47 +0000] "PUT /api/products HTTP/1.1" 403 6203 "https://example.com/api/products" "Mozilla/5.0 (Macintosh; Intel Mac OS X 10_15_7)"
198.51.100.7 - - [29/May/2026:19:21:47 +0000] "PUT /api/orders HTTP/1.1" 500 4972 "https://example.com/api/orders" "Mozilla/5.0 (Macintosh; Intel Mac OS X 10_15_7)"
192.168.1.10 - - [29/May/2026:19:21:48 +0000] "POST /favicon.ico HTTP/1.1" 400 5907 "https://example.com/favicon.ico" "curl/7.84.0"
198.51.100.7 - - [29/May/2026:19:21:48 +0000] "GET /static/app.js HTTP/1.1" 404 9904 "https://example.com/static/app.js" "Mozilla/5.0 (Macintosh; Intel Mac OS X 10_15_7)"
10.0.0.5 - - [29/May/2026:19:21:49 +0000] "POST /favicon.ico HTTP/1.1" 502 6385 "https://example.com/favicon.ico" "Mozilla/5.0 (Macintosh; Intel Mac OS X 10_15_7)"
172.16.0.100 - - [29/May/2026:19:21:49 +0000] "GET /favicon.ico HTTP/1.1" 404 5523 "https://example.com/favicon.ico" "python-requests/2.28.0"
10.0.0.5 - - [29/May/2026:19:21:49 +0000] "GET /health HTTP/1.1" 500 685 "https://example.com/health" "Mozilla/5.0 (Windows NT 10.0; Win64; x64)"
198.51.100.7 - - [29/May/2026:19:21:50 +0000] "DELETE /health HTTP/1.1" 401 4143 "https://example.com/health" "Mozilla/5.0 (Macintosh; Intel Mac OS X 10_15_7)"
192.168.1.10 - - [29/May/2026:19:21:50 +0000] "GET /api/users HTTP/1.1" 400 5086 "https://example.com/api/users" "Mozilla/5.0 (Windows NT 10.0; Win64; x64)"
10.0.0.5 - - [29/May/2026:19:21:50 +0000] "POST /api/search HTTP/1.1" 503 5740 "https://example.com/api/search" "curl/7.84.0"
172.16.0.100 - - [29/May/2026:19:21:51 +0000] "DELETE /health HTTP/1.1" 200 6081 "https://example.com/health" "Mozilla/5.0 (Macintosh; Intel Mac OS X 10_15_7)"
10.0.0.5 - - [29/May/2026:19:21:51 +0000] "DELETE /static/app.js HTTP/1.1" 200 8755 "https://example.com/static/app.js" "Mozilla/5.0 (Windows NT 10.0; Win64; x64)"
198.51.100.7 - - [29/May/2026:19:21:52 +0000] "PUT /api/orders HTTP/1.1" 502 6714 "https://example.com/api/orders" "Mozilla/5.0 (Macintosh; Intel Mac OS X 10_15_7)"
172.16.0.100 - - [29/May/2026:19:21:52 +0000] "DELETE /health HTTP/1.1" 500 6425 "https://example.com/health" "python-requests/2.28.0"
192.168.1.10 - - [29/May/2026:19:21:53 +0000] "PUT /api/products HTTP/1.1" 503 7406 "https://example.com/api/products" "python-requests/2.28.0"
198.51.100.7 - - [29/May/2026:19:21:53 +0000] "DELETE /favicon.ico HTTP/1.1" 400 1003 "https://example.com/favicon.ico" "python-requests/2.28.0"
172.16.0.100 - - [29/May/2026:19:21:54 +0000] "PUT /health HTTP/1.1" 200 9729 "https://example.com/health" "curl/7.84.0"
198.51.100.7 - - [29/May/2026:19:21:54 +0000] "PUT /static/app.js HTTP/1.1" 200 4578 "https://example.com/static/app.js" "python-requests/2.28.0"
192.168.1.10 - - [29/May/2026:19:21:54 +0000] "POST /health HTTP/1.1" 401 675 "https://example.com/health" "Mozilla/5.0 (Macintosh; Intel Mac OS X 10_15_7)"
172.16.0.100 - - [29/May/2026:19:21:55 +0000] "PUT /api/orders HTTP/1.1" 500 216 "https://example.com/api/orders" "curl/7.84.0"
203.0.113.42 - - [29/May/2026:19:21:56 +0000] "GET /api/search HTTP/1.1" 200 4084 "https://example.com/api/search" "python-requests/2.28.0"
198.51.100.7 - - [29/May/2026:19:21:56 +0000] "PUT /favicon.ico HTTP/1.1" 503 1701 "https://example.com/favicon.ico" "curl/7.84.0"
203.0.113.42 - - [29/May/2026:19:21:56 +0000] "POST /login HTTP/1.1" 404 3419 "https://example.com/login" "python-requests/2.28.0"
172.16.0.100 - - [29/May/2026:19:21:57 +0000] "DELETE /login HTTP/1.1" 200 6352 "https://example.com/login" "Mozilla/5.0 (Macintosh; Intel Mac OS X 10_15_7)"
172.16.0.100 - - [29/May/2026:19:21:57 +0000] "DELETE /static/app.js HTTP/1.1" 200 811 "https://example.com/static/app.js" "python-requests/2.28.0"
203.0.113.42 - - [29/May/2026:19:21:57 +0000] "GET /health HTTP/1.1" 301 5560 "https://example.com/health" "python-requests/2.28.0"
203.0.113.42 - - [29/May/2026:19:21:58 +0000] "DELETE /health HTTP/1.1" 401 801 "https://example.com/health" "curl/7.84.0"
198.51.100.7 - - [29/May/2026:19:21:58 +0000] "DELETE /favicon.ico HTTP/1.1" 503 6928 "https://example.com/favicon.ico" "curl/7.84.0"
10.0.0.5 - - [29/May/2026:19:21:59 +0000] "POST /api/orders HTTP/1.1" 404 6888 "https://example.com/api/orders" "python-requests/2.28.0"
192.168.1.10 - - [29/May/2026:19:21:59 +0000] "PUT /api/users HTTP/1.1" 404 9738 "https://example.com/api/users" "python-requests/2.28.0"
172.16.0.100 - - [29/May/2026:19:21:59 +0000] "POST /health HTTP/1.1" 200 6052 "https://example.com/health" "python-requests/2.28.0"
203.0.113.42 - - [29/May/2026:19:21:59 +0000] "DELETE /login HTTP/1.1" 403 3985 "https://example.com/login" "python-requests/2.28.0"
192.168.1.10 - - [29/May/2026:19:22:00 +0000] "DELETE /health HTTP/1.1" 200 5927 "https://example.com/health" "Mozilla/5.0 (Windows NT 10.0; Win64; x64)"
192.168.1.10 - - [29/May/2026:19:22:00 +0000] "PUT /api/users HTTP/1.1" 404 5733 "https://example.com/api/users" "curl/7.84.0"
198.51.100.7 - - [29/May/2026:19:22:00 +0000] "DELETE /api/products HTTP/1.1" 200 6567 "https://example.com/api/products" "Mozilla/5.0 (Macintosh; Intel Mac OS X 10_15_7)"
192.168.1.10 - - [29/May/2026:19:22:01 +0000] "GET /health HTTP/1.1" 302 10021 "https://example.com/health" "Mozilla/5.0 (Windows NT 10.0; Win64; x64)"
203.0.113.42 - - [29/May/2026:19:22:01 +0000] "POST /api/users HTTP/1.1" 200 550 "https://example.com/api/users" "python-requests/2.28.0"
172.16.0.100 - - [29/May/2026:19:22:02 +0000] "POST /api/users HTTP/1.1" 503 5283 "https://example.com/api/users" "Mozilla/5.0 (Windows NT 10.0; Win64; x64)"
198.51.100.7 - - [29/May/2026:19:22:03 +0000] "POST /api/users HTTP/1.1" 302 6582 "https://example.com/api/users" "Mozilla/5.0 (Macintosh; Intel Mac OS X 10_15_7)"
198.51.100.7 - - [29/May/2026:19:22:03 +0000] "DELETE /api/search HTTP/1.1" 200 10067 "https://example.com/api/search" "python-requests/2.28.0"
172.16.0.100 - - [29/May/2026:19:22:03 +0000] "GET /api/users HTTP/1.1" 401 3100 "https://example.com/api/users" "curl/7.84.0"
203.0.113.42 - - [29/May/2026:19:22:04 +0000] "DELETE /api/search HTTP/1.1" 500 4884 "https://example.com/api/search" "Mozilla/5.0 (Windows NT 10.0; Win64; x64)"
10.0.0.5 - - [29/May/2026:19:22:04 +0000] "DELETE /api/products HTTP/1.1" 200 10013 "https://example.com/api/products" "Mozilla/5.0 (Windows NT 10.0; Win64; x64)"
192.168.1.10 - - [29/May/2026:19:22:04 +0000] "GET /health HTTP/1.1" 200 3773 "https://example.com/health" "Mozilla/5.0 (Windows NT 10.0; Win64; x64)"
172.16.0.100 - - [29/May/2026:19:22:05 +0000] "PUT /favicon.ico HTTP/1.1" 200 7105 "https://example.com/favicon.ico" "curl/7.84.0"
192.168.1.10 - - [29/May/2026:19:22:05 +0000] "DELETE /login HTTP/1.1" 301 1548 "https://example.com/login" "python-requests/2.28.0"
10.0.0.5 - - [29/May/2026:19:22:05 +0000] "GET /login HTTP/1.1" 200 4715 "https://example.com/login" "Mozilla/5.0 (Windows NT 10.0; Win64; x64)"
10.0.0.5 - - [29/May/2026:19:22:05 +0000] "POST /static/app.js HTTP/1.1" 200 5931 "https://example.com/static/app.js" "curl/7.84.0"
192.168.1.10 - - [29/May/2026:19:22:05 +0000] "POST /api/orders HTTP/1.1" 200 5102 "https://example.com/api/orders" "Mozilla/5.0 (Macintosh; Intel Mac OS X 10_15_7)"
198.51.100.7 - - [29/May/2026:19:22:07 +0000] "GET /api/users HTTP/1.1" 200 2275 "https://example.com/api/users" "python-requests/2.28.0"
172.16.0.100 - - [29/May/2026:19:22:07 +0000] "POST /health HTTP/1.1" 503 9520 "https://example.com/health" "python-requests/2.28.0"
172.16.0.100 - - [29/May/2026:19:22:07 +0000] "PUT /api/orders HTTP/1.1" 200 2621 "https://example.com/api/orders" "curl/7.84.0"
203.0.113.42 - - [29/May/2026:19:22:08 +0000] "DELETE /login HTTP/1.1" 301 661 "https://example.com/login" "Mozilla/5.0 (Windows NT 10.0; Win64; x64)"
192.168.1.10 - - [29/May/2026:19:22:08 +0000] "PUT /favicon.ico HTTP/1.1" 500 5125 "https://example.com/favicon.ico" "python-requests/2.28.0"
192.168.1.10 - - [29/May/2026:19:22:09 +0000] "PUT /health HTTP/1.1" 404 2887 "https://example.com/health" "Mozilla/5.0 (Windows NT 10.0; Win64; x64)"
172.16.0.100 - - [29/May/2026:19:22:09 +0000] "POST /favicon.ico HTTP/1.1" 403 5425 "https://example.com/favicon.ico" "curl/7.84.0"
203.0.113.42 - - [29/May/2026:19:22:10 +0000] "PUT /static/app.js HTTP/1.1" 502 3782 "https://example.com/static/app.js" "curl/7.84.0"
192.168.1.10 - - [29/May/2026:19:22:10 +0000] "PUT /favicon.ico HTTP/1.1" 401 5497 "https://example.com/favicon.ico" "curl/7.84.0"
198.51.100.7 - - [29/May/2026:19:22:10 +0000] "DELETE /login HTTP/1.1" 404 8409 "https://example.com/login" "curl/7.84.0"
192.168.1.10 - - [29/May/2026:19:22:11 +0000] "POST /login HTTP/1.1" 502 7543 "https://example.com/login" "python-requests/2.28.0"
192.168.1.10 - - [29/May/2026:19:22:11 +0000] "DELETE /api/orders HTTP/1.1" 200 6906 "https://example.com/api/orders" "python-requests/2.28.0"
203.0.113.42 - - [29/May/2026:19:22:11 +0000] "GET /api/products HTTP/1.1" 404 185 "https://example.com/api/products" "Mozilla/5.0 (Windows NT 10.0; Win64; x64)"
192.168.1.10 - - [29/May/2026:19:22:11 +0000] "DELETE /health HTTP/1.1" 502 7392 "https://example.com/health" "curl/7.84.0"
192.168.1.10 - - [29/May/2026:19:22:12 +0000] "GET /login HTTP/1.1" 200 4158 "https://example.com/login" "Mozilla/5.0 (Windows NT 10.0; Win64; x64)"
172.16.0.100 - - [29/May/2026:19:22:12 +0000] "DELETE /static/app.js HTTP/1.1" 401 8730 "https://example.com/static/app.js" "Mozilla/5.0 (Windows NT 10.0; Win64; x64)"
203.0.113.42 - - [29/May/2026:19:22:12 +0000] "PUT /api/orders HTTP/1.1" 500 5378 "https://example.com/api/orders" "Mozilla/5.0 (Macintosh; Intel Mac OS X 10_15_7)"
172.16.0.100 - - [29/May/2026:19:22:13 +0000] "PUT /favicon.ico HTTP/1.1" 401 9036 "https://example.com/favicon.ico" "Mozilla/5.0 (Windows NT 10.0; Win64; x64)"
203.0.113.42 - - [29/May/2026:19:22:14 +0000] "POST /api/orders HTTP/1.1" 502 1820 "https://example.com/api/orders" "Mozilla/5.0 (Windows NT 10.0; Win64; x64)"
172.16.0.100 - - [29/May/2026:19:22:14 +0000] "PUT /api/products HTTP/1.1" 200 3687 "https://example.com/api/products" "Mozilla/5.0 (Windows NT 10.0; Win64; x64)"
10.0.0.5 - - [29/May/2026:19:22:15 +0000] "PUT /api/users HTTP/1.1" 400 1596 "https://example.com/api/users" "curl/7.84.0"
192.168.1.10 - - [29/May/2026:19:22:16 +0000] "POST /health HTTP/1.1" 302 3360 "https://example.com/health" "Mozilla/5.0 (Windows NT 10.0; Win64; x64)"
192.168.1.10 - - [29/May/2026:19:22:16 +0000] "PUT /api/products HTTP/1.1" 503 1015 "https://example.com/api/products" "Mozilla/5.0 (Windows NT 10.0; Win64; x64)"
198.51.100.7 - - [29/May/2026:19:22:17 +0000] "POST /login HTTP/1.1" 404 3236 "https://example.com/login" "Mozilla/5.0 (Windows NT 10.0; Win64; x64)"
10.0.0.5 - - [29/May/2026:19:22:17 +0000] "POST /static/app.js HTTP/1.1" 500 4488 "https://example.com/static/app.js" "Mozilla/5.0 (Macintosh; Intel Mac OS X 10_15_7)"
172.16.0.100 - - [29/May/2026:19:22:17 +0000] "POST /health HTTP/1.1" 404 7639 "https://example.com/health" "Mozilla/5.0 (Windows NT 10.0; Win64; x64)"
10.0.0.5 - - [29/May/2026:19:22:18 +0000] "GET /api/users HTTP/1.1" 200 9054 "https://example.com/api/users" "Mozilla/5.0 (Windows NT 10.0; Win64; x64)"
198.51.100.7 - - [29/May/2026:19:22:18 +0000] "POST /favicon.ico HTTP/1.1" 503 1731 "https://example.com/favicon.ico" "curl/7.84.0"
10.0.0.5 - - [29/May/2026:19:22:19 +0000] "PUT /login HTTP/1.1" 404 8227 "https://example.com/login" "python-requests/2.28.0"
172.16.0.100 - - [29/May/2026:19:22:19 +0000] "GET /health HTTP/1.1" 401 8508 "https://example.com/health" "curl/7.84.0"
203.0.113.42 - - [29/May/2026:19:22:20 +0000] "PUT /health HTTP/1.1" 403 5646 "https://example.com/health" "Mozilla/5.0 (Windows NT 10.0; Win64; x64)"
192.168.1.10 - - [29/May/2026:19:22:20 +0000] "PUT /api/products HTTP/1.1" 302 5427 "https://example.com/api/products" "curl/7.84.0"
203.0.113.42 - - [29/May/2026:19:22:21 +0000] "GET /api/users HTTP/1.1" 503 297 "https://example.com/api/users" "Mozilla/5.0 (Macintosh; Intel Mac OS X 10_15_7)"
192.168.1.10 - - [29/May/2026:19:22:21 +0000] "PUT /favicon.ico HTTP/1.1" 400 6441 "https://example.com/favicon.ico" "Mozilla/5.0 (Windows NT 10.0; Win64; x64)"
203.0.113.42 - - [29/May/2026:19:22:21 +0000] "POST /api/users HTTP/1.1" 200 7342 "https://example.com/api/users" "Mozilla/5.0 (Windows NT 10.0; Win64; x64)"
172.16.0.100 - - [29/May/2026:19:22:22 +0000] "PUT /login HTTP/1.1" 200 2788 "https://example.com/login" "curl/7.84.0"
10.0.0.5 - - [29/May/2026:19:22:22 +0000] "PUT /static/app.js HTTP/1.1" 401 4777 "https://example.com/static/app.js" "python-requests/2.28.0"
192.168.1.10 - - [29/May/2026:19:22:22 +0000] "DELETE /api/orders HTTP/1.1" 401 9646 "https://example.com/api/orders" "curl/7.84.0"
172.16.0.100 - - [29/May/2026:19:22:22 +0000] "GET /login HTTP/1.1" 404 3090 "https://example.com/login" "Mozilla/5.0 (Macintosh; Intel Mac OS X 10_15_7)"
192.168.1.10 - - [29/May/2026:19:22:23 +0000] "POST /api/users HTTP/1.1" 401 4693 "https://example.com/api/users" "python-requests/2.28.0"
203.0.113.42 - - [29/May/2026:19:22:23 +0000] "GET /static/app.js HTTP/1.1" 302 3962 "https://example.com/static/app.js" "Mozilla/5.0 (Macintosh; Intel Mac OS X 10_15_7)"
198.51.100.7 - - [29/May/2026:19:22:23 +0000] "DELETE /static/app.js HTTP/1.1" 500 7477 "https://example.com/static/app.js" "python-requests/2.28.0"
10.0.0.5 - - [29/May/2026:19:22:23 +0000] "GET /favicon.ico HTTP/1.1" 404 5128 "https://example.com/favicon.ico" "python-requests/2.28.0"
192.168.1.10 - - [29/May/2026:19:22:24 +0000] "PUT /static/app.js HTTP/1.1" 401 6161 "https://example.com/static/app.js" "python-requests/2.28.0"
203.0.113.42 - - [29/May/2026:19:22:24 +0000] "PUT /api/products HTTP/1.1" 200 2579 "https://example.com/api/products" "python-requests/2.28.0"
10.0.0.5 - - [29/May/2026:19:22:24 +0000] "GET /static/app.js HTTP/1.1" 200 1595 "https://example.com/static/app.js" "Mozilla/5.0 (Windows NT 10.0; Win64; x64)"
192.168.1.10 - - [29/May/2026:19:22:25 +0000] "POST /api/orders HTTP/1.1" 301 4931 "https://example.com/api/orders" "Mozilla/5.0 (Macintosh; Intel Mac OS X 10_15_7)"
203.0.113.42 - - [29/May/2026:19:22:25 +0000] "PUT /static/app.js HTTP/1.1" 200 4249 "https://example.com/static/app.js" "Mozilla/5.0 (Macintosh; Intel Mac OS X 10_15_7)"
198.51.100.7 - - [29/May/2026:19:22:26 +0000] "PUT /static/app.js HTTP/1.1" 404 7363 "https://example.com/static/app.js" "Mozilla/5.0 (Windows NT 10.0; Win64; x64)"
10.0.0.5 - - [29/May/2026:19:22:27 +0000] "PUT /favicon.ico HTTP/1.1" 404 9788 "https://example.com/favicon.ico" "Mozilla/5.0 (Macintosh; Intel Mac OS X 10_15_7)"
192.168.1.10 - - [29/May/2026:19:22:27 +0000] "POST /health HTTP/1.1" 302 2585 "https://example.com/health" "Mozilla/5.0 (Macintosh; Intel Mac OS X 10_15_7)"
203.0.113.42 - - [29/May/2026:19:22:27 +0000] "POST /api/orders HTTP/1.1" 302 5716 "https://example.com/api/orders" "curl/7.84.0"
192.168.1.10 - - [29/May/2026:19:22:28 +0000] "DELETE /api/products HTTP/1.1" 301 1214 "https://example.com/api/products" "curl/7.84.0"
198.51.100.7 - - [29/May/2026:19:22:28 +0000] "DELETE /static/app.js HTTP/1.1" 200 9878 "https://example.com/static/app.js" "Mozilla/5.0 (Windows NT 10.0; Win64; x64)"
172.16.0.100 - - [29/May/2026:19:22:29 +0000] "POST /api/products HTTP/1.1" 200 9605 "https://example.com/api/products" "curl/7.84.0"
192.168.1.10 - - [29/May/2026:19:22:29 +0000] "PUT /static/app.js HTTP/1.1" 400 397 "https://example.com/static/app.js" "curl/7.84.0"
10.0.0.5 - - [29/May/2026:19:22:30 +0000] "PUT /favicon.ico HTTP/1.1" 404 3291 "https://example.com/favicon.ico" "Mozilla/5.0 (Macintosh; Intel Mac OS X 10_15_7)"
192.168.1.10 - - [29/May/2026:19:22:30 +0000] "PUT /login HTTP/1.1" 200 262 "https://example.com/login" "curl/7.84.0"
192.168.1.10 - - [29/May/2026:19:22:31 +0000] "DELETE /favicon.ico HTTP/1.1" 200 1859 "https://example.com/favicon.ico" "curl/7.84.0"
198.51.100.7 - - [29/May/2026:19:22:31 +0000] "PUT /api/search HTTP/1.1" 500 6969 "https://example.com/api/search" "python-requests/2.28.0"
10.0.0.5 - - [29/May/2026:19:22:32 +0000] "DELETE /login HTTP/1.1" 200 993 "https://example.com/login" "curl/7.84.0"
172.16.0.100 - - [29/May/2026:19:22:32 +0000] "DELETE /api/search HTTP/1.1" 200 893 "https://example.com/api/search" "Mozilla/5.0 (Windows NT 10.0; Win64; x64)"
198.51.100.7 - - [29/May/2026:19:22:32 +0000] "PUT /login HTTP/1.1" 500 7242 "https://example.com/login" "Mozilla/5.0 (Macintosh; Intel Mac OS X 10_15_7)"
10.0.0.5 - - [29/May/2026:19:22:33 +0000] "DELETE /static/app.js HTTP/1.1" 200 5144 "https://example.com/static/app.js" "Mozilla/5.0 (Windows NT 10.0; Win64; x64)"
203.0.113.42 - - [29/May/2026:19:22:33 +0000] "POST /health HTTP/1.1" 404 8938 "https://example.com/health" "Mozilla/5.0 (Macintosh; Intel Mac OS X 10_15_7)"
198.51.100.7 - - [29/May/2026:19:22:34 +0000] "DELETE /login HTTP/1.1" 503 585 "https://example.com/login" "python-requests/2.28.0"
172.16.0.100 - - [29/May/2026:19:22:34 +0000] "PUT /health HTTP/1.1" 200 3727 "https://example.com/health" "curl/7.84.0"
192.168.1.10 - - [29/May/2026:19:22:34 +0000] "DELETE /api/products HTTP/1.1" 500 496 "https://example.com/api/products" "curl/7.84.0"
10.0.0.5 - - [29/May/2026:19:22:35 +0000] "GET /api/orders HTTP/1.1" 403 6453 "https://example.com/api/orders" "Mozilla/5.0 (Macintosh; Intel Mac OS X 10_15_7)"
198.51.100.7 - - [29/May/2026:19:22:35 +0000] "DELETE /favicon.ico HTTP/1.1" 404 8794 "https://example.com/favicon.ico" "Mozilla/5.0 (Macintosh; Intel Mac OS X 10_15_7)"
172.16.0.100 - - [29/May/2026:19:22:35 +0000] "POST /static/app.js HTTP/1.1" 302 4924 "https://example.com/static/app.js" "python-requests/2.28.0"
172.16.0.100 - - [29/May/2026:19:22:36 +0000] "DELETE /api/orders HTTP/1.1" 200 1976 "https://example.com/api/orders" "python-requests/2.28.0"
10.0.0.5 - - [29/May/2026:19:22:36 +0000] "POST /login HTTP/1.1" 403 3458 "https://example.com/login" "Mozilla/5.0 (Windows NT 10.0; Win64; x64)"
198.51.100.7 - - [29/May/2026:19:22:36 +0000] "POST /api/users HTTP/1.1" 500 9070 "https://example.com/api/users" "Mozilla/5.0 (Windows NT 10.0; Win64; x64)"
192.168.1.10 - - [29/May/2026:19:22:37 +0000] "POST /static/app.js HTTP/1.1" 200 1390 "https://example.com/static/app.js" "Mozilla/5.0 (Windows NT 10.0; Win64; x64)"
203.0.113.42 - - [29/May/2026:19:22:37 +0000] "POST /api/users HTTP/1.1" 200 7382 "https://example.com/api/users" "curl/7.84.0"
198.51.100.7 - - [29/May/2026:19:22:37 +0000] "PUT /api/users HTTP/1.1" 403 5346 "https://example.com/api/users" "Mozilla/5.0 (Macintosh; Intel Mac OS X 10_15_7)"
172.16.0.100 - - [29/May/2026:19:22:37 +0000] "PUT /static/app.js HTTP/1.1" 200 982 "https://example.com/static/app.js" "Mozilla/5.0 (Macintosh; Intel Mac OS X 10_15_7)"
10.0.0.5 - - [29/May/2026:19:22:37 +0000] "POST /api/users HTTP/1.1" 403 1095 "https://example.com/api/users" "curl/7.84.0"
10.0.0.5 - - [29/May/2026:19:22:38 +0000] "POST /api/users HTTP/1.1" 401 2147 "https://example.com/api/users" "python-requests/2.28.0"
192.168.1.10 - - [29/May/2026:19:22:39 +0000] "DELETE /api/search HTTP/1.1" 404 5001 "https://example.com/api/search" "curl/7.84.0"
192.168.1.10 - - [29/May/2026:19:22:39 +0000] "POST /api/search HTTP/1.1" 400 9292 "https://example.com/api/search" "python-requests/2.28.0"
172.16.0.100 - - [29/May/2026:19:22:39 +0000] "GET /api/orders HTTP/1.1" 403 5400 "https://example.com/api/orders" "Mozilla/5.0 (Macintosh; Intel Mac OS X 10_15_7)"
192.168.1.10 - - [29/May/2026:19:22:39 +0000] "DELETE /api/search HTTP/1.1" 404 4963 "https://example.com/api/search" "python-requests/2.28.0"
198.51.100.7 - - [29/May/2026:19:22:40 +0000] "GET /static/app.js HTTP/1.1" 200 2032 "https://example.com/static/app.js" "curl/7.84.0"
172.16.0.100 - - [29/May/2026:19:22:40 +0000] "POST /api/orders HTTP/1.1" 200 3004 "https://example.com/api/orders" "Mozilla/5.0 (Macintosh; Intel Mac OS X 10_15_7)"
10.0.0.5 - - [29/May/2026:19:22:41 +0000] "POST /api/search HTTP/1.1" 404 2619 "https://example.com/api/search" "Mozilla/5.0 (Windows NT 10.0; Win64; x64)"
192.168.1.10 - - [29/May/2026:19:22:41 +0000] "PUT /api/orders HTTP/1.1" 301 2762 "https://example.com/api/orders" "python-requests/2.28.0"
10.0.0.5 - - [29/May/2026:19:22:41 +0000] "GET /api/search HTTP/1.1" 401 8115 "https://example.com/api/search" "curl/7.84.0"
192.168.1.10 - - [29/May/2026:19:22:42 +0000] "GET /favicon.ico HTTP/1.1" 200 8392 "https://example.com/favicon.ico" "Mozilla/5.0 (Macintosh; Intel Mac OS X 10_15_7)"
198.51.100.7 - - [29/May/2026:19:22:42 +0000] "POST /health HTTP/1.1" 404 7013 "https://example.com/health" "Mozilla/5.0 (Windows NT 10.0; Win64; x64)"
198.51.100.7 - - [29/May/2026:19:22:42 +0000] "GET /favicon.ico HTTP/1.1" 404 459 "https://example.com/favicon.ico" "curl/7.84.0"
203.0.113.42 - - [29/May/2026:19:22:43 +0000] "PUT /api/users HTTP/1.1" 302 2888 "https://example.com/api/users" "curl/7.84.0"
198.51.100.7 - - [29/May/2026:19:22:43 +0000] "DELETE /health HTTP/1.1" 503 9280 "https://example.com/health" "python-requests/2.28.0"
10.0.0.5 - - [29/May/2026:19:22:43 +0000] "PUT /api/products HTTP/1.1" 200 7563 "https://example.com/api/products" "python-requests/2.28.0"
203.0.113.42 - - [29/May/2026:19:22:43 +0000] "DELETE /favicon.ico HTTP/1.1" 500 1325 "https://example.com/favicon.ico" "Mozilla/5.0 (Macintosh; Intel Mac OS X 10_15_7)"
198.51.100.7 - - [29/May/2026:19:22:45 +0000] "DELETE /health HTTP/1.1" 200 307 "https://example.com/health" "Mozilla/5.0 (Windows NT 10.0; Win64; x64)"
203.0.113.42 - - [29/May/2026:19:22:45 +0000] "GET /api/search HTTP/1.1" 302 4400 "https://example.com/api/search" "Mozilla/5.0 (Macintosh; Intel Mac OS X 10_15_7)"
192.168.1.10 - - [29/May/2026:19:22:45 +0000] "DELETE /api/users HTTP/1.1" 301 8891 "https://example.com/api/users" "python-requests/2.28.0"
10.0.0.5 - - [29/May/2026:19:22:46 +0000] "POST /login HTTP/1.1" 200 3194 "https://example.com/login" "Mozilla/5.0 (Windows NT 10.0; Win64; x64)"
203.0.113.42 - - [29/May/2026:19:22:46 +0000] "DELETE /api/users HTTP/1.1" 404 1120 "https://example.com/api/users" "Mozilla/5.0 (Macintosh; Intel Mac OS X 10_15_7)"
198.51.100.7 - - [29/May/2026:19:22:46 +0000] "PUT /static/app.js HTTP/1.1" 400 2160 "https://example.com/static/app.js" "curl/7.84.0"
203.0.113.42 - - [29/May/2026:19:22:48 +0000] "GET /login HTTP/1.1" 503 2110 "https://example.com/login" "curl/7.84.0"
192.168.1.10 - - [29/May/2026:19:22:48 +0000] "POST /api/products HTTP/1.1" 401 8450 "https://example.com/api/products" "curl/7.84.0"
172.16.0.100 - - [29/May/2026:19:22:49 +0000] "POST /api/orders HTTP/1.1" 200 7716 "https://example.com/api/orders" "Mozilla/5.0 (Macintosh; Intel Mac OS X 10_15_7)"
172.16.0.100 - - [29/May/2026:19:22:49 +0000] "PUT /api/search HTTP/1.1" 302 8649 "https://example.com/api/search" "python-requests/2.28.0"
10.0.0.5 - - [29/May/2026:19:22:49 +0000] "GET /api/users HTTP/1.1" 200 2352 "https://example.com/api/users" "curl/7.84.0"
198.51.100.7 - - [29/May/2026:19:22:50 +0000] "DELETE /api/users HTTP/1.1" 400 5492 "https://example.com/api/users" "Mozilla/5.0 (Windows NT 10.0; Win64; x64)"
198.51.100.7 - - [29/May/2026:19:22:50 +0000] "DELETE /api/orders HTTP/1.1" 302 4786 "https://example.com/api/orders" "python-requests/2.28.0"
10.0.0.5 - - [29/May/2026:19:22:50 +0000] "PUT /api/orders HTTP/1.1" 302 2057 "https://example.com/api/orders" "python-requests/2.28.0"
198.51.100.7 - - [29/May/2026:19:22:51 +0000] "DELETE /static/app.js HTTP/1.1" 404 5046 "https://example.com/static/app.js" "Mozilla/5.0 (Windows NT 10.0; Win64; x64)"
10.0.0.5 - - [29/May/2026:19:22:52 +0000] "POST /health HTTP/1.1" 200 1200 "https://example.com/health" "Mozilla/5.0 (Windows NT 10.0; Win64; x64)"
172.16.0.100 - - [29/May/2026:19:22:52 +0000] "PUT /static/app.js HTTP/1.1" 302 326 "https://example.com/static/app.js" "Mozilla/5.0 (Windows NT 10.0; Win64; x64)"
203.0.113.42 - - [29/May/2026:19:22:52 +0000] "DELETE /api/search HTTP/1.1" 401 6494 "https://example.com/api/search" "Mozilla/5.0 (Macintosh; Intel Mac OS X 10_15_7)"
203.0.113.42 - - [29/May/2026:19:22:53 +0000] "DELETE /api/orders HTTP/1.1" 200 7520 "https://example.com/api/orders" "curl/7.84.0"
10.0.0.5 - - [29/May/2026:19:22:53 +0000] "GET /static/app.js HTTP/1.1" 301 5694 "https://example.com/static/app.js" "Mozilla/5.0 (Windows NT 10.0; Win64; x64)"
10.0.0.5 - - [29/May/2026:19:22:54 +0000] "DELETE /api/search HTTP/1.1" 400 2387 "https://example.com/api/search" "python-requests/2.28.0"
203.0.113.42 - - [29/May/2026:19:22:54 +0000] "POST /api/search HTTP/1.1" 404 9226 "https://example.com/api/search" "curl/7.84.0"
198.51.100.7 - - [29/May/2026:19:22:54 +0000] "POST /static/app.js HTTP/1.1" 200 9699 "https://example.com/static/app.js" "curl/7.84.0"
172.16.0.100 - - [29/May/2026:19:22:55 +0000] "PUT /api/search HTTP/1.1" 302 4927 "https://example.com/api/search" "Mozilla/5.0 (Windows NT 10.0; Win64; x64)"
192.168.1.10 - - [29/May/2026:19:22:55 +0000] "POST /api/search HTTP/1.1" 401 4101 "https://example.com/api/search" "python-requests/2.28.0"
172.16.0.100 - - [29/May/2026:19:22:56 +0000] "POST /api/products HTTP/1.1" 302 3039 "https://example.com/api/products" "curl/7.84.0"
10.0.0.5 - - [29/May/2026:19:22:57 +0000] "POST /health HTTP/1.1" 200 6978 "https://example.com/health" "curl/7.84.0"
192.168.1.10 - - [29/May/2026:19:22:58 +0000] "DELETE /login HTTP/1.1" 503 9176 "https://example.com/login" "python-requests/2.28.0"
198.51.100.7 - - [29/May/2026:19:22:58 +0000] "PUT /login HTTP/1.1" 302 4354 "https://example.com/login" "curl/7.84.0"
192.168.1.10 - - [29/May/2026:19:22:58 +0000] "GET /api/search HTTP/1.1" 200 1314 "https://example.com/api/search" "python-requests/2.28.0"
203.0.113.42 - - [29/May/2026:19:22:59 +0000] "PUT /api/products HTTP/1.1" 200 8714 "https://example.com/api/products" "Mozilla/5.0 (Windows NT 10.0; Win64; x64)"
10.0.0.5 - - [29/May/2026:19:22:59 +0000] "PUT /static/app.js HTTP/1.1" 404 8905 "https://example.com/static/app.js" "Mozilla/5.0 (Windows NT 10.0; Win64; x64)"
10.0.0.5 - - [29/May/2026:19:23:00 +0000] "DELETE /favicon.ico HTTP/1.1" 404 5752 "https://example.com/favicon.ico" "python-requests/2.28.0"
203.0.113.42 - - [29/May/2026:19:23:00 +0000] "POST /api/products HTTP/1.1" 200 3281 "https://example.com/api/products" "Mozilla/5.0 (Macintosh; Intel Mac OS X 10_15_7)"
172.16.0.100 - - [29/May/2026:19:23:01 +0000] "POST /api/orders HTTP/1.1" 200 7077 "https://example.com/api/orders" "curl/7.84.0"
192.168.1.10 - - [29/May/2026:19:23:02 +0000] "PUT /api/products HTTP/1.1" 502 7326 "https://example.com/api/products" "Mozilla/5.0 (Windows NT 10.0; Win64; x64)"
198.51.100.7 - - [29/May/2026:19:23:02 +0000] "GET /api/users HTTP/1.1" 502 4690 "https://example.com/api/users" "Mozilla/5.0 (Macintosh; Intel Mac OS X 10_15_7)"
203.0.113.42 - - [29/May/2026:19:23:03 +0000] "PUT /health HTTP/1.1" 400 4817 "https://example.com/health" "python-requests/2.28.0"
10.0.0.5 - - [29/May/2026:19:23:03 +0000] "PUT /health HTTP/1.1" 200 4278 "https://example.com/health" "python-requests/2.28.0"
203.0.113.42 - - [29/May/2026:19:23:04 +0000] "POST /api/users HTTP/1.1" 503 9663 "https://example.com/api/users" "Mozilla/5.0 (Windows NT 10.0; Win64; x64)"
192.168.1.10 - - [29/May/2026:19:23:04 +0000] "GET /api/orders HTTP/1.1" 401 747 "https://example.com/api/orders" "curl/7.84.0"
172.16.0.100 - - [29/May/2026:19:23:05 +0000] "DELETE /api/users HTTP/1.1" 200 1547 "https://example.com/api/users" "curl/7.84.0"
203.0.113.42 - - [29/May/2026:19:23:05 +0000] "DELETE /static/app.js HTTP/1.1" 503 6182 "https://example.com/static/app.js" "python-requests/2.28.0"
203.0.113.42 - - [29/May/2026:19:23:06 +0000] "DELETE /favicon.ico HTTP/1.1" 302 4058 "https://example.com/favicon.ico" "Mozilla/5.0 (Windows NT 10.0; Win64; x64)"
203.0.113.42 - - [29/May/2026:19:23:06 +0000] "DELETE /api/search HTTP/1.1" 200 7977 "https://example.com/api/search" "python-requests/2.28.0"
203.0.113.42 - - [29/May/2026:19:23:06 +0000] "GET /login HTTP/1.1" 200 1637 "https://example.com/login" "curl/7.84.0"
10.0.0.5 - - [29/May/2026:19:23:07 +0000] "GET /api/users HTTP/1.1" 400 9522 "https://example.com/api/users" "Mozilla/5.0 (Macintosh; Intel Mac OS X 10_15_7)"
10.0.0.5 - - [29/May/2026:19:23:07 +0000] "POST /api/products HTTP/1.1" 200 9236 "https://example.com/api/products" "curl/7.84.0"
192.168.1.10 - - [29/May/2026:19:23:07 +0000] "DELETE /favicon.ico HTTP/1.1" 503 5030 "https://example.com/favicon.ico" "Mozilla/5.0 (Windows NT 10.0; Win64; x64)"
203.0.113.42 - - [29/May/2026:19:23:08 +0000] "GET /health HTTP/1.1" 403 3014 "https://example.com/health" "curl/7.84.0"
198.51.100.7 - - [29/May/2026:19:23:09 +0000] "POST /api/users HTTP/1.1" 503 6284 "https://example.com/api/users" "curl/7.84.0"
172.16.0.100 - - [29/May/2026:19:23:09 +0000] "DELETE /login HTTP/1.1" 403 8053 "https://example.com/login" "Mozilla/5.0 (Macintosh; Intel Mac OS X 10_15_7)"
198.51.100.7 - - [29/May/2026:19:23:10 +0000] "PUT /api/products HTTP/1.1" 404 2772 "https://example.com/api/products" "Mozilla/5.0 (Macintosh; Intel Mac OS X 10_15_7)"
203.0.113.42 - - [29/May/2026:19:23:10 +0000] "POST /favicon.ico HTTP/1.1" 302 5809 "https://example.com/favicon.ico" "Mozilla/5.0 (Macintosh; Intel Mac OS X 10_15_7)"
172.16.0.100 - - [29/May/2026:19:23:11 +0000] "POST /api/search HTTP/1.1" 301 5631 "https://example.com/api/search" "python-requests/2.28.0"
172.16.0.100 - - [29/May/2026:19:23:11 +0000] "GET /login HTTP/1.1" 500 4420 "https://example.com/login" "Mozilla/5.0 (Macintosh; Intel Mac OS X 10_15_7)"
172.16.0.100 - - [29/May/2026:19:23:12 +0000] "DELETE /api/users HTTP/1.1" 502 4079 "https://example.com/api/users" "python-requests/2.28.0"
198.51.100.7 - - [29/May/2026:19:23:13 +0000] "DELETE /static/app.js HTTP/1.1" 200 6272 "https://example.com/static/app.js" "python-requests/2.28.0"
198.51.100.7 - - [29/May/2026:19:23:13 +0000] "PUT /login HTTP/1.1" 404 3726 "https://example.com/login" "Mozilla/5.0 (Windows NT 10.0; Win64; x64)"
192.168.1.10 - - [29/May/2026:19:23:14 +0000] "GET /health HTTP/1.1" 200 9593 "https://example.com/health" "curl/7.84.0"
10.0.0.5 - - [29/May/2026:19:23:14 +0000] "GET /api/products HTTP/1.1" 200 6384 "https://example.com/api/products" "python-requests/2.28.0"
203.0.113.42 - - [29/May/2026:19:23:15 +0000] "DELETE /static/app.js HTTP/1.1" 503 4181 "https://example.com/static/app.js" "Mozilla/5.0 (Macintosh; Intel Mac OS X 10_15_7)"
192.168.1.10 - - [29/May/2026:19:23:15 +0000] "DELETE /api/search HTTP/1.1" 500 5801 "https://example.com/api/search" "Mozilla/5.0 (Macintosh; Intel Mac OS X 10_15_7)"
10.0.0.5 - - [29/May/2026:19:23:16 +0000] "DELETE /api/users HTTP/1.1" 401 8394 "https://example.com/api/users" "Mozilla/5.0 (Macintosh; Intel Mac OS X 10_15_7)"
192.168.1.10 - - [29/May/2026:19:23:16 +0000] "GET /api/search HTTP/1.1" 404 2687 "https://example.com/api/search" "Mozilla/5.0 (Windows NT 10.0; Win64; x64)"
198.51.100.7 - - [29/May/2026:19:23:17 +0000] "PUT /favicon.ico HTTP/1.1" 400 6787 "https://example.com/favicon.ico" "python-requests/2.28.0"
172.16.0.100 - - [29/May/2026:19:23:17 +0000] "GET /health HTTP/1.1" 404 5412 "https://example.com/health" "curl/7.84.0"
198.51.100.7 - - [29/May/2026:19:23:17 +0000] "GET /api/users HTTP/1.1" 301 8799 "https://example.com/api/users" "Mozilla/5.0 (Macintosh; Intel Mac OS X 10_15_7)"
10.0.0.5 - - [29/May/2026:19:23:17 +0000] "PUT /static/app.js HTTP/1.1" 400 2421 "https://example.com/static/app.js" "Mozilla/5.0 (Macintosh; Intel Mac OS X 10_15_7)"
10.0.0.5 - - [29/May/2026:19:23:18 +0000] "GET /api/users HTTP/1.1" 302 2104 "https://example.com/api/users" "python-requests/2.28.0"
198.51.100.7 - - [29/May/2026:19:23:18 +0000] "PUT /api/orders HTTP/1.1" 301 10091 "https://example.com/api/orders" "python-requests/2.28.0"
203.0.113.42 - - [29/May/2026:19:23:21 +0000] "POST /api/products HTTP/1.1" 200 5590 "https://example.com/api/products" "Mozilla/5.0 (Windows NT 10.0; Win64; x64)"
10.0.0.5 - - [29/May/2026:19:23:21 +0000] "DELETE /health HTTP/1.1" 301 8118 "https://example.com/health" "Mozilla/5.0 (Windows NT 10.0; Win64; x64)"
198.51.100.7 - - [29/May/2026:19:23:21 +0000] "DELETE /static/app.js HTTP/1.1" 403 7708 "https://example.com/static/app.js" "python-requests/2.28.0"
198.51.100.7 - - [29/May/2026:19:23:22 +0000] "GET /api/users HTTP/1.1" 200 8608 "https://example.com/api/users" "python-requests/2.28.0"
203.0.113.42 - - [29/May/2026:19:23:22 +0000] "DELETE /static/app.js HTTP/1.1" 404 7805 "https://example.com/static/app.js" "python-requests/2.28.0"
192.168.1.10 - - [29/May/2026:19:23:23 +0000] "DELETE /api/orders HTTP/1.1" 302 7262 "https://example.com/api/orders" "Mozilla/5.0 (Macintosh; Intel Mac OS X 10_15_7)"
203.0.113.42 - - [29/May/2026:19:23:24 +0000] "DELETE /static/app.js HTTP/1.1" 503 8277 "https://example.com/static/app.js" "python-requests/2.28.0"
172.16.0.100 - - [29/May/2026:19:23:24 +0000] "POST /api/orders HTTP/1.1" 200 2177 "https://example.com/api/orders" "python-requests/2.28.0"
198.51.100.7 - - [29/May/2026:19:23:24 +0000] "PUT /static/app.js HTTP/1.1" 200 5733 "https://example.com/static/app.js" "Mozilla/5.0 (Macintosh; Intel Mac OS X 10_15_7)"
198.51.100.7 - - [29/May/2026:19:23:25 +0000] "POST /api/users HTTP/1.1" 200 4880 "https://example.com/api/users" "Mozilla/5.0 (Macintosh; Intel Mac OS X 10_15_7)"
192.168.1.10 - - [29/May/2026:19:23:25 +0000] "POST /api/users HTTP/1.1" 502 2598 "https://example.com/api/users" "Mozilla/5.0 (Windows NT 10.0; Win64; x64)"
10.0.0.5 - - [29/May/2026:19:23:25 +0000] "GET /api/products HTTP/1.1" 404 8863 "https://example.com/api/products" "python-requests/2.28.0"
172.16.0.100 - - [29/May/2026:19:23:25 +0000] "POST /api/search HTTP/1.1" 200 5813 "https://example.com/api/search" "Mozilla/5.0 (Macintosh; Intel Mac OS X 10_15_7)"
10.0.0.5 - - [29/May/2026:19:23:26 +0000] "PUT /api/users HTTP/1.1" 404 8230 "https://example.com/api/users" "python-requests/2.28.0"
192.168.1.10 - - [29/May/2026:19:23:26 +0000] "PUT /health HTTP/1.1" 200 8602 "https://example.com/health" "curl/7.84.0"
192.168.1.10 - - [29/May/2026:19:23:26 +0000] "PUT /api/orders HTTP/1.1" 503 4883 "https://example.com/api/orders" "python-requests/2.28.0"
203.0.113.42 - - [29/May/2026:19:23:26 +0000] "PUT /health HTTP/1.1" 200 5354 "https://example.com/health" "curl/7.84.0"
10.0.0.5 - - [29/May/2026:19:23:27 +0000] "DELETE /favicon.ico HTTP/1.1" 200 1891 "https://example.com/favicon.ico" "curl/7.84.0"
172.16.0.100 - - [29/May/2026:19:23:27 +0000] "GET /static/app.js HTTP/1.1" 403 9778 "https://example.com/static/app.js" "Mozilla/5.0 (Windows NT 10.0; Win64; x64)"
203.0.113.42 - - [29/May/2026:19:23:28 +0000] "GET /api/orders HTTP/1.1" 502 4475 "https://example.com/api/orders" "python-requests/2.28.0"
192.168.1.10 - - [29/May/2026:19:23:28 +0000] "DELETE /favicon.ico HTTP/1.1" 404 1051 "https://example.com/favicon.ico" "python-requests/2.28.0"
192.168.1.10 - - [29/May/2026:19:23:28 +0000] "DELETE /favicon.ico HTTP/1.1" 200 9229 "https://example.com/favicon.ico" "Mozilla/5.0 (Windows NT 10.0; Win64; x64)"
192.168.1.10 - - [29/May/2026:19:23:29 +0000] "PUT /api/products HTTP/1.1" 404 8421 "https://example.com/api/products" "Mozilla/5.0 (Windows NT 10.0; Win64; x64)"
172.16.0.100 - - [29/May/2026:19:23:29 +0000] "PUT /favicon.ico HTTP/1.1" 502 10087 "https://example.com/favicon.ico" "Mozilla/5.0 (Macintosh; Intel Mac OS X 10_15_7)"
10.0.0.5 - - [29/May/2026:19:23:30 +0000] "POST /login HTTP/1.1" 301 4553 "https://example.com/login" "Mozilla/5.0 (Macintosh; Intel Mac OS X 10_15_7)"
172.16.0.100 - - [29/May/2026:19:23:30 +0000] "PUT /static/app.js HTTP/1.1" 302 1668 "https://example.com/static/app.js" "Mozilla/5.0 (Windows NT 10.0; Win64; x64)"
203.0.113.42 - - [29/May/2026:19:23:31 +0000] "GET /static/app.js HTTP/1.1" 200 1840 "https://example.com/static/app.js" "curl/7.84.0"
192.168.1.10 - - [29/May/2026:19:23:32 +0000] "DELETE /api/search HTTP/1.1" 200 3635 "https://example.com/api/search" "curl/7.84.0"
10.0.0.5 - - [29/May/2026:19:23:32 +0000] "PUT /health HTTP/1.1" 400 4804 "https://example.com/health" "curl/7.84.0"
172.16.0.100 - - [29/May/2026:19:23:33 +0000] "PUT /static/app.js HTTP/1.1" 200 9880 "https://example.com/static/app.js" "python-requests/2.28.0"
10.0.0.5 - - [29/May/2026:19:23:33 +0000] "POST /health HTTP/1.1" 502 5146 "https://example.com/health" "Mozilla/5.0 (Macintosh; Intel Mac OS X 10_15_7)"
172.16.0.100 - - [29/May/2026:19:23:34 +0000] "GET /login HTTP/1.1" 403 1887 "https://example.com/login" "curl/7.84.0"
198.51.100.7 - - [29/May/2026:19:23:34 +0000] "DELETE /login HTTP/1.1" 200 2597 "https://example.com/login" "Mozilla/5.0 (Macintosh; Intel Mac OS X 10_15_7)"
203.0.113.42 - - [29/May/2026:19:23:35 +0000] "POST /favicon.ico HTTP/1.1" 301 6587 "https://example.com/favicon.ico" "python-requests/2.28.0"
198.51.100.7 - - [29/May/2026:19:23:35 +0000] "PUT /static/app.js HTTP/1.1" 401 1436 "https://example.com/static/app.js" "curl/7.84.0"
198.51.100.7 - - [29/May/2026:19:23:35 +0000] "DELETE /api/orders HTTP/1.1" 200 2673 "https://example.com/api/orders" "curl/7.84.0"
198.51.100.7 - - [29/May/2026:19:23:36 +0000] "GET /api/orders HTTP/1.1" 302 678 "https://example.com/api/orders" "python-requests/2.28.0"
198.51.100.7 - - [29/May/2026:19:23:36 +0000] "DELETE /static/app.js HTTP/1.1" 404 3762 "https://example.com/static/app.js" "curl/7.84.0"
172.16.0.100 - - [29/May/2026:19:23:37 +0000] "PUT /api/users HTTP/1.1" 503 761 "https://example.com/api/users" "Mozilla/5.0 (Macintosh; Intel Mac OS X 10_15_7)"
198.51.100.7 - - [29/May/2026:19:23:37 +0000] "DELETE /favicon.ico HTTP/1.1" 200 8023 "https://example.com/favicon.ico" "Mozilla/5.0 (Windows NT 10.0; Win64; x64)"
198.51.100.7 - - [29/May/2026:19:23:37 +0000] "POST /static/app.js HTTP/1.1" 200 7495 "https://example.com/static/app.js" "Mozilla/5.0 (Windows NT 10.0; Win64; x64)"
192.168.1.10 - - [29/May/2026:19:23:38 +0000] "PUT /api/users HTTP/1.1" 403 2095 "https://example.com/api/users" "Mozilla/5.0 (Macintosh; Intel Mac OS X 10_15_7)"
203.0.113.42 - - [29/May/2026:19:23:38 +0000] "PUT /login HTTP/1.1" 404 6592 "https://example.com/login" "Mozilla/5.0 (Windows NT 10.0; Win64; x64)"
172.16.0.100 - - [29/May/2026:19:23:39 +0000] "POST /health HTTP/1.1" 500 5884 "https://example.com/health" "Mozilla/5.0 (Windows NT 10.0; Win64; x64)"
10.0.0.5 - - [29/May/2026:19:23:39 +0000] "POST /api/users HTTP/1.1" 200 681 "https://example.com/api/users" "curl/7.84.0"
198.51.100.7 - - [29/May/2026:19:23:40 +0000] "PUT /health HTTP/1.1" 200 5486 "https://example.com/health" "Mozilla/5.0 (Windows NT 10.0; Win64; x64)"
10.0.0.5 - - [29/May/2026:19:23:40 +0000] "PUT /static/app.js HTTP/1.1" 302 2198 "https://example.com/static/app.js" "python-requests/2.28.0"
172.16.0.100 - - [29/May/2026:19:23:40 +0000] "DELETE /health HTTP/1.1" 404 8002 "https://example.com/health" "python-requests/2.28.0"
10.0.0.5 - - [29/May/2026:19:23:41 +0000] "PUT /favicon.ico HTTP/1.1" 403 6835 "https://example.com/favicon.ico" "Mozilla/5.0 (Windows NT 10.0; Win64; x64)"
10.0.0.5 - - [29/May/2026:19:23:41 +0000] "GET /api/users HTTP/1.1" 302 8811 "https://example.com/api/users" "Mozilla/5.0 (Macintosh; Intel Mac OS X 10_15_7)"
10.0.0.5 - - [29/May/2026:19:23:42 +0000] "DELETE /favicon.ico HTTP/1.1" 503 9087 "https://example.com/favicon.ico" "curl/7.84.0"
192.168.1.10 - - [29/May/2026:19:23:42 +0000] "PUT /login HTTP/1.1" 302 8165 "https://example.com/login" "Mozilla/5.0 (Windows NT 10.0; Win64; x64)"
198.51.100.7 - - [29/May/2026:19:23:42 +0000] "PUT /login HTTP/1.1" 401 3563 "https://example.com/login" "Mozilla/5.0 (Macintosh; Intel Mac OS X 10_15_7)"
203.0.113.42 - - [29/May/2026:19:23:43 +0000] "POST /static/app.js HTTP/1.1" 200 1225 "https://example.com/static/app.js" "curl/7.84.0"
203.0.113.42 - - [29/May/2026:19:23:43 +0000] "DELETE /health HTTP/1.1" 403 4542 "https://example.com/health" "curl/7.84.0"
198.51.100.7 - - [29/May/2026:19:23:44 +0000] "DELETE /api/search HTTP/1.1" 200 1098 "https://example.com/api/search" "Mozilla/5.0 (Windows NT 10.0; Win64; x64)"
10.0.0.5 - - [29/May/2026:19:23:44 +0000] "POST /api/orders HTTP/1.1" 400 4538 "https://example.com/api/orders" "curl/7.84.0"
10.0.0.5 - - [29/May/2026:19:23:44 +0000] "GET /health HTTP/1.1" 200 3458 "https://example.com/health" "Mozilla/5.0 (Windows NT 10.0; Win64; x64)"
172.16.0.100 - - [29/May/2026:19:23:46 +0000] "PUT /static/app.js HTTP/1.1" 302 7261 "https://example.com/static/app.js" "curl/7.84.0"
10.0.0.5 - - [29/May/2026:19:23:46 +0000] "POST /static/app.js HTTP/1.1" 200 8965 "https://example.com/static/app.js" "python-requests/2.28.0"
172.16.0.100 - - [29/May/2026:19:23:46 +0000] "DELETE /api/users HTTP/1.1" 200 1591 "https://example.com/api/users" "Mozilla/5.0 (Macintosh; Intel Mac OS X 10_15_7)"
10.0.0.5 - - [29/May/2026:19:23:46 +0000] "PUT /health HTTP/1.1" 502 6588 "https://example.com/health" "Mozilla/5.0 (Macintosh; Intel Mac OS X 10_15_7)"
198.51.100.7 - - [29/May/2026:19:23:47 +0000] "POST /favicon.ico HTTP/1.1" 403 1303 "https://example.com/favicon.ico" "curl/7.84.0"
192.168.1.10 - - [29/May/2026:19:23:47 +0000] "POST /api/products HTTP/1.1" 502 2826 "https://example.com/api/products" "Mozilla/5.0 (Macintosh; Intel Mac OS X 10_15_7)"
