10.0.0.5 - - [29/May/2026:19:26:16 +0000] "POST /health HTTP/1.1" 500 5682 "https://example.com/health" "python-requests/2.28.0"
192.168.1.10 - - [29/May/2026:19:26:17 +0000] "GET /api/search HTTP/1.1" 401 9396 "https://example.com/api/search" "python-requests/2.28.0"
198.51.100.7 - - [29/May/2026:19:26:17 +0000] "PUT /login HTTP/1.1" 503 2401 "https://example.com/login" "Mozilla/5.0 (Windows NT 10.0; Win64; x64)"
203.0.113.42 - - [29/May/2026:19:26:17 +0000] "POST /api/users HTTP/1.1" 403 133 "https://example.com/api/users" "python-requests/2.28.0"
198.51.100.7 - - [29/May/2026:19:26:17 +0000] "DELETE /login HTTP/1.1" 200 423 "https://example.com/login" "curl/7.84.0"
192.168.1.10 - - [29/May/2026:19:26:18 +0000] "POST /login HTTP/1.1" 401 6796 "https://example.com/login" "Mozilla/5.0 (Macintosh; Intel Mac OS X 10_15_7)"
203.0.113.42 - - [29/May/2026:19:26:18 +0000] "GET /api/search HTTP/1.1" 404 7897 "https://example.com/api/search" "curl/7.84.0"
192.168.1.10 - - [29/May/2026:19:26:19 +0000] "GET /static/app.js HTTP/1.1" 502 4668 "https://example.com/static/app.js" "curl/7.84.0"
203.0.113.42 - - [29/May/2026:19:26:19 +0000] "GET /login HTTP/1.1" 200 9289 "https://example.com/login" "Mozilla/5.0 (Windows NT 10.0; Win64; x64)"
192.168.1.10 - - [29/May/2026:19:26:19 +0000] "DELETE /login HTTP/1.1" 200 7068 "https://example.com/login" "Mozilla/5.0 (Macintosh; Intel Mac OS X 10_15_7)"
172.16.0.100 - - [29/May/2026:19:26:19 +0000] "POST /login HTTP/1.1" 503 407 "https://example.com/login" "python-requests/2.28.0"
198.51.100.7 - - [29/May/2026:19:26:20 +0000] "POST /api/orders HTTP/1.1" 301 4907 "https://example.com/api/orders" "python-requests/2.28.0"
172.16.0.100 - - [29/May/2026:19:26:20 +0000] "DELETE /api/search HTTP/1.1" 404 4266 "https://example.com/api/search" "Mozilla/5.0 (Windows NT 10.0; Win64; x64)"
198.51.100.7 - - [29/May/2026:19:26:20 +0000] "POST /api/orders HTTP/1.1" 200 1841 "https://example.com/api/orders" "Mozilla/5.0 (Windows NT 10.0; Win64; x64)"
172.16.0.100 - - [29/May/2026:19:26:21 +0000] "POST /api/orders HTTP/1.1" 404 8487 "https://example.com/api/orders" "Mozilla/5.0 (Macintosh; Intel Mac OS X 10_15_7)"
172.16.0.100 - - [29/May/2026:19:26:21 +0000] "PUT /static/app.js HTTP/1.1" 401 8136 "https://example.com/static/app.js" "python-requests/2.28.0"
10.0.0.5 - - [29/May/2026:19:26:22 +0000] "PUT /health HTTP/1.1" 503 2801 "https://example.com/health" "curl/7.84.0"
172.16.0.100 - - [29/May/2026:19:26:22 +0000] "PUT /api/orders HTTP/1.1" 200 7792 "https://example.com/api/orders" "Mozilla/5.0 (Windows NT 10.0; Win64; x64)"
192.168.1.10 - - [29/May/2026:19:26:23 +0000] "POST /api/products HTTP/1.1" 500 137 "https://example.com/api/products" "Mozilla/5.0 (Windows NT 10.0; Win64; x64)"
198.51.100.7 - - [29/May/2026:19:26:23 +0000] "DELETE /api/search HTTP/1.1" 400 6921 "https://example.com/api/search" "curl/7.84.0"
192.168.1.10 - - [29/May/2026:19:26:23 +0000] "POST /static/app.js HTTP/1.1" 200 2762 "https://example.com/static/app.js" "curl/7.84.0"
192.168.1.10 - - [29/May/2026:19:26:24 +0000] "GET /login HTTP/1.1" 200 3142 "https://example.com/login" "Mozilla/5.0 (Macintosh; Intel Mac OS X 10_15_7)"
192.168.1.10 - - [29/May/2026:19:26:25 +0000] "PUT /static/app.js HTTP/1.1" 401 1424 "https://example.com/static/app.js" "Mozilla/5.0 (Windows NT 10.0; Win64; x64)"
192.168.1.10 - - [29/May/2026:19:26:25 +0000] "GET /api/products HTTP/1.1" 500 7237 "https://example.com/api/products" "python-requests/2.28.0"
203.0.113.42 - - [29/May/2026:19:26:26 +0000] "GET /api/search HTTP/1.1" 200 5000 "https://example.com/api/search" "python-requests/2.28.0"
10.0.0.5 - - [29/May/2026:19:26:26 +0000] "POST /api/users HTTP/1.1" 200 2187 "https://example.com/api/users" "curl/7.84.0"
192.168.1.10 - - [29/May/2026:19:26:27 +0000] "GET /login HTTP/1.1" 200 729 "https://example.com/login" "Mozilla/5.0 (Macintosh; Intel Mac OS X 10_15_7)"
203.0.113.42 - - [29/May/2026:19:26:27 +0000] "GET /api/products HTTP/1.1" 404 3714 "https://example.com/api/products" "Mozilla/5.0 (Macintosh; Intel Mac OS X 10_15_7)"
198.51.100.7 - - [29/May/2026:19:26:28 +0000] "PUT /login HTTP/1.1" 401 2282 "https://example.com/login" "Mozilla/5.0 (Windows NT 10.0; Win64; x64)"
10.0.0.5 - - [29/May/2026:19:26:28 +0000] "GET /api/products HTTP/1.1" 302 4502 "https://example.com/api/products" "curl/7.84.0"
172.16.0.100 - - [29/May/2026:19:26:29 +0000] "POST /login HTTP/1.1" 301 7656 "https://example.com/login" "Mozilla/5.0 (Windows NT 10.0; Win64; x64)"
203.0.113.42 - - [29/May/2026:19:26:29 +0000] "PUT /static/app.js HTTP/1.1" 200 7477 "https://example.com/static/app.js" "Mozilla/5.0 (Windows NT 10.0; Win64; x64)"
10.0.0.5 - - [29/May/2026:19:26:30 +0000] "POST /api/search HTTP/1.1" 400 3295 "https://example.com/api/search" "curl/7.84.0"
198.51.100.7 - - [29/May/2026:19:26:30 +0000] "POST /api/users HTTP/1.1" 200 4621 "https://example.com/api/users" "Mozilla/5.0 (Windows NT 10.0; Win64; x64)"
192.168.1.10 - - [29/May/2026:19:26:31 +0000] "POST /api/search HTTP/1.1" 503 285 "https://example.com/api/search" "curl/7.84.0"
10.0.0.5 - - [29/May/2026:19:26:31 +0000] "DELETE /api/search HTTP/1.1" 404 3022 "https://example.com/api/search" "Mozilla/5.0 (Windows NT 10.0; Win64; x64)"
10.0.0.5 - - [29/May/2026:19:26:31 +0000] "DELETE /health HTTP/1.1" 403 4574 "https://example.com/health" "python-requests/2.28.0"
10.0.0.5 - - [29/May/2026:19:26:32 +0000] "POST /health HTTP/1.1" 200 380 "https://example.com/health" "python-requests/2.28.0"
172.16.0.100 - - [29/May/2026:19:26:32 +0000] "POST /favicon.ico HTTP/1.1" 502 7298 "https://example.com/favicon.ico" "python-requests/2.28.0"
10.0.0.5 - - [29/May/2026:19:26:33 +0000] "PUT /api/orders HTTP/1.1" 503 8250 "https://example.com/api/orders" "Mozilla/5.0 (Macintosh; Intel Mac OS X 10_15_7)"
198.51.100.7 - - [29/May/2026:19:26:33 +0000] "GET /login HTTP/1.1" 401 7904 "https://example.com/login" "Mozilla/5.0 (Macintosh; Intel Mac OS X 10_15_7)"
10.0.0.5 - - [29/May/2026:19:26:33 +0000] "POST /api/search HTTP/1.1" 200 709 "https://example.com/api/search" "python-requests/2.28.0"
172.16.0.100 - - [29/May/2026:19:26:34 +0000] "POST /api/products HTTP/1.1" 503 4815 "https://example.com/api/products" "curl/7.84.0"
203.0.113.42 - - [29/May/2026:19:26:34 +0000] "GET /api/users HTTP/1.1" 502 8405 "https://example.com/api/users" "Mozilla/5.0 (Windows NT 10.0; Win64; x64)"
198.51.100.7 - - [29/May/2026:19:26:35 +0000] "POST /api/users HTTP/1.1" 302 4473 "https://example.com/api/users" "Mozilla/5.0 (Windows NT 10.0; Win64; x64)"
172.16.0.100 - - [29/May/2026:19:26:35 +0000] "GET /favicon.ico HTTP/1.1" 200 2423 "https://example.com/favicon.ico" "Mozilla/5.0 (Macintosh; Intel Mac OS X 10_15_7)"
192.168.1.10 - - [29/May/2026:19:26:36 +0000] "GET /api/orders HTTP/1.1" 200 6720 "https://example.com/api/orders" "python-requests/2.28.0"
10.0.0.5 - - [29/May/2026:19:26:36 +0000] "POST /api/orders HTTP/1.1" 302 6215 "https://example.com/api/orders" "Mozilla/5.0 (Windows NT 10.0; Win64; x64)"
198.51.100.7 - - [29/May/2026:19:26:37 +0000] "POST /api/users HTTP/1.1" 400 2071 "https://example.com/api/users" "Mozilla/5.0 (Windows NT 10.0; Win64; x64)"
172.16.0.100 - - [29/May/2026:19:26:37 +0000] "DELETE /api/products HTTP/1.1" 200 1482 "https://example.com/api/products" "curl/7.84.0"
10.0.0.5 - - [29/May/2026:19:26:50 +0000] "PUT /health HTTP/1.1" 301 4517 "https://example.com/health" "Mozilla/5.0 (Macintosh; Intel Mac OS X 10_15_7)"
198.51.100.7 - - [29/May/2026:19:26:51 +0000] "DELETE /api/products HTTP/1.1" 200 3246 "https://example.com/api/products" "Mozilla/5.0 (Windows NT 10.0; Win64; x64)"
192.168.1.10 - - [29/May/2026:19:26:51 +0000] "PUT /api/orders HTTP/1.1" 401 6039 "https://example.com/api/orders" "curl/7.84.0"
203.0.113.42 - - [29/May/2026:19:26:51 +0000] "DELETE /api/search HTTP/1.1" 500 5235 "https://example.com/api/search" "Mozilla/5.0 (Macintosh; Intel Mac OS X 10_15_7)"
10.0.0.5 - - [29/May/2026:19:26:51 +0000] "POST /static/app.js HTTP/1.1" 200 5165 "https://example.com/static/app.js" "Mozilla/5.0 (Windows NT 10.0; Win64; x64)"
192.168.1.10 - - [29/May/2026:19:26:52 +0000] "PUT /favicon.ico HTTP/1.1" 401 6842 "https://example.com/favicon.ico" "python-requests/2.28.0"
192.168.1.10 - - [29/May/2026:19:26:52 +0000] "PUT /api/products HTTP/1.1" 404 6194 "https://example.com/api/products" "Mozilla/5.0 (Macintosh; Intel Mac OS X 10_15_7)"
172.16.0.100 - - [29/May/2026:19:26:53 +0000] "PUT /api/products HTTP/1.1" 401 1816 "https://example.com/api/products" "Mozilla/5.0 (Windows NT 10.0; Win64; x64)"
203.0.113.42 - - [29/May/2026:19:26:53 +0000] "PUT /login HTTP/1.1" 302 9612 "https://example.com/login" "Mozilla/5.0 (Macintosh; Intel Mac OS X 10_15_7)"
203.0.113.42 - - [29/May/2026:19:26:54 +0000] "PUT /health HTTP/1.1" 401 7669 "https://example.com/health" "curl/7.84.0"
10.0.0.5 - - [29/May/2026:19:26:55 +0000] "POST /static/app.js HTTP/1.1" 301 5392 "https://example.com/static/app.js" "python-requests/2.28.0"
10.0.0.5 - - [29/May/2026:19:26:57 +0000] "DELETE /api/products HTTP/1.1" 302 8409 "https://example.com/api/products" "curl/7.84.0"
198.51.100.7 - - [29/May/2026:19:26:57 +0000] "PUT /favicon.ico HTTP/1.1" 200 7351 "https://example.com/favicon.ico" "python-requests/2.28.0"
172.16.0.100 - - [29/May/2026:19:26:58 +0000] "GET /favicon.ico HTTP/1.1" 403 8391 "https://example.com/favicon.ico" "curl/7.84.0"
172.16.0.100 - - [29/May/2026:19:26:58 +0000] "GET /login HTTP/1.1" 401 9050 "https://example.com/login" "Mozilla/5.0 (Windows NT 10.0; Win64; x64)"
10.0.0.5 - - [29/May/2026:19:26:59 +0000] "PUT /api/orders HTTP/1.1" 200 663 "https://example.com/api/orders" "Mozilla/5.0 (Windows NT 10.0; Win64; x64)"
198.51.100.7 - - [29/May/2026:19:26:59 +0000] "POST /api/users HTTP/1.1" 200 3427 "https://example.com/api/users" "curl/7.84.0"
10.0.0.5 - - [29/May/2026:19:27:00 +0000] "DELETE /api/search HTTP/1.1" 401 9946 "https://example.com/api/search" "Mozilla/5.0 (Macintosh; Intel Mac OS X 10_15_7)"
203.0.113.42 - - [29/May/2026:19:27:00 +0000] "DELETE /api/products HTTP/1.1" 404 8728 "https://example.com/api/products" "Mozilla/5.0 (Macintosh; Intel Mac OS X 10_15_7)"
198.51.100.7 - - [29/May/2026:19:27:01 +0000] "GET /health HTTP/1.1" 200 4967 "https://example.com/health" "Mozilla/5.0 (Windows NT 10.0; Win64; x64)"
203.0.113.42 - - [29/May/2026:19:27:01 +0000] "PUT /login HTTP/1.1" 403 5086 "https://example.com/login" "python-requests/2.28.0"
192.168.1.10 - - [29/May/2026:19:27:01 +0000] "PUT /api/users HTTP/1.1" 502 6104 "https://example.com/api/users" "Mozilla/5.0 (Macintosh; Intel Mac OS X 10_15_7)"
192.168.1.10 - - [29/May/2026:19:27:02 +0000] "POST /api/orders HTTP/1.1" 200 6183 "https://example.com/api/orders" "Mozilla/5.0 (Macintosh; Intel Mac OS X 10_15_7)"
198.51.100.7 - - [29/May/2026:19:27:02 +0000] "POST /api/search HTTP/1.1" 200 4134 "https://example.com/api/search" "Mozilla/5.0 (Macintosh; Intel Mac OS X 10_15_7)"
203.0.113.42 - - [29/May/2026:19:27:03 +0000] "DELETE /health HTTP/1.1" 401 1134 "https://example.com/health" "Mozilla/5.0 (Macintosh; Intel Mac OS X 10_15_7)"
203.0.113.42 - - [29/May/2026:19:27:04 +0000] "PUT /api/search HTTP/1.1" 200 8039 "https://example.com/api/search" "Mozilla/5.0 (Macintosh; Intel Mac OS X 10_15_7)"
203.0.113.42 - - [29/May/2026:19:27:04 +0000] "GET /api/search HTTP/1.1" 301 3614 "https://example.com/api/search" "curl/7.84.0"
203.0.113.42 - - [29/May/2026:19:27:04 +0000] "DELETE /api/users HTTP/1.1" 502 7466 "https://example.com/api/users" "curl/7.84.0"
172.16.0.100 - - [29/May/2026:19:27:05 +0000] "DELETE /api/search HTTP/1.1" 200 4926 "https://example.com/api/search" "Mozilla/5.0 (Macintosh; Intel Mac OS X 10_15_7)"
203.0.113.42 - - [29/May/2026:19:27:05 +0000] "PUT /favicon.ico HTTP/1.1" 403 8713 "https://example.com/favicon.ico" "Mozilla/5.0 (Macintosh; Intel Mac OS X 10_15_7)"
192.168.1.10 - - [29/May/2026:19:27:05 +0000] "PUT /login HTTP/1.1" 200 1491 "https://example.com/login" "Mozilla/5.0 (Macintosh; Intel Mac OS X 10_15_7)"
10.0.0.5 - - [29/May/2026:19:27:06 +0000] "PUT /api/search HTTP/1.1" 500 5017 "https://example.com/api/search" "python-requests/2.28.0"
10.0.0.5 - - [29/May/2026:19:27:06 +0000] "PUT /api/search HTTP/1.1" 404 4896 "https://example.com/api/search" "Mozilla/5.0 (Macintosh; Intel Mac OS X 10_15_7)"
192.168.1.10 - - [29/May/2026:19:27:06 +0000] "POST /api/search HTTP/1.1" 404 2367 "https://example.com/api/search" "curl/7.84.0"
172.16.0.100 - - [29/May/2026:19:27:07 +0000] "POST /login HTTP/1.1" 200 3670 "https://example.com/login" "curl/7.84.0"
198.51.100.7 - - [29/May/2026:19:27:08 +0000] "DELETE /api/orders HTTP/1.1" 200 9634 "https://example.com/api/orders" "curl/7.84.0"
172.16.0.100 - - [29/May/2026:19:27:08 +0000] "DELETE /api/users HTTP/1.1" 404 8050 "https://example.com/api/users" "Mozilla/5.0 (Windows NT 10.0; Win64; x64)"
192.168.1.10 - - [29/May/2026:19:27:08 +0000] "POST /api/search HTTP/1.1" 400 7508 "https://example.com/api/search" "python-requests/2.28.0"
192.168.1.10 - - [29/May/2026:19:27:09 +0000] "POST /api/search HTTP/1.1" 200 8503 "https://example.com/api/search" "Mozilla/5.0 (Macintosh; Intel Mac OS X 10_15_7)"
198.51.100.7 - - [29/May/2026:19:27:09 +0000] "GET /api/search HTTP/1.1" 500 7304 "https://example.com/api/search" "Mozilla/5.0 (Windows NT 10.0; Win64; x64)"
198.51.100.7 - - [29/May/2026:19:27:09 +0000] "POST /api/search HTTP/1.1" 302 7028 "https://example.com/api/search" "python-requests/2.28.0"
203.0.113.42 - - [29/May/2026:19:27:10 +0000] "DELETE /api/users HTTP/1.1" 404 8092 "https://example.com/api/users" "curl/7.84.0"
192.168.1.10 - - [29/May/2026:19:27:10 +0000] "PUT /favicon.ico HTTP/1.1" 200 2414 "https://example.com/favicon.ico" "Mozilla/5.0 (Macintosh; Intel Mac OS X 10_15_7)"
192.168.1.10 - - [29/May/2026:19:27:11 +0000] "POST /api/search HTTP/1.1" 401 541 "https://example.com/api/search" "Mozilla/5.0 (Macintosh; Intel Mac OS X 10_15_7)"
198.51.100.7 - - [29/May/2026:19:27:12 +0000] "GET /api/search HTTP/1.1" 403 7245 "https://example.com/api/search" "curl/7.84.0"
192.168.1.10 - - [29/May/2026:19:27:12 +0000] "DELETE /api/search HTTP/1.1" 200 8593 "https://example.com/api/search" "curl/7.84.0"
192.168.1.10 - - [29/May/2026:19:27:13 +0000] "PUT /favicon.ico HTTP/1.1" 200 8894 "https://example.com/favicon.ico" "python-requests/2.28.0"
203.0.113.42 - - [29/May/2026:19:27:13 +0000] "POST /api/orders HTTP/1.1" 401 5237 "https://example.com/api/orders" "Mozilla/5.0 (Macintosh; Intel Mac OS X 10_15_7)"
198.51.100.7 - - [29/May/2026:19:27:14 +0000] "PUT /api/search HTTP/1.1" 404 8827 "https://example.com/api/search" "Mozilla/5.0 (Windows NT 10.0; Win64; x64)"
203.0.113.42 - - [29/May/2026:19:27:14 +0000] "POST /static/app.js HTTP/1.1" 302 8948 "https://example.com/static/app.js" "Mozilla/5.0 (Macintosh; Intel Mac OS X 10_15_7)"
192.168.1.10 - - [29/May/2026:19:27:14 +0000] "PUT /login HTTP/1.1" 200 8155 "https://example.com/login" "curl/7.84.0"
198.51.100.7 - - [29/May/2026:19:27:15 +0000] "POST /api/search HTTP/1.1" 503 4855 "https://example.com/api/search" "python-requests/2.28.0"
172.16.0.100 - - [29/May/2026:19:27:16 +0000] "PUT /login HTTP/1.1" 502 9231 "https://example.com/login" "Mozilla/5.0 (Macintosh; Intel Mac OS X 10_15_7)"
172.16.0.100 - - [29/May/2026:19:27:16 +0000] "POST /api/search HTTP/1.1" 400 704 "https://example.com/api/search" "python-requests/2.28.0"
198.51.100.7 - - [29/May/2026:19:27:17 +0000] "DELETE /static/app.js HTTP/1.1" 200 850 "https://example.com/static/app.js" "python-requests/2.28.0"
192.168.1.10 - - [29/May/2026:19:27:17 +0000] "GET /api/users HTTP/1.1" 502 5628 "https://example.com/api/users" "Mozilla/5.0 (Windows NT 10.0; Win64; x64)"
203.0.113.42 - - [29/May/2026:19:27:18 +0000] "GET /login HTTP/1.1" 200 6401 "https://example.com/login" "python-requests/2.28.0"
10.0.0.5 - - [29/May/2026:19:27:18 +0000] "PUT /api/users HTTP/1.1" 200 6846 "https://example.com/api/users" "Mozilla/5.0 (Windows NT 10.0; Win64; x64)"
203.0.113.42 - - [29/May/2026:19:27:18 +0000] "POST /api/search HTTP/1.1" 200 9890 "https://example.com/api/search" "Mozilla/5.0 (Macintosh; Intel Mac OS X 10_15_7)"
203.0.113.42 - - [29/May/2026:19:27:19 +0000] "PUT /api/orders HTTP/1.1" 404 5317 "https://example.com/api/orders" "Mozilla/5.0 (Macintosh; Intel Mac OS X 10_15_7)"
203.0.113.42 - - [29/May/2026:19:27:19 +0000] "GET /api/products HTTP/1.1" 500 4117 "https://example.com/api/products" "Mozilla/5.0 (Macintosh; Intel Mac OS X 10_15_7)"
10.0.0.5 - - [29/May/2026:19:27:20 +0000] "DELETE /login HTTP/1.1" 200 5175 "https://example.com/login" "curl/7.84.0"
192.168.1.10 - - [29/May/2026:19:27:20 +0000] "POST /static/app.js HTTP/1.1" 200 7135 "https://example.com/static/app.js" "Mozilla/5.0 (Macintosh; Intel Mac OS X 10_15_7)"
10.0.0.5 - - [29/May/2026:19:27:21 +0000] "DELETE /static/app.js HTTP/1.1" 500 8058 "https://example.com/static/app.js" "python-requests/2.28.0"
172.16.0.100 - - [29/May/2026:19:27:21 +0000] "POST /login HTTP/1.1" 401 1105 "https://example.com/login" "Mozilla/5.0 (Windows NT 10.0; Win64; x64)"
198.51.100.7 - - [29/May/2026:19:27:22 +0000] "POST /api/users HTTP/1.1" 403 2737 "https://example.com/api/users" "curl/7.84.0"
172.16.0.100 - - [29/May/2026:19:27:22 +0000] "PUT /api/products HTTP/1.1" 503 1669 "https://example.com/api/products" "python-requests/2.28.0"
10.0.0.5 - - [29/May/2026:19:27:23 +0000] "PUT /static/app.js HTTP/1.1" 200 9990 "https://example.com/static/app.js" "Mozilla/5.0 (Windows NT 10.0; Win64; x64)"
192.168.1.10 - - [29/May/2026:19:27:23 +0000] "PUT /api/products HTTP/1.1" 404 677 "https://example.com/api/products" "Mozilla/5.0 (Macintosh; Intel Mac OS X 10_15_7)"
198.51.100.7 - - [29/May/2026:19:27:23 +0000] "PUT /api/products HTTP/1.1" 200 4190 "https://example.com/api/products" "Mozilla/5.0 (Macintosh; Intel Mac OS X 10_15_7)"
198.51.100.7 - - [29/May/2026:19:27:24 +0000] "GET /static/app.js HTTP/1.1" 200 6911 "https://example.com/static/app.js" "curl/7.84.0"
10.0.0.5 - - [29/May/2026:19:27:24 +0000] "GET /api/products HTTP/1.1" 200 4547 "https://example.com/api/products" "Mozilla/5.0 (Windows NT 10.0; Win64; x64)"
198.51.100.7 - - [29/May/2026:19:27:24 +0000] "PUT /health HTTP/1.1" 401 5025 "https://example.com/health" "python-requests/2.28.0"
172.16.0.100 - - [29/May/2026:19:27:25 +0000] "GET /login HTTP/1.1" 200 2543 "https://example.com/login" "Mozilla/5.0 (Windows NT 10.0; Win64; x64)"
198.51.100.7 - - [29/May/2026:19:27:26 +0000] "GET /api/users HTTP/1.1" 200 2607 "https://example.com/api/users" "curl/7.84.0"
198.51.100.7 - - [29/May/2026:19:27:26 +0000] "GET /favicon.ico HTTP/1.1" 403 782 "https://example.com/favicon.ico" "python-requests/2.28.0"
172.16.0.100 - - [29/May/2026:19:27:27 +0000] "DELETE /login HTTP/1.1" 502 5609 "https://example.com/login" "curl/7.84.0"
203.0.113.42 - - [29/May/2026:19:27:27 +0000] "POST /api/users HTTP/1.1" 403 9941 "https://example.com/api/users" "Mozilla/5.0 (Windows NT 10.0; Win64; x64)"
192.168.1.10 - - [29/May/2026:19:27:27 +0000] "DELETE /api/orders HTTP/1.1" 200 461 "https://example.com/api/orders" "python-requests/2.28.0"
10.0.0.5 - - [29/May/2026:19:27:28 +0000] "GET /api/users HTTP/1.1" 200 3845 "https://example.com/api/users" "Mozilla/5.0 (Windows NT 10.0; Win64; x64)"
198.51.100.7 - - [29/May/2026:19:27:28 +0000] "DELETE /api/products HTTP/1.1" 404 7504 "https://example.com/api/products" "Mozilla/5.0 (Windows NT 10.0; Win64; x64)"
192.168.1.10 - - [29/May/2026:19:27:29 +0000] "POST /api/users HTTP/1.1" 200 2040 "https://example.com/api/users" "curl/7.84.0"
172.16.0.100 - - [29/May/2026:19:27:29 +0000] "DELETE /favicon.ico HTTP/1.1" 404 2276 "https://example.com/favicon.ico" "Mozilla/5.0 (Macintosh; Intel Mac OS X 10_15_7)"
192.168.1.10 - - [29/May/2026:19:27:29 +0000] "POST /api/users HTTP/1.1" 400 1946 "https://example.com/api/users" "python-requests/2.28.0"
198.51.100.7 - - [29/May/2026:19:27:30 +0000] "DELETE /api/search HTTP/1.1" 400 4360 "https://example.com/api/search" "Mozilla/5.0 (Macintosh; Intel Mac OS X 10_15_7)"
172.16.0.100 - - [29/May/2026:19:27:30 +0000] "POST /api/users HTTP/1.1" 404 3000 "https://example.com/api/users" "python-requests/2.28.0"
203.0.113.42 - - [29/May/2026:19:27:31 +0000] "DELETE /api/users HTTP/1.1" 200 8140 "https://example.com/api/users" "curl/7.84.0"
10.0.0.5 - - [29/May/2026:19:27:31 +0000] "GET /health HTTP/1.1" 403 5293 "https://example.com/health" "python-requests/2.28.0"
203.0.113.42 - - [29/May/2026:19:27:32 +0000] "DELETE /static/app.js HTTP/1.1" 200 6083 "https://example.com/static/app.js" "Mozilla/5.0 (Windows NT 10.0; Win64; x64)"
192.168.1.10 - - [29/May/2026:19:27:32 +0000] "GET /api/search HTTP/1.1" 401 10083 "https://example.com/api/search" "python-requests/2.28.0"
203.0.113.42 - - [29/May/2026:19:27:33 +0000] "GET /health HTTP/1.1" 404 7391 "https://example.com/health" "Mozilla/5.0 (Macintosh; Intel Mac OS X 10_15_7)"
203.0.113.42 - - [29/May/2026:19:27:33 +0000] "POST /static/app.js HTTP/1.1" 401 10010 "https://example.com/static/app.js" "python-requests/2.28.0"
203.0.113.42 - - [29/May/2026:19:27:33 +0000] "GET /favicon.ico HTTP/1.1" 404 4807 "https://example.com/favicon.ico" "python-requests/2.28.0"
203.0.113.42 - - [29/May/2026:19:27:34 +0000] "DELETE /login HTTP/1.1" 200 4361 "https://example.com/login" "python-requests/2.28.0"
192.168.1.10 - - [29/May/2026:19:27:34 +0000] "DELETE /api/orders HTTP/1.1" 404 3906 "https://example.com/api/orders" "python-requests/2.28.0"
198.51.100.7 - - [29/May/2026:19:27:34 +0000] "DELETE /api/users HTTP/1.1" 301 3219 "https://example.com/api/users" "python-requests/2.28.0"
198.51.100.7 - - [29/May/2026:19:27:34 +0000] "PUT /api/users HTTP/1.1" 500 8707 "https://example.com/api/users" "python-requests/2.28.0"
10.0.0.5 - - [29/May/2026:19:27:35 +0000] "POST /favicon.ico HTTP/1.1" 200 1994 "https://example.com/favicon.ico" "curl/7.84.0"
172.16.0.100 - - [29/May/2026:19:27:35 +0000] "GET /api/products HTTP/1.1" 500 2024 "https://example.com/api/products" "Mozilla/5.0 (Windows NT 10.0; Win64; x64)"
10.0.0.5 - - [29/May/2026:19:27:35 +0000] "DELETE /login HTTP/1.1" 404 5627 "https://example.com/login" "python-requests/2.28.0"
172.16.0.100 - - [29/May/2026:19:27:36 +0000] "POST /login HTTP/1.1" 502 2583 "https://example.com/login" "Mozilla/5.0 (Windows NT 10.0; Win64; x64)"
192.168.1.10 - - [29/May/2026:19:27:36 +0000] "POST /api/products HTTP/1.1" 404 5998 "https://example.com/api/products" "Mozilla/5.0 (Macintosh; Intel Mac OS X 10_15_7)"
203.0.113.42 - - [29/May/2026:19:27:36 +0000] "DELETE /api/users HTTP/1.1" 302 1021 "https://example.com/api/users" "python-requests/2.28.0"
198.51.100.7 - - [29/May/2026:19:27:37 +0000] "DELETE /api/users HTTP/1.1" 200 1715 "https://example.com/api/users" "Mozilla/5.0 (Windows NT 10.0; Win64; x64)"
10.0.0.5 - - [29/May/2026:19:27:37 +0000] "POST /api/search HTTP/1.1" 200 689 "https://example.com/api/search" "Mozilla/5.0 (Windows NT 10.0; Win64; x64)"
198.51.100.7 - - [29/May/2026:19:27:37 +0000] "PUT /api/users HTTP/1.1" 404 3123 "https://example.com/api/users" "Mozilla/5.0 (Macintosh; Intel Mac OS X 10_15_7)"
198.51.100.7 - - [29/May/2026:19:27:39 +0000] "PUT /login HTTP/1.1" 500 4822 "https://example.com/login" "Mozilla/5.0 (Macintosh; Intel Mac OS X 10_15_7)"
192.168.1.10 - - [29/May/2026:19:27:39 +0000] "PUT /login HTTP/1.1" 404 7562 "https://example.com/login" "Mozilla/5.0 (Macintosh; Intel Mac OS X 10_15_7)"
10.0.0.5 - - [29/May/2026:19:27:39 +0000] "PUT /health HTTP/1.1" 200 1698 "https://example.com/health" "python-requests/2.28.0"
192.168.1.10 - - [29/May/2026:19:27:39 +0000] "GET /api/users HTTP/1.1" 200 7383 "https://example.com/api/users" "python-requests/2.28.0"
10.0.0.5 - - [29/May/2026:19:27:40 +0000] "DELETE /favicon.ico HTTP/1.1" 403 1778 "https://example.com/favicon.ico" "python-requests/2.28.0"
192.168.1.10 - - [29/May/2026:19:27:40 +0000] "POST /login HTTP/1.1" 200 8637 "https://example.com/login" "Mozilla/5.0 (Windows NT 10.0; Win64; x64)"
198.51.100.7 - - [29/May/2026:19:27:41 +0000] "DELETE /api/users HTTP/1.1" 200 5937 "https://example.com/api/users" "Mozilla/5.0 (Macintosh; Intel Mac OS X 10_15_7)"
192.168.1.10 - - [29/May/2026:19:27:42 +0000] "GET /api/products HTTP/1.1" 200 7176 "https://example.com/api/products" "Mozilla/5.0 (Windows NT 10.0; Win64; x64)"
10.0.0.5 - - [29/May/2026:19:27:43 +0000] "POST /api/products HTTP/1.1" 200 7797 "https://example.com/api/products" "curl/7.84.0"
10.0.0.5 - - [29/May/2026:19:27:44 +0000] "POST /api/users HTTP/1.1" 500 2887 "https://example.com/api/users" "Mozilla/5.0 (Windows NT 10.0; Win64; x64)"
10.0.0.5 - - [29/May/2026:19:27:44 +0000] "DELETE /api/orders HTTP/1.1" 302 8794 "https://example.com/api/orders" "python-requests/2.28.0"
172.16.0.100 - - [29/May/2026:19:27:44 +0000] "POST /health HTTP/1.1" 302 2866 "https://example.com/health" "Mozilla/5.0 (Macintosh; Intel Mac OS X 10_15_7)"
192.168.1.10 - - [29/May/2026:19:27:45 +0000] "DELETE /api/search HTTP/1.1" 403 7069 "https://example.com/api/search" "Mozilla/5.0 (Windows NT 10.0; Win64; x64)"
198.51.100.7 - - [29/May/2026:19:27:46 +0000] "GET /api/products HTTP/1.1" 503 6651 "https://example.com/api/products" "Mozilla/5.0 (Windows NT 10.0; Win64; x64)"
172.16.0.100 - - [29/May/2026:19:27:46 +0000] "POST /login HTTP/1.1" 200 336 "https://example.com/login" "python-requests/2.28.0"
198.51.100.7 - - [29/May/2026:19:27:46 +0000] "GET /api/search HTTP/1.1" 200 1810 "https://example.com/api/search" "python-requests/2.28.0"
10.0.0.5 - - [29/May/2026:19:27:47 +0000] "POST /health HTTP/1.1" 404 1608 "https://example.com/health" "python-requests/2.28.0"
10.0.0.5 - - [29/May/2026:19:27:47 +0000] "PUT /favicon.ico HTTP/1.1" 401 6137 "https://example.com/favicon.ico" "curl/7.84.0"
192.168.1.10 - - [29/May/2026:19:27:48 +0000] "PUT /api/search HTTP/1.1" 200 584 "https://example.com/api/search" "Mozilla/5.0 (Macintosh; Intel Mac OS X 10_15_7)"
198.51.100.7 - - [29/May/2026:19:27:48 +0000] "PUT /api/users HTTP/1.1" 200 8099 "https://example.com/api/users" "Mozilla/5.0 (Windows NT 10.0; Win64; x64)"
203.0.113.42 - - [29/May/2026:19:27:49 +0000] "GET /static/app.js HTTP/1.1" 302 2827 "https://example.com/static/app.js" "curl/7.84.0"
172.16.0.100 - - [29/May/2026:19:27:49 +0000] "PUT /favicon.ico HTTP/1.1" 403 9242 "https://example.com/favicon.ico" "python-requests/2.28.0"
203.0.113.42 - - [29/May/2026:19:27:49 +0000] "POST /favicon.ico HTTP/1.1" 200 4698 "https://example.com/favicon.ico" "Mozilla/5.0 (Windows NT 10.0; Win64; x64)"
203.0.113.42 - - [29/May/2026:19:27:49 +0000] "PUT /api/products HTTP/1.1" 200 704 "https://example.com/api/products" "Mozilla/5.0 (Macintosh; Intel Mac OS X 10_15_7)"
10.0.0.5 - - [29/May/2026:19:27:50 +0000] "POST /api/users HTTP/1.1" 200 6930 "https://example.com/api/users" "Mozilla/5.0 (Macintosh; Intel Mac OS X 10_15_7)"
172.16.0.100 - - [29/May/2026:19:27:50 +0000] "DELETE /api/products HTTP/1.1" 404 1772 "https://example.com/api/products" "Mozilla/5.0 (Macintosh; Intel Mac OS X 10_15_7)"
198.51.100.7 - - [29/May/2026:19:27:51 +0000] "PUT /api/search HTTP/1.1" 200 2186 "https://example.com/api/search" "Mozilla/5.0 (Windows NT 10.0; Win64; x64)"
10.0.0.5 - - [29/May/2026:19:27:51 +0000] "PUT /api/users HTTP/1.1" 403 3158 "https://example.com/api/users" "Mozilla/5.0 (Macintosh; Intel Mac OS X 10_15_7)"
203.0.113.42 - - [29/May/2026:19:27:51 +0000] "PUT /health HTTP/1.1" 200 2228 "https://example.com/health" "python-requests/2.28.0"
10.0.0.5 - - [29/May/2026:19:27:52 +0000] "POST /health HTTP/1.1" 500 5678 "https://example.com/health" "python-requests/2.28.0"
203.0.113.42 - - [29/May/2026:19:27:52 +0000] "DELETE /login HTTP/1.1" 502 1858 "https://example.com/login" "python-requests/2.28.0"
198.51.100.7 - - [29/May/2026:19:27:52 +0000] "POST /static/app.js HTTP/1.1" 401 4074 "https://example.com/static/app.js" "python-requests/2.28.0"
198.51.100.7 - - [29/May/2026:19:27:52 +0000] "GET /health HTTP/1.1" 500 4428 "https://example.com/health" "Mozilla/5.0 (Windows NT 10.0; Win64; x64)"
10.0.0.5 - - [29/May/2026:19:27:53 +0000] "PUT /login HTTP/1.1" 503 5862 "https://example.com/login" "Mozilla/5.0 (Windows NT 10.0; Win64; x64)"
198.51.100.7 - - [29/May/2026:19:27:54 +0000] "PUT /login HTTP/1.1" 404 1733 "https://example.com/login" "curl/7.84.0"
10.0.0.5 - - [29/May/2026:19:27:55 +0000] "PUT /api/orders HTTP/1.1" 200 2469 "https://example.com/api/orders" "python-requests/2.28.0"
192.168.1.10 - - [29/May/2026:19:27:55 +0000] "POST /api/users HTTP/1.1" 404 7159 "https://example.com/api/users" "Mozilla/5.0 (Windows NT 10.0; Win64; x64)"
172.16.0.100 - - [29/May/2026:19:27:55 +0000] "GET /static/app.js HTTP/1.1" 200 7301 "https://example.com/static/app.js" "Mozilla/5.0 (Macintosh; Intel Mac OS X 10_15_7)"
10.0.0.5 - - [29/May/2026:19:27:56 +0000] "DELETE /api/products HTTP/1.1" 301 1589 "https://example.com/api/products" "Mozilla/5.0 (Macintosh; Intel Mac OS X 10_15_7)"
10.0.0.5 - - [29/May/2026:19:27:56 +0000] "GET /favicon.ico HTTP/1.1" 403 6994 "https://example.com/favicon.ico" "python-requests/2.28.0"
198.51.100.7 - - [29/May/2026:19:27:56 +0000] "GET /api/users HTTP/1.1" 200 10089 "https://example.com/api/users" "python-requests/2.28.0"
192.168.1.10 - - [29/May/2026:19:27:56 +0000] "POST /api/orders HTTP/1.1" 400 3275 "https://example.com/api/orders" "curl/7.84.0"
172.16.0.100 - - [29/May/2026:19:27:57 +0000] "DELETE /health HTTP/1.1" 200 2270 "https://example.com/health" "Mozilla/5.0 (Windows NT 10.0; Win64; x64)"
192.168.1.10 - - [29/May/2026:19:27:57 +0000] "GET /health HTTP/1.1" 200 429 "https://example.com/health" "Mozilla/5.0 (Windows NT 10.0; Win64; x64)"
192.168.1.10 - - [29/May/2026:19:27:58 +0000] "GET /login HTTP/1.1" 200 8931 "https://example.com/login" "Mozilla/5.0 (Windows NT 10.0; Win64; x64)"
192.168.1.10 - - [29/May/2026:19:27:58 +0000] "DELETE /static/app.js HTTP/1.1" 500 4801 "https://example.com/static/app.js" "Mozilla/5.0 (Windows NT 10.0; Win64; x64)"
10.0.0.5 - - [29/May/2026:19:27:58 +0000] "GET /static/app.js HTTP/1.1" 502 3751 "https://example.com/static/app.js" "curl/7.84.0"
203.0.113.42 - - [29/May/2026:19:27:59 +0000] "DELETE /api/search HTTP/1.1" 200 818 "https://example.com/api/search" "Mozilla/5.0 (Windows NT 10.0; Win64; x64)"
10.0.0.5 - - [29/May/2026:19:27:59 +0000] "GET /static/app.js HTTP/1.1" 400 9286 "https://example.com/static/app.js" "Mozilla/5.0 (Windows NT 10.0; Win64; x64)"
203.0.113.42 - - [29/May/2026:19:28:00 +0000] "DELETE /api/search HTTP/1.1" 200 6686 "https://example.com/api/search" "python-requests/2.28.0"
172.16.0.100 - - [29/May/2026:19:28:00 +0000] "PUT /favicon.ico HTTP/1.1" 403 1865 "https://example.com/favicon.ico" "Mozilla/5.0 (Macintosh; Intel Mac OS X 10_15_7)"
192.168.1.10 - - [29/May/2026:19:28:00 +0000] "DELETE /api/orders HTTP/1.1" 301 9315 "https://example.com/api/orders" "Mozilla/5.0 (Windows NT 10.0; Win64; x64)"
192.168.1.10 - - [29/May/2026:19:28:01 +0000] "DELETE /favicon.ico HTTP/1.1" 404 8821 "https://example.com/favicon.ico" "curl/7.84.0"
203.0.113.42 - - [29/May/2026:19:28:01 +0000] "PUT /health HTTP/1.1" 200 8419 "https://example.com/health" "curl/7.84.0"
192.168.1.10 - - [29/May/2026:19:28:01 +0000] "GET /login HTTP/1.1" 302 4937 "https://example.com/login" "curl/7.84.0"
192.168.1.10 - - [29/May/2026:19:28:02 +0000] "GET /login HTTP/1.1" 302 1275 "https://example.com/login" "Mozilla/5.0 (Macintosh; Intel Mac OS X 10_15_7)"
198.51.100.7 - - [29/May/2026:19:28:02 +0000] "GET /api/orders HTTP/1.1" 200 6729 "https://example.com/api/orders" "Mozilla/5.0 (Windows NT 10.0; Win64; x64)"
203.0.113.42 - - [29/May/2026:19:28:03 +0000] "GET /favicon.ico HTTP/1.1" 403 4362 "https://example.com/favicon.ico" "Mozilla/5.0 (Windows NT 10.0; Win64; x64)"
192.168.1.10 - - [29/May/2026:19:28:03 +0000] "PUT /api/search HTTP/1.1" 401 9049 "https://example.com/api/search" "curl/7.84.0"
192.168.1.10 - - [29/May/2026:19:28:03 +0000] "POST /health HTTP/1.1" 200 2249 "https://example.com/health" "Mozilla/5.0 (Windows NT 10.0; Win64; x64)"
172.16.0.100 - - [29/May/2026:19:28:04 +0000] "PUT /favicon.ico HTTP/1.1" 200 7987 "https://example.com/favicon.ico" "Mozilla/5.0 (Windows NT 10.0; Win64; x64)"
172.16.0.100 - - [29/May/2026:19:28:04 +0000] "DELETE /login HTTP/1.1" 403 8306 "https://example.com/login" "Mozilla/5.0 (Windows NT 10.0; Win64; x64)"
203.0.113.42 - - [29/May/2026:19:28:04 +0000] "DELETE /api/users HTTP/1.1" 200 8958 "https://example.com/api/users" "python-requests/2.28.0"
192.168.1.10 - - [29/May/2026:19:28:05 +0000] "POST /static/app.js HTTP/1.1" 401 5183 "https://example.com/static/app.js" "Mozilla/5.0 (Macintosh; Intel Mac OS X 10_15_7)"
203.0.113.42 - - [29/May/2026:19:28:05 +0000] "POST /api/products HTTP/1.1" 403 2892 "https://example.com/api/products" "curl/7.84.0"
192.168.1.10 - - [29/May/2026:19:28:05 +0000] "POST /static/app.js HTTP/1.1" 200 5509 "https://example.com/static/app.js" "curl/7.84.0"
203.0.113.42 - - [29/May/2026:19:28:05 +0000] "GET /api/orders HTTP/1.1" 502 3427 "https://example.com/api/orders" "python-requests/2.28.0"
192.168.1.10 - - [29/May/2026:19:28:06 +0000] "GET /login HTTP/1.1" 200 9173 "https://example.com/login" "Mozilla/5.0 (Macintosh; Intel Mac OS X 10_15_7)"
198.51.100.7 - - [29/May/2026:19:28:07 +0000] "POST /api/orders HTTP/1.1" 200 8140 "https://example.com/api/orders" "Mozilla/5.0 (Windows NT 10.0; Win64; x64)"
172.16.0.100 - - [29/May/2026:19:28:07 +0000] "DELETE /api/users HTTP/1.1" 301 6368 "https://example.com/api/users" "curl/7.84.0"
192.168.1.10 - - [29/May/2026:19:28:08 +0000] "PUT /api/products HTTP/1.1" 200 10094 "https://example.com/api/products" "Mozilla/5.0 (Macintosh; Intel Mac OS X 10_15_7)"
192.168.1.10 - - [29/May/2026:19:28:08 +0000] "POST /api/products HTTP/1.1" 404 4300 "https://example.com/api/products" "Mozilla/5.0 (Windows NT 10.0; Win64; x64)"
172.16.0.100 - - [29/May/2026:19:28:09 +0000] "GET /static/app.js HTTP/1.1" 301 2517 "https://example.com/static/app.js" "python-requests/2.28.0"
192.168.1.10 - - [29/May/2026:19:28:09 +0000] "DELETE /health HTTP/1.1" 404 5527 "https://example.com/health" "Mozilla/5.0 (Macintosh; Intel Mac OS X 10_15_7)"
198.51.100.7 - - [29/May/2026:19:28:09 +0000] "POST /api/products HTTP/1.1" 200 7682 "https://example.com/api/products" "curl/7.84.0"
10.0.0.5 - - [29/May/2026:19:28:09 +0000] "POST /static/app.js HTTP/1.1" 500 5084 "https://example.com/static/app.js" "Mozilla/5.0 (Macintosh; Intel Mac OS X 10_15_7)"
192.168.1.10 - - [29/May/2026:19:28:10 +0000] "PUT /static/app.js HTTP/1.1" 403 9650 "https://example.com/static/app.js" "curl/7.84.0"
198.51.100.7 - - [29/May/2026:19:28:10 +0000] "PUT /static/app.js HTTP/1.1" 403 9566 "https://example.com/static/app.js" "Mozilla/5.0 (Macintosh; Intel Mac OS X 10_15_7)"
198.51.100.7 - - [29/May/2026:19:28:11 +0000] "POST /login HTTP/1.1" 200 3285 "https://example.com/login" "python-requests/2.28.0"
10.0.0.5 - - [29/May/2026:19:28:11 +0000] "GET /static/app.js HTTP/1.1" 404 4989 "https://example.com/static/app.js" "curl/7.84.0"
192.168.1.10 - - [29/May/2026:19:28:11 +0000] "POST /api/users HTTP/1.1" 200 7919 "https://example.com/api/users" "Mozilla/5.0 (Windows NT 10.0; Win64; x64)"
192.168.1.10 - - [29/May/2026:19:28:12 +0000] "GET /api/search HTTP/1.1" 500 5439 "https://example.com/api/search" "Mozilla/5.0 (Windows NT 10.0; Win64; x64)"
172.16.0.100 - - [29/May/2026:19:28:13 +0000] "DELETE /static/app.js HTTP/1.1" 302 3337 "https://example.com/static/app.js" "curl/7.84.0"
10.0.0.5 - - [29/May/2026:19:28:13 +0000] "GET /static/app.js HTTP/1.1" 200 5483 "https://example.com/static/app.js" "Mozilla/5.0 (Macintosh; Intel Mac OS X 10_15_7)"
192.168.1.10 - - [29/May/2026:19:28:14 +0000] "POST /health HTTP/1.1" 403 4800 "https://example.com/health" "Mozilla/5.0 (Macintosh; Intel Mac OS X 10_15_7)"
192.168.1.10 - - [29/May/2026:19:28:14 +0000] "GET /api/users HTTP/1.1" 404 6438 "https://example.com/api/users" "Mozilla/5.0 (Windows NT 10.0; Win64; x64)"
198.51.100.7 - - [29/May/2026:19:28:14 +0000] "DELETE /api/orders HTTP/1.1" 200 355 "https://example.com/api/orders" "curl/7.84.0"
198.51.100.7 - - [29/May/2026:19:28:15 +0000] "GET /health HTTP/1.1" 403 6083 "https://example.com/health" "Mozilla/5.0 (Windows NT 10.0; Win64; x64)"
172.16.0.100 - - [29/May/2026:19:28:15 +0000] "PUT /static/app.js HTTP/1.1" 301 8346 "https://example.com/static/app.js" "python-requests/2.28.0"
172.16.0.100 - - [29/May/2026:19:28:16 +0000] "DELETE /api/search HTTP/1.1" 403 6291 "https://example.com/api/search" "python-requests/2.28.0"
198.51.100.7 - - [29/May/2026:19:28:17 +0000] "POST /static/app.js HTTP/1.1" 400 3142 "https://example.com/static/app.js" "curl/7.84.0"
10.0.0.5 - - [29/May/2026:19:28:17 +0000] "POST /api/search HTTP/1.1" 301 498 "https://example.com/api/search" "python-requests/2.28.0"
192.168.1.10 - - [29/May/2026:19:28:17 +0000] "POST /api/users HTTP/1.1" 404 1748 "https://example.com/api/users" "python-requests/2.28.0"
203.0.113.42 - - [29/May/2026:19:28:18 +0000] "PUT /api/users HTTP/1.1" 200 4980 "https://example.com/api/users" "Mozilla/5.0 (Windows NT 10.0; Win64; x64)"
172.16.0.100 - - [29/May/2026:19:28:18 +0000] "PUT /favicon.ico HTTP/1.1" 403 7883 "https://example.com/favicon.ico" "curl/7.84.0"
192.168.1.10 - - [29/May/2026:19:28:18 +0000] "POST /health HTTP/1.1" 200 7332 "https://example.com/health" "Mozilla/5.0 (Macintosh; Intel Mac OS X 10_15_7)"
10.0.0.5 - - [29/May/2026:19:28:19 +0000] "POST /api/search HTTP/1.1" 200 2380 "https://example.com/api/search" "Mozilla/5.0 (Windows NT 10.0; Win64; x64)"
10.0.0.5 - - [29/May/2026:19:28:19 +0000] "PUT /login HTTP/1.1" 404 1683 "https://example.com/login" "Mozilla/5.0 (Macintosh; Intel Mac OS X 10_15_7)"
172.16.0.100 - - [29/May/2026:19:28:20 +0000] "GET /health HTTP/1.1" 301 8876 "https://example.com/health" "Mozilla/5.0 (Windows NT 10.0; Win64; x64)"
192.168.1.10 - - [29/May/2026:19:28:20 +0000] "GET /favicon.ico HTTP/1.1" 302 639 "https://example.com/favicon.ico" "curl/7.84.0"
192.168.1.10 - - [29/May/2026:19:28:20 +0000] "GET /static/app.js HTTP/1.1" 200 2518 "https://example.com/static/app.js" "python-requests/2.28.0"
198.51.100.7 - - [29/May/2026:19:28:21 +0000] "POST /favicon.ico HTTP/1.1" 404 4545 "https://example.com/favicon.ico" "Mozilla/5.0 (Macintosh; Intel Mac OS X 10_15_7)"
192.168.1.10 - - [29/May/2026:19:28:21 +0000] "GET /api/orders HTTP/1.1" 502 4480 "https://example.com/api/orders" "python-requests/2.28.0"
192.168.1.10 - - [29/May/2026:19:28:22 +0000] "PUT /favicon.ico HTTP/1.1" 200 3993 "https://example.com/favicon.ico" "curl/7.84.0"
172.16.0.100 - - [29/May/2026:19:28:22 +0000] "PUT /login HTTP/1.1" 503 5074 "https://example.com/login" "python-requests/2.28.0"
172.16.0.100 - - [29/May/2026:19:28:22 +0000] "POST /api/users HTTP/1.1" 200 2528 "https://example.com/api/users" "python-requests/2.28.0"
10.0.0.5 - - [29/May/2026:19:28:22 +0000] "POST /health HTTP/1.1" 301 6974 "https://example.com/health" "Mozilla/5.0 (Macintosh; Intel Mac OS X 10_15_7)"
192.168.1.10 - - [29/May/2026:19:28:22 +0000] "DELETE /api/products HTTP/1.1" 301 5999 "https://example.com/api/products" "curl/7.84.0"
172.16.0.100 - - [29/May/2026:19:28:23 +0000] "GET /favicon.ico HTTP/1.1" 401 934 "https://example.com/favicon.ico" "Mozilla/5.0 (Macintosh; Intel Mac OS X 10_15_7)"
192.168.1.10 - - [29/May/2026:19:28:23 +0000] "GET /api/orders HTTP/1.1" 401 2502 "https://example.com/api/orders" "curl/7.84.0"
203.0.113.42 - - [29/May/2026:19:28:24 +0000] "DELETE /api/users HTTP/1.1" 200 7779 "https://example.com/api/users" "python-requests/2.28.0"
198.51.100.7 - - [29/May/2026:19:28:25 +0000] "PUT /api/search HTTP/1.1" 200 6399 "https://example.com/api/search" "python-requests/2.28.0"
172.16.0.100 - - [29/May/2026:19:28:25 +0000] "PUT /health HTTP/1.1" 502 2055 "https://example.com/health" "curl/7.84.0"
172.16.0.100 - - [29/May/2026:19:28:26 +0000] "GET /api/orders HTTP/1.1" 500 9638 "https://example.com/api/orders" "python-requests/2.28.0"
198.51.100.7 - - [29/May/2026:19:28:26 +0000] "GET /api/search HTTP/1.1" 403 9758 "https://example.com/api/search" "python-requests/2.28.0"
203.0.113.42 - - [29/May/2026:19:28:27 +0000] "PUT /favicon.ico HTTP/1.1" 404 3895 "https://example.com/favicon.ico" "python-requests/2.28.0"
172.16.0.100 - - [29/May/2026:19:28:27 +0000] "DELETE /api/products HTTP/1.1" 301 6706 "https://example.com/api/products" "Mozilla/5.0 (Windows NT 10.0; Win64; x64)"
192.168.1.10 - - [29/May/2026:19:28:27 +0000] "DELETE /favicon.ico HTTP/1.1" 200 4136 "https://example.com/favicon.ico" "Mozilla/5.0 (Windows NT 10.0; Win64; x64)"
10.0.0.5 - - [29/May/2026:19:28:28 +0000] "GET /api/search HTTP/1.1" 401 9792 "https://example.com/api/search" "Mozilla/5.0 (Macintosh; Intel Mac OS X 10_15_7)"
198.51.100.7 - - [29/May/2026:19:28:28 +0000] "DELETE /api/users HTTP/1.1" 302 3195 "https://example.com/api/users" "Mozilla/5.0 (Macintosh; Intel Mac OS X 10_15_7)"
172.16.0.100 - - [29/May/2026:19:28:28 +0000] "PUT /api/search HTTP/1.1" 200 9007 "https://example.com/api/search" "curl/7.84.0"
192.168.1.10 - - [29/May/2026:19:28:28 +0000] "POST /login HTTP/1.1" 302 7929 "https://example.com/login" "curl/7.84.0"
10.0.0.5 - - [29/May/2026:19:28:29 +0000] "GET /api/search HTTP/1.1" 404 9227 "https://example.com/api/search" "curl/7.84.0"
10.0.0.5 - - [29/May/2026:19:28:29 +0000] "DELETE /api/search HTTP/1.1" 401 2691 "https://example.com/api/search" "Mozilla/5.0 (Macintosh; Intel Mac OS X 10_15_7)"
192.168.1.10 - - [29/May/2026:19:28:29 +0000] "DELETE /favicon.ico HTTP/1.1" 400 2775 "https://example.com/favicon.ico" "Mozilla/5.0 (Macintosh; Intel Mac OS X 10_15_7)"
198.51.100.7 - - [29/May/2026:19:28:29 +0000] "POST /api/orders HTTP/1.1" 301 5437 "https://example.com/api/orders" "curl/7.84.0"
10.0.0.5 - - [29/May/2026:19:28:30 +0000] "POST /api/products HTTP/1.1" 403 408 "https://example.com/api/products" "curl/7.84.0"
203.0.113.42 - - [29/May/2026:19:28:30 +0000] "PUT /login HTTP/1.1" 200 8020 "https://example.com/login" "Mozilla/5.0 (Macintosh; Intel Mac OS X 10_15_7)"
192.168.1.10 - - [29/May/2026:19:28:31 +0000] "DELETE /api/search HTTP/1.1" 404 2255 "https://example.com/api/search" "Mozilla/5.0 (Windows NT 10.0; Win64; x64)"
172.16.0.100 - - [29/May/2026:19:28:31 +0000] "DELETE /favicon.ico HTTP/1.1" 302 9779 "https://example.com/favicon.ico" "python-requests/2.28.0"
172.16.0.100 - - [29/May/2026:19:28:31 +0000] "PUT /api/orders HTTP/1.1" 301 9734 "https://example.com/api/orders" "curl/7.84.0"
10.0.0.5 - - [29/May/2026:19:28:32 +0000] "POST /login HTTP/1.1" 200 7966 "https://example.com/login" "python-requests/2.28.0"
10.0.0.5 - - [29/May/2026:19:28:32 +0000] "POST /login HTTP/1.1" 502 8720 "https://example.com/login" "Mozilla/5.0 (Macintosh; Intel Mac OS X 10_15_7)"
203.0.113.42 - - [29/May/2026:19:28:32 +0000] "POST /api/products HTTP/1.1" 302 4698 "https://example.com/api/products" "python-requests/2.28.0"
10.0.0.5 - - [29/May/2026:19:28:33 +0000] "POST /api/users HTTP/1.1" 200 8729 "https://example.com/api/users" "Mozilla/5.0 (Windows NT 10.0; Win64; x64)"
203.0.113.42 - - [29/May/2026:19:28:34 +0000] "GET /health HTTP/1.1" 200 2056 "https://example.com/health" "Mozilla/5.0 (Macintosh; Intel Mac OS X 10_15_7)"
192.168.1.10 - - [29/May/2026:19:28:34 +0000] "POST /static/app.js HTTP/1.1" 302 3234 "https://example.com/static/app.js" "python-requests/2.28.0"
192.168.1.10 - - [29/May/2026:19:28:34 +0000] "DELETE /api/products HTTP/1.1" 200 6388 "https://example.com/api/products" "Mozilla/5.0 (Windows NT 10.0; Win64; x64)"
10.0.0.5 - - [29/May/2026:19:28:35 +0000] "GET /api/users HTTP/1.1" 503 9309 "https://example.com/api/users" "curl/7.84.0"
198.51.100.7 - - [29/May/2026:19:28:35 +0000] "GET /api/products HTTP/1.1" 200 3123 "https://example.com/api/products" "curl/7.84.0"
172.16.0.100 - - [29/May/2026:19:28:35 +0000] "POST /api/products HTTP/1.1" 200 5113 "https://example.com/api/products" "python-requests/2.28.0"
198.51.100.7 - - [29/May/2026:19:28:36 +0000] "DELETE /static/app.js HTTP/1.1" 404 2428 "https://example.com/static/app.js" "Mozilla/5.0 (Windows NT 10.0; Win64; x64)"
198.51.100.7 - - [29/May/2026:19:28:36 +0000] "POST /api/orders HTTP/1.1" 500 3998 "https://example.com/api/orders" "python-requests/2.28.0"
198.51.100.7 - - [29/May/2026:19:28:37 +0000] "PUT /static/app.js HTTP/1.1" 503 6385 "https://example.com/static/app.js" "Mozilla/5.0 (Macintosh; Intel Mac OS X 10_15_7)"
10.0.0.5 - - [29/May/2026:19:28:37 +0000] "PUT /favicon.ico HTTP/1.1" 502 3049 "https://example.com/favicon.ico" "curl/7.84.0"
172.16.0.100 - - [29/May/2026:19:28:37 +0000] "PUT /api/users HTTP/1.1" 502 5405 "https://example.com/api/users" "curl/7.84.0"
172.16.0.100 - - [29/May/2026:19:28:37 +0000] "GET /api/users HTTP/1.1" 403 8983 "https://example.com/api/users" "curl/7.84.0"
203.0.113.42 - - [29/May/2026:19:28:38 +0000] "DELETE /api/products HTTP/1.1" 301 2379 "https://example.com/api/products" "curl/7.84.0"
203.0.113.42 - - [29/May/2026:19:28:39 +0000] "DELETE /api/orders HTTP/1.1" 403 2930 "https://example.com/api/orders" "curl/7.84.0"
198.51.100.7 - - [29/May/2026:19:28:39 +0000] "POST /health HTTP/1.1" 301 10012 "https://example.com/health" "curl/7.84.0"
10.0.0.5 - - [29/May/2026:19:28:39 +0000] "DELETE /favicon.ico HTTP/1.1" 404 9239 "https://example.com/favicon.ico" "Mozilla/5.0 (Macintosh; Intel Mac OS X 10_15_7)"
10.0.0.5 - - [29/May/2026:19:28:39 +0000] "PUT /favicon.ico HTTP/1.1" 403 6766 "https://example.com/favicon.ico" "Mozilla/5.0 (Macintosh; Intel Mac OS X 10_15_7)"
10.0.0.5 - - [29/May/2026:19:28:40 +0000] "PUT /favicon.ico HTTP/1.1" 401 8844 "https://example.com/favicon.ico" "curl/7.84.0"
203.0.113.42 - - [29/May/2026:19:28:40 +0000] "POST /health HTTP/1.1" 500 4677 "https://example.com/health" "Mozilla/5.0 (Macintosh; Intel Mac OS X 10_15_7)"
172.16.0.100 - - [29/May/2026:19:28:41 +0000] "DELETE /favicon.ico HTTP/1.1" 200 9757 "https://example.com/favicon.ico" "Mozilla/5.0 (Macintosh; Intel Mac OS X 10_15_7)"
10.0.0.5 - - [29/May/2026:19:28:42 +0000] "DELETE /api/users HTTP/1.1" 502 639 "https://example.com/api/users" "curl/7.84.0"
10.0.0.5 - - [29/May/2026:19:28:42 +0000] "POST /favicon.ico HTTP/1.1" 401 5513 "https://example.com/favicon.ico" "Mozilla/5.0 (Macintosh; Intel Mac OS X 10_15_7)"
192.168.1.10 - - [29/May/2026:19:28:43 +0000] "PUT /health HTTP/1.1" 200 9474 "https://example.com/health" "curl/7.84.0"
10.0.0.5 - - [29/May/2026:19:28:44 +0000] "GET /api/users HTTP/1.1" 404 2551 "https://example.com/api/users" "Mozilla/5.0 (Windows NT 10.0; Win64; x64)"
172.16.0.100 - - [29/May/2026:19:28:44 +0000] "POST /login HTTP/1.1" 403 7427 "https://example.com/login" "curl/7.84.0"
203.0.113.42 - - [29/May/2026:19:28:44 +0000] "PUT /api/search HTTP/1.1" 500 8090 "https://example.com/api/search" "Mozilla/5.0 (Macintosh; Intel Mac OS X 10_15_7)"
10.0.0.5 - - [29/May/2026:19:28:45 +0000] "POST /api/search HTTP/1.1" 404 7117 "https://example.com/api/search" "Mozilla/5.0 (Macintosh; Intel Mac OS X 10_15_7)"
198.51.100.7 - - [29/May/2026:19:28:45 +0000] "PUT /favicon.ico HTTP/1.1" 200 7113 "https://example.com/favicon.ico" "Mozilla/5.0 (Macintosh; Intel Mac OS X 10_15_7)"
10.0.0.5 - - [29/May/2026:19:28:45 +0000] "PUT /api/users HTTP/1.1" 503 9232 "https://example.com/api/users" "curl/7.84.0"
203.0.113.42 - - [29/May/2026:19:28:46 +0000] "GET /api/orders HTTP/1.1" 302 2293 "https://example.com/api/orders" "Mozilla/5.0 (Macintosh; Intel Mac OS X 10_15_7)"
10.0.0.5 - - [29/May/2026:19:28:46 +0000] "GET /login HTTP/1.1" 200 8349 "https://example.com/login" "Mozilla/5.0 (Windows NT 10.0; Win64; x64)"
10.0.0.5 - - [29/May/2026:19:28:47 +0000] "GET /api/search HTTP/1.1" 400 4346 "https://example.com/api/search" "python-requests/2.28.0"
10.0.0.5 - - [29/May/2026:19:28:47 +0000] "DELETE /login HTTP/1.1" 404 4294 "https://example.com/login" "Mozilla/5.0 (Windows NT 10.0; Win64; x64)"
203.0.113.42 - - [29/May/2026:19:28:47 +0000] "PUT /favicon.ico HTTP/1.1" 400 9759 "https://example.com/favicon.ico" "curl/7.84.0"
172.16.0.100 - - [29/May/2026:19:28:48 +0000] "GET /api/search HTTP/1.1" 200 9276 "https://example.com/api/search" "curl/7.84.0"
198.51.100.7 - - [29/May/2026:19:28:48 +0000] "GET /api/search HTTP/1.1" 401 4826 "https://example.com/api/search" "curl/7.84.0"
198.51.100.7 - - [29/May/2026:19:28:48 +0000] "DELETE /static/app.js HTTP/1.1" 200 5415 "https://example.com/static/app.js" "python-requests/2.28.0"
203.0.113.42 - - [29/May/2026:19:28:50 +0000] "GET /api/products HTTP/1.1" 200 2986 "https://example.com/api/products" "Mozilla/5.0 (Macintosh; Intel Mac OS X 10_15_7)"
198.51.100.7 - - [29/May/2026:19:28:50 +0000] "DELETE /login HTTP/1.1" 302 7875 "https://example.com/login" "Mozilla/5.0 (Windows NT 10.0; Win64; x64)"
10.0.0.5 - - [29/May/2026:19:28:50 +0000] "POST /login HTTP/1.1" 200 1143 "https://example.com/login" "curl/7.84.0"
203.0.113.42 - - [29/May/2026:19:28:51 +0000] "GET /api/products HTTP/1.1" 302 7551 "https://example.com/api/products" "curl/7.84.0"
172.16.0.100 - - [29/May/2026:19:28:51 +0000] "DELETE /health HTTP/1.1" 502 4634 "https://example.com/health" "python-requests/2.28.0"
198.51.100.7 - - [29/May/2026:19:28:51 +0000] "GET /api/users HTTP/1.1" 400 5114 "https://example.com/api/users" "curl/7.84.0"
198.51.100.7 - - [29/May/2026:19:28:51 +0000] "PUT /api/orders HTTP/1.1" 301 2312 "https://example.com/api/orders" "curl/7.84.0"
172.16.0.100 - - [29/May/2026:19:28:52 +0000] "POST /api/products HTTP/1.1" 502 7395 "https://example.com/api/products" "Mozilla/5.0 (Windows NT 10.0; Win64; x64)"
203.0.113.42 - - [29/May/2026:19:28:52 +0000] "PUT /health HTTP/1.1" 401 4379 "https://example.com/health" "python-requests/2.28.0"
192.168.1.10 - - [29/May/2026:19:28:53 +0000] "DELETE /api/orders HTTP/1.1" 404 2654 "https://example.com/api/orders" "python-requests/2.28.0"
198.51.100.7 - - [29/May/2026:19:28:53 +0000] "PUT /api/orders HTTP/1.1" 401 8569 "https://example.com/api/orders" "Mozilla/5.0 (Macintosh; Intel Mac OS X 10_15_7)"
198.51.100.7 - - [29/May/2026:19:28:53 +0000] "PUT /api/orders HTTP/1.1" 503 702 "https://example.com/api/orders" "python-requests/2.28.0"
