192.168.1.10 - - [29/May/2026:19:23:47 +0000] "DELETE /api/search HTTP/1.1" 400 10057 "https://example.com/api/search" "python-requests/2.28.0"
10.0.0.5 - - [29/May/2026:19:23:48 +0000] "PUT /api/orders HTTP/1.1" 200 9543 "https://example.com/api/orders" "Mozilla/5.0 (Macintosh; Intel Mac OS X 10_15_7)"
192.168.1.10 - - [29/May/2026:19:23:48 +0000] "GET /api/search HTTP/1.1" 401 3602 "https://example.com/api/search" "python-requests/2.28.0"
203.0.113.42 - - [29/May/2026:19:23:49 +0000] "PUT /static/app.js HTTP/1.1" 200 1600 "https://example.com/static/app.js" "Mozilla/5.0 (Macintosh; Intel Mac OS X 10_15_7)"
203.0.113.42 - - [29/May/2026:19:23:49 +0000] "POST /login HTTP/1.1" 404 1854 "https://example.com/login" "python-requests/2.28.0"
203.0.113.42 - - [29/May/2026:19:23:49 +0000] "GET /api/users HTTP/1.1" 302 7583 "https://example.com/api/users" "Mozilla/5.0 (Macintosh; Intel Mac OS X 10_15_7)"
192.168.1.10 - - [29/May/2026:19:23:50 +0000] "POST /api/users HTTP/1.1" 404 7089 "https://example.com/api/users" "python-requests/2.28.0"
172.16.0.100 - - [29/May/2026:19:23:50 +0000] "PUT /static/app.js HTTP/1.1" 502 1902 "https://example.com/static/app.js" "curl/7.84.0"
172.16.0.100 - - [29/May/2026:19:23:51 +0000] "DELETE /login HTTP/1.1" 400 4278 "https://example.com/login" "curl/7.84.0"
198.51.100.7 - - [29/May/2026:19:23:51 +0000] "DELETE /health HTTP/1.1" 301 5721 "https://example.com/health" "python-requests/2.28.0"
203.0.113.42 - - [29/May/2026:19:23:51 +0000] "DELETE /api/products HTTP/1.1" 200 7339 "https://example.com/api/products" "Mozilla/5.0 (Windows NT 10.0; Win64; x64)"
10.0.0.5 - - [29/May/2026:19:23:52 +0000] "POST /login HTTP/1.1" 404 2419 "https://example.com/login" "python-requests/2.28.0"
192.168.1.10 - - [29/May/2026:19:23:52 +0000] "GET /api/orders HTTP/1.1" 302 6668 "https://example.com/api/orders" "curl/7.84.0"
203.0.113.42 - - [29/May/2026:19:23:53 +0000] "PUT /api/products HTTP/1.1" 200 8570 "https://example.com/api/products" "python-requests/2.28.0"
10.0.0.5 - - [29/May/2026:19:23:53 +0000] "DELETE /api/products HTTP/1.1" 502 1302 "https://example.com/api/products" "python-requests/2.28.0"
198.51.100.7 - - [29/May/2026:19:23:53 +0000] "DELETE /login HTTP/1.1" 403 7469 "https://example.com/login" "curl/7.84.0"
172.16.0.100 - - [29/May/2026:19:23:53 +0000] "DELETE /login HTTP/1.1" 301 9737 "https://example.com/login" "python-requests/2.28.0"
10.0.0.5 - - [29/May/2026:19:23:53 +0000] "DELETE /api/users HTTP/1.1" 400 3519 "https://example.com/api/users" "Mozilla/5.0 (Macintosh; Intel Mac OS X 10_15_7)"
10.0.0.5 - - [29/May/2026:19:23:54 +0000] "PUT /api/orders HTTP/1.1" 200 882 "https://example.com/api/orders" "Mozilla/5.0 (Macintosh; Intel Mac OS X 10_15_7)"
203.0.113.42 - - [29/May/2026:19:23:55 +0000] "PUT /health HTTP/1.1" 301 3618 "https://example.com/health" "curl/7.84.0"
203.0.113.42 - - [29/May/2026:19:23:55 +0000] "POST /api/users HTTP/1.1" 200 6221 "https://example.com/api/users" "python-requests/2.28.0"
198.51.100.7 - - [29/May/2026:19:23:56 +0000] "POST /api/users HTTP/1.1" 503 8877 "https://example.com/api/users" "curl/7.84.0"
203.0.113.42 - - [29/May/2026:19:23:56 +0000] "DELETE /api/products HTTP/1.1" 200 3755 "https://example.com/api/products" "curl/7.84.0"
10.0.0.5 - - [29/May/2026:19:23:57 +0000] "POST /favicon.ico HTTP/1.1" 200 6965 "https://example.com/favicon.ico" "python-requests/2.28.0"
203.0.113.42 - - [29/May/2026:19:23:57 +0000] "GET /login HTTP/1.1" 200 7776 "https://example.com/login" "Mozilla/5.0 (Macintosh; Intel Mac OS X 10_15_7)"
192.168.1.10 - - [29/May/2026:19:23:58 +0000] "GET /login HTTP/1.1" 200 5194 "https://example.com/login" "Mozilla/5.0 (Macintosh; Intel Mac OS X 10_15_7)"
203.0.113.42 - - [29/May/2026:19:23:58 +0000] "POST /health HTTP/1.1" 500 5193 "https://example.com/health" "Mozilla/5.0 (Macintosh; Intel Mac OS X 10_15_7)"
192.168.1.10 - - [29/May/2026:19:23:58 +0000] "DELETE /health HTTP/1.1" 404 1195 "https://example.com/health" "Mozilla/5.0 (Windows NT 10.0; Win64; x64)"
172.16.0.100 - - [29/May/2026:19:23:59 +0000] "PUT /api/users HTTP/1.1" 200 2387 "https://example.com/api/users" "python-requests/2.28.0"
203.0.113.42 - - [29/May/2026:19:24:00 +0000] "PUT /login HTTP/1.1" 200 3419 "https://example.com/login" "Mozilla/5.0 (Windows NT 10.0; Win64; x64)"
10.0.0.5 - - [29/May/2026:19:24:00 +0000] "PUT /api/products HTTP/1.1" 503 8535 "https://example.com/api/products" "Mozilla/5.0 (Macintosh; Intel Mac OS X 10_15_7)"
198.51.100.7 - - [29/May/2026:19:24:00 +0000] "GET /api/orders HTTP/1.1" 404 4676 "https://example.com/api/orders" "python-requests/2.28.0"
198.51.100.7 - - [29/May/2026:19:24:00 +0000] "POST /static/app.js HTTP/1.1" 403 10083 "https://example.com/static/app.js" "python-requests/2.28.0"
192.168.1.10 - - [29/May/2026:19:24:01 +0000] "POST /favicon.ico HTTP/1.1" 302 8229 "https://example.com/favicon.ico" "curl/7.84.0"
192.168.1.10 - - [29/May/2026:19:24:01 +0000] "PUT /api/products HTTP/1.1" 500 3198 "https://example.com/api/products" "curl/7.84.0"
10.0.0.5 - - [29/May/2026:19:24:01 +0000] "POST /api/search HTTP/1.1" 200 5944 "https://example.com/api/search" "Mozilla/5.0 (Macintosh; Intel Mac OS X 10_15_7)"
10.0.0.5 - - [29/May/2026:19:24:01 +0000] "DELETE /login HTTP/1.1" 301 5633 "https://example.com/login" "curl/7.84.0"
10.0.0.5 - - [29/May/2026:19:24:02 +0000] "PUT /favicon.ico HTTP/1.1" 200 7558 "https://example.com/favicon.ico" "curl/7.84.0"
198.51.100.7 - - [29/May/2026:19:24:03 +0000] "POST /api/products HTTP/1.1" 404 9410 "https://example.com/api/products" "Mozilla/5.0 (Windows NT 10.0; Win64; x64)"
198.51.100.7 - - [29/May/2026:19:24:04 +0000] "GET /api/orders HTTP/1.1" 200 5599 "https://example.com/api/orders" "python-requests/2.28.0"
172.16.0.100 - - [29/May/2026:19:24:04 +0000] "PUT /api/search HTTP/1.1" 200 3690 "https://example.com/api/search" "python-requests/2.28.0"
10.0.0.5 - - [29/May/2026:19:24:04 +0000] "DELETE /api/users HTTP/1.1" 401 8848 "https://example.com/api/users" "python-requests/2.28.0"
198.51.100.7 - - [29/May/2026:19:24:05 +0000] "PUT /api/products HTTP/1.1" 502 4797 "https://example.com/api/products" "Mozilla/5.0 (Macintosh; Intel Mac OS X 10_15_7)"
192.168.1.10 - - [29/May/2026:19:24:05 +0000] "GET /api/orders HTTP/1.1" 503 7272 "https://example.com/api/orders" "Mozilla/5.0 (Macintosh; Intel Mac OS X 10_15_7)"
172.16.0.100 - - [29/May/2026:19:24:06 +0000] "PUT /login HTTP/1.1" 200 3185 "https://example.com/login" "curl/7.84.0"
198.51.100.7 - - [29/May/2026:19:24:07 +0000] "GET /health HTTP/1.1" 200 603 "https://example.com/health" "curl/7.84.0"
203.0.113.42 - - [29/May/2026:19:24:08 +0000] "POST /api/search HTTP/1.1" 503 139 "https://example.com/api/search" "curl/7.84.0"
203.0.113.42 - - [29/May/2026:19:24:08 +0000] "DELETE /favicon.ico HTTP/1.1" 200 8160 "https://example.com/favicon.ico" "Mozilla/5.0 (Windows NT 10.0; Win64; x64)"
172.16.0.100 - - [29/May/2026:19:24:08 +0000] "GET /api/search HTTP/1.1" 200 402 "https://example.com/api/search" "Mozilla/5.0 (Macintosh; Intel Mac OS X 10_15_7)"
203.0.113.42 - - [29/May/2026:19:24:09 +0000] "GET /api/search HTTP/1.1" 400 5127 "https://example.com/api/search" "python-requests/2.28.0"
10.0.0.5 - - [29/May/2026:19:24:09 +0000] "DELETE /static/app.js HTTP/1.1" 404 4820 "https://example.com/static/app.js" "curl/7.84.0"
192.168.1.10 - - [29/May/2026:19:24:09 +0000] "PUT /login HTTP/1.1" 200 7565 "https://example.com/login" "python-requests/2.28.0"
10.0.0.5 - - [29/May/2026:19:24:09 +0000] "POST /health HTTP/1.1" 200 9217 "https://example.com/health" "Mozilla/5.0 (Macintosh; Intel Mac OS X 10_15_7)"
198.51.100.7 - - [29/May/2026:19:24:09 +0000] "GET /favicon.ico HTTP/1.1" 500 2209 "https://example.com/favicon.ico" "python-requests/2.28.0"
10.0.0.5 - - [29/May/2026:19:24:10 +0000] "DELETE /api/users HTTP/1.1" 301 2253 "https://example.com/api/users" "python-requests/2.28.0"
198.51.100.7 - - [29/May/2026:19:24:10 +0000] "POST /favicon.ico HTTP/1.1" 401 9773 "https://example.com/favicon.ico" "python-requests/2.28.0"
198.51.100.7 - - [29/May/2026:19:24:10 +0000] "PUT /api/search HTTP/1.1" 200 3555 "https://example.com/api/search" "Mozilla/5.0 (Windows NT 10.0; Win64; x64)"
172.16.0.100 - - [29/May/2026:19:24:11 +0000] "GET /static/app.js HTTP/1.1" 502 3062 "https://example.com/static/app.js" "curl/7.84.0"
192.168.1.10 - - [29/May/2026:19:24:11 +0000] "PUT /api/products HTTP/1.1" 200 8239 "https://example.com/api/products" "Mozilla/5.0 (Windows NT 10.0; Win64; x64)"
192.168.1.10 - - [29/May/2026:19:24:11 +0000] "PUT /static/app.js HTTP/1.1" 503 304 "https://example.com/static/app.js" "Mozilla/5.0 (Windows NT 10.0; Win64; x64)"
192.168.1.10 - - [29/May/2026:19:24:12 +0000] "GET /api/search HTTP/1.1" 404 8050 "https://example.com/api/search" "Mozilla/5.0 (Macintosh; Intel Mac OS X 10_15_7)"
172.16.0.100 - - [29/May/2026:19:24:12 +0000] "DELETE /api/users HTTP/1.1" 502 2596 "https://example.com/api/users" "curl/7.84.0"
203.0.113.42 - - [29/May/2026:19:24:12 +0000] "DELETE /api/users HTTP/1.1" 502 1056 "https://example.com/api/users" "Mozilla/5.0 (Macintosh; Intel Mac OS X 10_15_7)"
10.0.0.5 - - [29/May/2026:19:24:13 +0000] "POST /api/products HTTP/1.1" 401 7807 "https://example.com/api/products" "Mozilla/5.0 (Windows NT 10.0; Win64; x64)"
198.51.100.7 - - [29/May/2026:19:24:13 +0000] "DELETE /favicon.ico HTTP/1.1" 401 4966 "https://example.com/favicon.ico" "Mozilla/5.0 (Windows NT 10.0; Win64; x64)"
172.16.0.100 - - [29/May/2026:19:24:14 +0000] "DELETE /api/users HTTP/1.1" 301 7818 "https://example.com/api/users" "curl/7.84.0"
192.168.1.10 - - [29/May/2026:19:24:14 +0000] "DELETE /api/products HTTP/1.1" 500 2463 "https://example.com/api/products" "python-requests/2.28.0"
192.168.1.10 - - [29/May/2026:19:24:14 +0000] "GET /api/users HTTP/1.1" 200 8912 "https://example.com/api/users" "python-requests/2.28.0"
192.168.1.10 - - [29/May/2026:19:24:15 +0000] "DELETE /static/app.js HTTP/1.1" 500 4894 "https://example.com/static/app.js" "Mozilla/5.0 (Windows NT 10.0; Win64; x64)"
10.0.0.5 - - [29/May/2026:19:24:16 +0000] "POST /api/products HTTP/1.1" 403 7052 "https://example.com/api/products" "Mozilla/5.0 (Windows NT 10.0; Win64; x64)"
203.0.113.42 - - [29/May/2026:19:24:17 +0000] "POST /api/search HTTP/1.1" 502 9658 "https://example.com/api/search" "Mozilla/5.0 (Macintosh; Intel Mac OS X 10_15_7)"
203.0.113.42 - - [29/May/2026:19:24:17 +0000] "DELETE /health HTTP/1.1" 503 4917 "https://example.com/health" "Mozilla/5.0 (Windows NT 10.0; Win64; x64)"
172.16.0.100 - - [29/May/2026:19:24:17 +0000] "PUT /favicon.ico HTTP/1.1" 200 9539 "https://example.com/favicon.ico" "curl/7.84.0"
192.168.1.10 - - [29/May/2026:19:24:18 +0000] "PUT /login HTTP/1.1" 502 4263 "https://example.com/login" "Mozilla/5.0 (Macintosh; Intel Mac OS X 10_15_7)"
203.0.113.42 - - [29/May/2026:19:24:18 +0000] "POST /api/products HTTP/1.1" 400 4481 "https://example.com/api/products" "Mozilla/5.0 (Windows NT 10.0; Win64; x64)"
10.0.0.5 - - [29/May/2026:19:24:19 +0000] "PUT /api/users HTTP/1.1" 200 3102 "https://example.com/api/users" "Mozilla/5.0 (Windows NT 10.0; Win64; x64)"
203.0.113.42 - - [29/May/2026:19:24:19 +0000] "PUT /api/products HTTP/1.1" 401 7722 "https://example.com/api/products" "python-requests/2.28.0"
10.0.0.5 - - [29/May/2026:19:24:20 +0000] "DELETE /login HTTP/1.1" 403 4255 "https://example.com/login" "Mozilla/5.0 (Macintosh; Intel Mac OS X 10_15_7)"
192.168.1.10 - - [29/May/2026:19:24:20 +0000] "GET /api/search HTTP/1.1" 503 9161 "https://example.com/api/search" "Mozilla/5.0 (Windows NT 10.0; Win64; x64)"
192.168.1.10 - - [29/May/2026:19:24:21 +0000] "DELETE /api/products HTTP/1.1" 200 2025 "https://example.com/api/products" "python-requests/2.28.0"
203.0.113.42 - - [29/May/2026:19:24:22 +0000] "DELETE /api/search HTTP/1.1" 301 329 "https://example.com/api/search" "python-requests/2.28.0"
203.0.113.42 - - [29/May/2026:19:24:23 +0000] "GET /api/users HTTP/1.1" 403 7253 "https://example.com/api/users" "Mozilla/5.0 (Macintosh; Intel Mac OS X 10_15_7)"
198.51.100.7 - - [29/May/2026:19:24:23 +0000] "GET /api/orders HTTP/1.1" 403 9576 "https://example.com/api/orders" "Mozilla/5.0 (Windows NT 10.0; Win64; x64)"
203.0.113.42 - - [29/May/2026:19:24:24 +0000] "POST /favicon.ico HTTP/1.1" 502 2047 "https://example.com/favicon.ico" "Mozilla/5.0 (Windows NT 10.0; Win64; x64)"
198.51.100.7 - - [29/May/2026:19:24:24 +0000] "DELETE /favicon.ico HTTP/1.1" 200 504 "https://example.com/favicon.ico" "Mozilla/5.0 (Macintosh; Intel Mac OS X 10_15_7)"
172.16.0.100 - - [29/May/2026:19:24:24 +0000] "GET /login HTTP/1.1" 500 8359 "https://example.com/login" "Mozilla/5.0 (Macintosh; Intel Mac OS X 10_15_7)"
172.16.0.100 - - [29/May/2026:19:24:25 +0000] "DELETE /health HTTP/1.1" 200 7560 "https://example.com/health" "Mozilla/5.0 (Windows NT 10.0; Win64; x64)"
198.51.100.7 - - [29/May/2026:19:24:26 +0000] "POST /api/users HTTP/1.1" 301 4526 "https://example.com/api/users" "Mozilla/5.0 (Macintosh; Intel Mac OS X 10_15_7)"
192.168.1.10 - - [29/May/2026:19:24:26 +0000] "POST /login HTTP/1.1" 200 6814 "https://example.com/login" "Mozilla/5.0 (Windows NT 10.0; Win64; x64)"
10.0.0.5 - - [29/May/2026:19:24:27 +0000] "POST /static/app.js HTTP/1.1" 200 9792 "https://example.com/static/app.js" "python-requests/2.28.0"
198.51.100.7 - - [29/May/2026:19:24:28 +0000] "POST /api/users HTTP/1.1" 401 6545 "https://example.com/api/users" "Mozilla/5.0 (Windows NT 10.0; Win64; x64)"
10.0.0.5 - - [29/May/2026:19:24:28 +0000] "DELETE /health HTTP/1.1" 200 8264 "https://example.com/health" "python-requests/2.28.0"
203.0.113.42 - - [29/May/2026:19:24:29 +0000] "DELETE /api/search HTTP/1.1" 401 7897 "https://example.com/api/search" "Mozilla/5.0 (Macintosh; Intel Mac OS X 10_15_7)"
203.0.113.42 - - [29/May/2026:19:24:30 +0000] "GET /api/orders HTTP/1.1" 502 1455 "https://example.com/api/orders" "curl/7.84.0"
172.16.0.100 - - [29/May/2026:19:24:30 +0000] "POST /api/products HTTP/1.1" 403 6301 "https://example.com/api/products" "Mozilla/5.0 (Macintosh; Intel Mac OS X 10_15_7)"
192.168.1.10 - - [29/May/2026:19:24:30 +0000] "POST /health HTTP/1.1" 200 747 "https://example.com/health" "python-requests/2.28.0"
203.0.113.42 - - [29/May/2026:19:24:31 +0000] "DELETE /static/app.js HTTP/1.1" 200 1666 "https://example.com/static/app.js" "python-requests/2.28.0"
172.16.0.100 - - [29/May/2026:19:24:32 +0000] "DELETE /api/users HTTP/1.1" 301 5272 "https://example.com/api/users" "curl/7.84.0"
198.51.100.7 - - [29/May/2026:19:24:32 +0000] "DELETE /api/orders HTTP/1.1" 200 2785 "https://example.com/api/orders" "python-requests/2.28.0"
203.0.113.42 - - [29/May/2026:19:24:32 +0000] "POST /favicon.ico HTTP/1.1" 200 3204 "https://example.com/favicon.ico" "curl/7.84.0"
10.0.0.5 - - [29/May/2026:19:24:34 +0000] "POST /api/products HTTP/1.1" 400 8059 "https://example.com/api/products" "Mozilla/5.0 (Windows NT 10.0; Win64; x64)"
10.0.0.5 - - [29/May/2026:19:24:34 +0000] "GET /login HTTP/1.1" 404 6157 "https://example.com/login" "curl/7.84.0"
172.16.0.100 - - [29/May/2026:19:24:35 +0000] "DELETE /favicon.ico HTTP/1.1" 401 5038 "https://example.com/favicon.ico" "Mozilla/5.0 (Windows NT 10.0; Win64; x64)"
198.51.100.7 - - [29/May/2026:19:24:35 +0000] "DELETE /api/orders HTTP/1.1" 503 5900 "https://example.com/api/orders" "Mozilla/5.0 (Windows NT 10.0; Win64; x64)"
198.51.100.7 - - [29/May/2026:19:24:35 +0000] "GET /api/products HTTP/1.1" 200 7287 "https://example.com/api/products" "python-requests/2.28.0"
192.168.1.10 - - [29/May/2026:19:24:36 +0000] "GET /api/orders HTTP/1.1" 200 2596 "https://example.com/api/orders" "Mozilla/5.0 (Macintosh; Intel Mac OS X 10_15_7)"
192.168.1.10 - - [29/May/2026:19:24:36 +0000] "PUT /health HTTP/1.1" 200 3020 "https://example.com/health" "Mozilla/5.0 (Macintosh; Intel Mac OS X 10_15_7)"
203.0.113.42 - - [29/May/2026:19:24:37 +0000] "GET /api/products HTTP/1.1" 200 7533 "https://example.com/api/products" "Mozilla/5.0 (Macintosh; Intel Mac OS X 10_15_7)"
203.0.113.42 - - [29/May/2026:19:24:37 +0000] "PUT /api/products HTTP/1.1" 200 7205 "https://example.com/api/products" "python-requests/2.28.0"
203.0.113.42 - - [29/May/2026:19:24:37 +0000] "PUT /api/products HTTP/1.1" 200 9083 "https://example.com/api/products" "python-requests/2.28.0"
203.0.113.42 - - [29/May/2026:19:24:38 +0000] "PUT /api/users HTTP/1.1" 404 9212 "https://example.com/api/users" "curl/7.84.0"
192.168.1.10 - - [29/May/2026:19:24:38 +0000] "DELETE /favicon.ico HTTP/1.1" 200 5867 "https://example.com/favicon.ico" "curl/7.84.0"
10.0.0.5 - - [29/May/2026:19:24:39 +0000] "PUT /login HTTP/1.1" 400 9773 "https://example.com/login" "Mozilla/5.0 (Windows NT 10.0; Win64; x64)"
203.0.113.42 - - [29/May/2026:19:24:39 +0000] "GET /api/users HTTP/1.1" 400 6053 "https://example.com/api/users" "Mozilla/5.0 (Windows NT 10.0; Win64; x64)"
198.51.100.7 - - [29/May/2026:19:24:39 +0000] "DELETE /static/app.js HTTP/1.1" 200 5895 "https://example.com/static/app.js" "curl/7.84.0"
172.16.0.100 - - [29/May/2026:19:24:40 +0000] "POST /favicon.ico HTTP/1.1" 500 5028 "https://example.com/favicon.ico" "Mozilla/5.0 (Macintosh; Intel Mac OS X 10_15_7)"
172.16.0.100 - - [29/May/2026:19:24:40 +0000] "PUT /favicon.ico HTTP/1.1" 404 7461 "https://example.com/favicon.ico" "Mozilla/5.0 (Macintosh; Intel Mac OS X 10_15_7)"
10.0.0.5 - - [29/May/2026:19:24:41 +0000] "PUT /static/app.js HTTP/1.1" 404 7641 "https://example.com/static/app.js" "python-requests/2.28.0"
192.168.1.10 - - [29/May/2026:19:24:41 +0000] "POST /login HTTP/1.1" 404 2684 "https://example.com/login" "Mozilla/5.0 (Windows NT 10.0; Win64; x64)"
172.16.0.100 - - [29/May/2026:19:24:41 +0000] "POST /static/app.js HTTP/1.1" 301 6311 "https://example.com/static/app.js" "curl/7.84.0"
198.51.100.7 - - [29/May/2026:19:24:41 +0000] "GET /favicon.ico HTTP/1.1" 302 182 "https://example.com/favicon.ico" "Mozilla/5.0 (Macintosh; Intel Mac OS X 10_15_7)"
192.168.1.10 - - [29/May/2026:19:24:41 +0000] "POST /static/app.js HTTP/1.1" 403 420 "https://example.com/static/app.js" "curl/7.84.0"
198.51.100.7 - - [29/May/2026:19:24:42 +0000] "POST /static/app.js HTTP/1.1" 401 4948 "https://example.com/static/app.js" "curl/7.84.0"
172.16.0.100 - - [29/May/2026:19:24:42 +0000] "POST /login HTTP/1.1" 200 4429 "https://example.com/login" "Mozilla/5.0 (Macintosh; Intel Mac OS X 10_15_7)"
10.0.0.5 - - [29/May/2026:19:24:42 +0000] "POST /favicon.ico HTTP/1.1" 302 10045 "https://example.com/favicon.ico" "python-requests/2.28.0"
10.0.0.5 - - [29/May/2026:19:24:43 +0000] "POST /static/app.js HTTP/1.1" 404 4340 "https://example.com/static/app.js" "Mozilla/5.0 (Macintosh; Intel Mac OS X 10_15_7)"
192.168.1.10 - - [29/May/2026:19:24:43 +0000] "DELETE /api/search HTTP/1.1" 200 245 "https://example.com/api/search" "python-requests/2.28.0"
203.0.113.42 - - [29/May/2026:19:24:44 +0000] "PUT /api/products HTTP/1.1" 301 4114 "https://example.com/api/products" "python-requests/2.28.0"
192.168.1.10 - - [29/May/2026:19:24:44 +0000] "DELETE /login HTTP/1.1" 404 6927 "https://example.com/login" "Mozilla/5.0 (Windows NT 10.0; Win64; x64)"
198.51.100.7 - - [29/May/2026:19:24:45 +0000] "POST /health HTTP/1.1" 200 1617 "https://example.com/health" "python-requests/2.28.0"
203.0.113.42 - - [29/May/2026:19:24:45 +0000] "GET /api/users HTTP/1.1" 200 2740 "https://example.com/api/users" "python-requests/2.28.0"
10.0.0.5 - - [29/May/2026:19:24:46 +0000] "GET /login HTTP/1.1" 200 4740 "https://example.com/login" "Mozilla/5.0 (Windows NT 10.0; Win64; x64)"
10.0.0.5 - - [29/May/2026:19:24:47 +0000] "DELETE /login HTTP/1.1" 200 10090 "https://example.com/login" "Mozilla/5.0 (Windows NT 10.0; Win64; x64)"
172.16.0.100 - - [29/May/2026:19:24:47 +0000] "DELETE /static/app.js HTTP/1.1" 403 4984 "https://example.com/static/app.js" "Mozilla/5.0 (Windows NT 10.0; Win64; x64)"
172.16.0.100 - - [29/May/2026:19:24:47 +0000] "GET /api/search HTTP/1.1" 200 8160 "https://example.com/api/search" "curl/7.84.0"
203.0.113.42 - - [29/May/2026:19:24:48 +0000] "GET /api/orders HTTP/1.1" 200 4550 "https://example.com/api/orders" "Mozilla/5.0 (Windows NT 10.0; Win64; x64)"
10.0.0.5 - - [29/May/2026:19:24:48 +0000] "POST /login HTTP/1.1" 502 8028 "https://example.com/login" "Mozilla/5.0 (Windows NT 10.0; Win64; x64)"
10.0.0.5 - - [29/May/2026:19:24:48 +0000] "PUT /login HTTP/1.1" 503 9000 "https://example.com/login" "python-requests/2.28.0"
192.168.1.10 - - [29/May/2026:19:24:48 +0000] "PUT /api/orders HTTP/1.1" 404 1479 "https://example.com/api/orders" "Mozilla/5.0 (Windows NT 10.0; Win64; x64)"
10.0.0.5 - - [29/May/2026:19:24:49 +0000] "DELETE /api/orders HTTP/1.1" 200 3237 "https://example.com/api/orders" "curl/7.84.0"
10.0.0.5 - - [29/May/2026:19:24:50 +0000] "DELETE /static/app.js HTTP/1.1" 200 3793 "https://example.com/static/app.js" "python-requests/2.28.0"
10.0.0.5 - - [29/May/2026:19:24:50 +0000] "POST /login HTTP/1.1" 302 1940 "https://example.com/login" "python-requests/2.28.0"
172.16.0.100 - - [29/May/2026:19:24:50 +0000] "DELETE /api/users HTTP/1.1" 200 6983 "https://example.com/api/users" "Mozilla/5.0 (Macintosh; Intel Mac OS X 10_15_7)"
10.0.0.5 - - [29/May/2026:19:24:51 +0000] "GET /static/app.js HTTP/1.1" 200 6463 "https://example.com/static/app.js" "Mozilla/5.0 (Windows NT 10.0; Win64; x64)"
203.0.113.42 - - [29/May/2026:19:24:52 +0000] "GET /static/app.js HTTP/1.1" 200 7797 "https://example.com/static/app.js" "Mozilla/5.0 (Macintosh; Intel Mac OS X 10_15_7)"
192.168.1.10 - - [29/May/2026:19:24:52 +0000] "GET /login HTTP/1.1" 302 2420 "https://example.com/login" "python-requests/2.28.0"
203.0.113.42 - - [29/May/2026:19:24:52 +0000] "DELETE /favicon.ico HTTP/1.1" 503 6153 "https://example.com/favicon.ico" "Mozilla/5.0 (Windows NT 10.0; Win64; x64)"
203.0.113.42 - - [29/May/2026:19:24:53 +0000] "POST /api/users HTTP/1.1" 401 1461 "https://example.com/api/users" "Mozilla/5.0 (Macintosh; Intel Mac OS X 10_15_7)"
10.0.0.5 - - [29/May/2026:19:24:53 +0000] "DELETE /api/search HTTP/1.1" 200 9467 "https://example.com/api/search" "curl/7.84.0"
198.51.100.7 - - [29/May/2026:19:24:53 +0000] "PUT /favicon.ico HTTP/1.1" 200 8328 "https://example.com/favicon.ico" "curl/7.84.0"
10.0.0.5 - - [29/May/2026:19:24:54 +0000] "PUT /api/search HTTP/1.1" 200 1303 "https://example.com/api/search" "Mozilla/5.0 (Windows NT 10.0; Win64; x64)"
198.51.100.7 - - [29/May/2026:19:24:54 +0000] "DELETE /login HTTP/1.1" 400 7665 "https://example.com/login" "Mozilla/5.0 (Macintosh; Intel Mac OS X 10_15_7)"
192.168.1.10 - - [29/May/2026:19:24:55 +0000] "POST /health HTTP/1.1" 301 5775 "https://example.com/health" "Mozilla/5.0 (Macintosh; Intel Mac OS X 10_15_7)"
192.168.1.10 - - [29/May/2026:19:24:55 +0000] "POST /favicon.ico HTTP/1.1" 301 1687 "https://example.com/favicon.ico" "Mozilla/5.0 (Macintosh; Intel Mac OS X 10_15_7)"
192.168.1.10 - - [29/May/2026:19:24:55 +0000] "POST /static/app.js HTTP/1.1" 503 8303 "https://example.com/static/app.js" "python-requests/2.28.0"
203.0.113.42 - - [29/May/2026:19:24:56 +0000] "GET /static/app.js HTTP/1.1" 500 1452 "https://example.com/static/app.js" "curl/7.84.0"
10.0.0.5 - - [29/May/2026:19:24:56 +0000] "POST /health HTTP/1.1" 401 9827 "https://example.com/health" "Mozilla/5.0 (Windows NT 10.0; Win64; x64)"
203.0.113.42 - - [29/May/2026:19:24:57 +0000] "DELETE /login HTTP/1.1" 200 7784 "https://example.com/login" "python-requests/2.28.0"
192.168.1.10 - - [29/May/2026:19:24:57 +0000] "POST /favicon.ico HTTP/1.1" 302 6514 "https://example.com/favicon.ico" "Mozilla/5.0 (Windows NT 10.0; Win64; x64)"
192.168.1.10 - - [29/May/2026:19:24:58 +0000] "PUT /favicon.ico HTTP/1.1" 400 6099 "https://example.com/favicon.ico" "Mozilla/5.0 (Macintosh; Intel Mac OS X 10_15_7)"
10.0.0.5 - - [29/May/2026:19:24:58 +0000] "DELETE /api/products HTTP/1.1" 502 5314 "https://example.com/api/products" "curl/7.84.0"
10.0.0.5 - - [29/May/2026:19:24:59 +0000] "GET /login HTTP/1.1" 200 751 "https://example.com/login" "Mozilla/5.0 (Windows NT 10.0; Win64; x64)"
192.168.1.10 - - [29/May/2026:19:24:59 +0000] "DELETE /favicon.ico HTTP/1.1" 401 8923 "https://example.com/favicon.ico" "Mozilla/5.0 (Macintosh; Intel Mac OS X 10_15_7)"
172.16.0.100 - - [29/May/2026:19:25:00 +0000] "GET /api/search HTTP/1.1" 404 659 "https://example.com/api/search" "python-requests/2.28.0"
192.168.1.10 - - [29/May/2026:19:25:00 +0000] "GET /static/app.js HTTP/1.1" 200 885 "https://example.com/static/app.js" "Mozilla/5.0 (Macintosh; Intel Mac OS X 10_15_7)"
198.51.100.7 - - [29/May/2026:19:25:01 +0000] "DELETE /health HTTP/1.1" 200 5392 "https://example.com/health" "Mozilla/5.0 (Macintosh; Intel Mac OS X 10_15_7)"
10.0.0.5 - - [29/May/2026:19:25:02 +0000] "DELETE /login HTTP/1.1" 200 1102 "https://example.com/login" "Mozilla/5.0 (Macintosh; Intel Mac OS X 10_15_7)"
192.168.1.10 - - [29/May/2026:19:25:03 +0000] "DELETE /api/products HTTP/1.1" 200 8297 "https://example.com/api/products" "python-requests/2.28.0"
10.0.0.5 - - [29/May/2026:19:25:03 +0000] "DELETE /health HTTP/1.1" 400 5768 "https://example.com/health" "Mozilla/5.0 (Macintosh; Intel Mac OS X 10_15_7)"
192.168.1.10 - - [29/May/2026:19:25:04 +0000] "PUT /api/orders HTTP/1.1" 401 3830 "https://example.com/api/orders" "Mozilla/5.0 (Macintosh; Intel Mac OS X 10_15_7)"
203.0.113.42 - - [29/May/2026:19:25:04 +0000] "POST /health HTTP/1.1" 200 6536 "https://example.com/health" "curl/7.84.0"
192.168.1.10 - - [29/May/2026:19:25:05 +0000] "DELETE /api/users HTTP/1.1" 400 6309 "https://example.com/api/users" "curl/7.84.0"
192.168.1.10 - - [29/May/2026:19:25:05 +0000] "GET /api/users HTTP/1.1" 200 1664 "https://example.com/api/users" "python-requests/2.28.0"
172.16.0.100 - - [29/May/2026:19:25:05 +0000] "PUT /api/orders HTTP/1.1" 404 4596 "https://example.com/api/orders" "curl/7.84.0"
172.16.0.100 - - [29/May/2026:19:25:05 +0000] "GET /static/app.js HTTP/1.1" 401 9032 "https://example.com/static/app.js" "curl/7.84.0"
10.0.0.5 - - [29/May/2026:19:25:06 +0000] "PUT /login HTTP/1.1" 401 8952 "https://example.com/login" "curl/7.84.0"
172.16.0.100 - - [29/May/2026:19:25:07 +0000] "GET /static/app.js HTTP/1.1" 403 7497 "https://example.com/static/app.js" "Mozilla/5.0 (Windows NT 10.0; Win64; x64)"
203.0.113.42 - - [29/May/2026:19:25:07 +0000] "GET /static/app.js HTTP/1.1" 401 1554 "https://example.com/static/app.js" "curl/7.84.0"
203.0.113.42 - - [29/May/2026:19:25:07 +0000] "POST /login HTTP/1.1" 503 2215 "https://example.com/login" "python-requests/2.28.0"
172.16.0.100 - - [29/May/2026:19:25:08 +0000] "PUT /api/products HTTP/1.1" 403 1381 "https://example.com/api/products" "python-requests/2.28.0"
10.0.0.5 - - [29/May/2026:19:25:09 +0000] "GET /api/orders HTTP/1.1" 503 811 "https://example.com/api/orders" "Mozilla/5.0 (Macintosh; Intel Mac OS X 10_15_7)"
172.16.0.100 - - [29/May/2026:19:25:09 +0000] "POST /api/users HTTP/1.1" 404 8226 "https://example.com/api/users" "curl/7.84.0"
10.0.0.5 - - [29/May/2026:19:25:09 +0000] "POST /favicon.ico HTTP/1.1" 200 6590 "https://example.com/favicon.ico" "Mozilla/5.0 (Macintosh; Intel Mac OS X 10_15_7)"
198.51.100.7 - - [29/May/2026:19:25:09 +0000] "DELETE /favicon.ico HTTP/1.1" 200 1827 "https://example.com/favicon.ico" "curl/7.84.0"
172.16.0.100 - - [29/May/2026:19:25:10 +0000] "DELETE /api/search HTTP/1.1" 200 2106 "https://example.com/api/search" "Mozilla/5.0 (Windows NT 10.0; Win64; x64)"
198.51.100.7 - - [29/May/2026:19:25:10 +0000] "DELETE /api/orders HTTP/1.1" 401 6138 "https://example.com/api/orders" "Mozilla/5.0 (Macintosh; Intel Mac OS X 10_15_7)"
203.0.113.42 - - [29/May/2026:19:25:10 +0000] "DELETE /login HTTP/1.1" 404 8408 "https://example.com/login" "python-requests/2.28.0"
198.51.100.7 - - [29/May/2026:19:25:10 +0000] "PUT /static/app.js HTTP/1.1" 404 1291 "https://example.com/static/app.js" "Mozilla/5.0 (Macintosh; Intel Mac OS X 10_15_7)"
198.51.100.7 - - [29/May/2026:19:25:11 +0000] "DELETE /api/products HTTP/1.1" 500 7836 "https://example.com/api/products" "Mozilla/5.0 (Macintosh; Intel Mac OS X 10_15_7)"
172.16.0.100 - - [29/May/2026:19:25:12 +0000] "POST /login HTTP/1.1" 200 5142 "https://example.com/login" "Mozilla/5.0 (Macintosh; Intel Mac OS X 10_15_7)"
198.51.100.7 - - [29/May/2026:19:25:12 +0000] "POST /api/orders HTTP/1.1" 302 3838 "https://example.com/api/orders" "curl/7.84.0"
10.0.0.5 - - [29/May/2026:19:25:12 +0000] "POST /static/app.js HTTP/1.1" 400 2779 "https://example.com/static/app.js" "curl/7.84.0"
198.51.100.7 - - [29/May/2026:19:25:13 +0000] "PUT /api/orders HTTP/1.1" 401 7598 "https://example.com/api/orders" "python-requests/2.28.0"
172.16.0.100 - - [29/May/2026:19:25:13 +0000] "POST /login HTTP/1.1" 401 3667 "https://example.com/login" "Mozilla/5.0 (Macintosh; Intel Mac OS X 10_15_7)"
203.0.113.42 - - [29/May/2026:19:25:14 +0000] "DELETE /api/users HTTP/1.1" 200 6901 "https://example.com/api/users" "curl/7.84.0"
10.0.0.5 - - [29/May/2026:19:25:14 +0000] "PUT /health HTTP/1.1" 404 8568 "https://example.com/health" "python-requests/2.28.0"
198.51.100.7 - - [29/May/2026:19:25:14 +0000] "POST /api/search HTTP/1.1" 404 9280 "https://example.com/api/search" "curl/7.84.0"
172.16.0.100 - - [29/May/2026:19:25:15 +0000] "POST /favicon.ico HTTP/1.1" 500 3986 "https://example.com/favicon.ico" "curl/7.84.0"
192.168.1.10 - - [29/May/2026:19:25:15 +0000] "POST /api/orders HTTP/1.1" 200 5787 "https://example.com/api/orders" "Mozilla/5.0 (Macintosh; Intel Mac OS X 10_15_7)"
172.16.0.100 - - [29/May/2026:19:25:16 +0000] "DELETE /api/users HTTP/1.1" 200 8858 "https://example.com/api/users" "Mozilla/5.0 (Windows NT 10.0; Win64; x64)"
203.0.113.42 - - [29/May/2026:19:25:16 +0000] "GET /health HTTP/1.1" 502 1559 "https://example.com/health" "Mozilla/5.0 (Windows NT 10.0; Win64; x64)"
203.0.113.42 - - [29/May/2026:19:25:16 +0000] "POST /api/users HTTP/1.1" 200 2254 "https://example.com/api/users" "Mozilla/5.0 (Windows NT 10.0; Win64; x64)"
10.0.0.5 - - [29/May/2026:19:25:17 +0000] "DELETE /static/app.js HTTP/1.1" 500 2083 "https://example.com/static/app.js" "python-requests/2.28.0"
203.0.113.42 - - [29/May/2026:19:25:17 +0000] "GET /api/orders HTTP/1.1" 200 6401 "https://example.com/api/orders" "Mozilla/5.0 (Windows NT 10.0; Win64; x64)"
172.16.0.100 - - [29/May/2026:19:25:17 +0000] "POST /api/orders HTTP/1.1" 200 5855 "https://example.com/api/orders" "Mozilla/5.0 (Macintosh; Intel Mac OS X 10_15_7)"
172.16.0.100 - - [29/May/2026:19:25:17 +0000] "PUT /api/orders HTTP/1.1" 403 2917 "https://example.com/api/orders" "Mozilla/5.0 (Windows NT 10.0; Win64; x64)"
172.16.0.100 - - [29/May/2026:19:25:18 +0000] "GET /api/users HTTP/1.1" 404 4035 "https://example.com/api/users" "python-requests/2.28.0"
172.16.0.100 - - [29/May/2026:19:25:19 +0000] "POST /api/orders HTTP/1.1" 502 8255 "https://example.com/api/orders" "Mozilla/5.0 (Macintosh; Intel Mac OS X 10_15_7)"
10.0.0.5 - - [29/May/2026:19:25:19 +0000] "POST /api/search HTTP/1.1" 200 3566 "https://example.com/api/search" "curl/7.84.0"
172.16.0.100 - - [29/May/2026:19:25:20 +0000] "POST /favicon.ico HTTP/1.1" 502 6884 "https://example.com/favicon.ico" "Mozilla/5.0 (Windows NT 10.0; Win64; x64)"
203.0.113.42 - - [29/May/2026:19:25:20 +0000] "GET /static/app.js HTTP/1.1" 404 5623 "https://example.com/static/app.js" "Mozilla/5.0 (Windows NT 10.0; Win64; x64)"
172.16.0.100 - - [29/May/2026:19:25:20 +0000] "POST /login HTTP/1.1" 503 2405 "https://example.com/login" "Mozilla/5.0 (Macintosh; Intel Mac OS X 10_15_7)"
10.0.0.5 - - [29/May/2026:19:25:21 +0000] "DELETE /login HTTP/1.1" 404 9578 "https://example.com/login" "Mozilla/5.0 (Macintosh; Intel Mac OS X 10_15_7)"
172.16.0.100 - - [29/May/2026:19:25:21 +0000] "POST /api/users HTTP/1.1" 500 6873 "https://example.com/api/users" "Mozilla/5.0 (Macintosh; Intel Mac OS X 10_15_7)"
192.168.1.10 - - [29/May/2026:19:25:21 +0000] "DELETE /favicon.ico HTTP/1.1" 401 9036 "https://example.com/favicon.ico" "Mozilla/5.0 (Macintosh; Intel Mac OS X 10_15_7)"
192.168.1.10 - - [29/May/2026:19:25:22 +0000] "POST /favicon.ico HTTP/1.1" 502 887 "https://example.com/favicon.ico" "curl/7.84.0"
10.0.0.5 - - [29/May/2026:19:25:23 +0000] "DELETE /health HTTP/1.1" 500 2434 "https://example.com/health" "Mozilla/5.0 (Windows NT 10.0; Win64; x64)"
203.0.113.42 - - [29/May/2026:19:25:23 +0000] "DELETE /api/orders HTTP/1.1" 302 7350 "https://example.com/api/orders" "curl/7.84.0"
172.16.0.100 - - [29/May/2026:19:25:23 +0000] "PUT /login HTTP/1.1" 502 8598 "https://example.com/login" "Mozilla/5.0 (Macintosh; Intel Mac OS X 10_15_7)"
172.16.0.100 - - [29/May/2026:19:25:24 +0000] "DELETE /health HTTP/1.1" 500 3990 "https://example.com/health" "Mozilla/5.0 (Macintosh; Intel Mac OS X 10_15_7)"
10.0.0.5 - - [29/May/2026:19:25:24 +0000] "PUT /api/orders HTTP/1.1" 200 3001 "https://example.com/api/orders" "curl/7.84.0"
203.0.113.42 - - [29/May/2026:19:25:25 +0000] "DELETE /favicon.ico HTTP/1.1" 404 179 "https://example.com/favicon.ico" "Mozilla/5.0 (Windows NT 10.0; Win64; x64)"
192.168.1.10 - - [29/May/2026:19:25:25 +0000] "POST /api/users HTTP/1.1" 502 1000 "https://example.com/api/users" "python-requests/2.28.0"
192.168.1.10 - - [29/May/2026:19:25:25 +0000] "GET /login HTTP/1.1" 200 2192 "https://example.com/login" "Mozilla/5.0 (Windows NT 10.0; Win64; x64)"
10.0.0.5 - - [29/May/2026:19:25:25 +0000] "GET /login HTTP/1.1" 302 4662 "https://example.com/login" "python-requests/2.28.0"
10.0.0.5 - - [29/May/2026:19:25:26 +0000] "GET /api/users HTTP/1.1" 503 2301 "https://example.com/api/users" "Mozilla/5.0 (Windows NT 10.0; Win64; x64)"
192.168.1.10 - - [29/May/2026:19:25:26 +0000] "PUT /static/app.js HTTP/1.1" 403 8179 "https://example.com/static/app.js" "curl/7.84.0"
203.0.113.42 - - [29/May/2026:19:25:27 +0000] "GET /static/app.js HTTP/1.1" 200 1263 "https://example.com/static/app.js" "python-requests/2.28.0"
198.51.100.7 - - [29/May/2026:19:25:27 +0000] "GET /favicon.ico HTTP/1.1" 200 1860 "https://example.com/favicon.ico" "Mozilla/5.0 (Macintosh; Intel Mac OS X 10_15_7)"
10.0.0.5 - - [29/May/2026:19:25:28 +0000] "DELETE /login HTTP/1.1" 502 3637 "https://example.com/login" "Mozilla/5.0 (Windows NT 10.0; Win64; x64)"
172.16.0.100 - - [29/May/2026:19:25:28 +0000] "PUT /api/products HTTP/1.1" 400 8683 "https://example.com/api/products" "Mozilla/5.0 (Macintosh; Intel Mac OS X 10_15_7)"
192.168.1.10 - - [29/May/2026:19:25:28 +0000] "POST /static/app.js HTTP/1.1" 502 5982 "https://example.com/static/app.js" "curl/7.84.0"
203.0.113.42 - - [29/May/2026:19:25:29 +0000] "PUT /api/search HTTP/1.1" 502 8795 "https://example.com/api/search" "curl/7.84.0"
198.51.100.7 - - [29/May/2026:19:25:29 +0000] "POST /login HTTP/1.1" 502 9378 "https://example.com/login" "python-requests/2.28.0"
10.0.0.5 - - [29/May/2026:19:25:29 +0000] "GET /api/products HTTP/1.1" 400 4346 "https://example.com/api/products" "curl/7.84.0"
203.0.113.42 - - [29/May/2026:19:25:30 +0000] "GET /health HTTP/1.1" 200 1112 "https://example.com/health" "Mozilla/5.0 (Macintosh; Intel Mac OS X 10_15_7)"
198.51.100.7 - - [29/May/2026:19:25:31 +0000] "POST /api/users HTTP/1.1" 502 348 "https://example.com/api/users" "Mozilla/5.0 (Windows NT 10.0; Win64; x64)"
10.0.0.5 - - [29/May/2026:19:25:31 +0000] "DELETE /api/orders HTTP/1.1" 404 8596 "https://example.com/api/orders" "Mozilla/5.0 (Macintosh; Intel Mac OS X 10_15_7)"
172.16.0.100 - - [29/May/2026:19:25:31 +0000] "PUT /api/search HTTP/1.1" 200 10081 "https://example.com/api/search" "Mozilla/5.0 (Macintosh; Intel Mac OS X 10_15_7)"
203.0.113.42 - - [29/May/2026:19:25:31 +0000] "POST /favicon.ico HTTP/1.1" 404 3515 "https://example.com/favicon.ico" "Mozilla/5.0 (Macintosh; Intel Mac OS X 10_15_7)"
172.16.0.100 - - [29/May/2026:19:25:32 +0000] "PUT /api/users HTTP/1.1" 301 2748 "https://example.com/api/users" "Mozilla/5.0 (Macintosh; Intel Mac OS X 10_15_7)"
172.16.0.100 - - [29/May/2026:19:25:32 +0000] "DELETE /api/products HTTP/1.1" 403 9431 "https://example.com/api/products" "Mozilla/5.0 (Windows NT 10.0; Win64; x64)"
172.16.0.100 - - [29/May/2026:19:25:33 +0000] "PUT /api/orders HTTP/1.1" 502 9687 "https://example.com/api/orders" "curl/7.84.0"
10.0.0.5 - - [29/May/2026:19:25:33 +0000] "PUT /login HTTP/1.1" 200 5681 "https://example.com/login" "python-requests/2.28.0"
203.0.113.42 - - [29/May/2026:19:25:33 +0000] "POST /static/app.js HTTP/1.1" 200 5757 "https://example.com/static/app.js" "curl/7.84.0"
192.168.1.10 - - [29/May/2026:19:25:34 +0000] "POST /api/users HTTP/1.1" 200 9322 "https://example.com/api/users" "python-requests/2.28.0"
172.16.0.100 - - [29/May/2026:19:25:34 +0000] "PUT /health HTTP/1.1" 400 7521 "https://example.com/health" "python-requests/2.28.0"
203.0.113.42 - - [29/May/2026:19:25:35 +0000] "GET /favicon.ico HTTP/1.1" 503 9424 "https://example.com/favicon.ico" "Mozilla/5.0 (Macintosh; Intel Mac OS X 10_15_7)"
192.168.1.10 - - [29/May/2026:19:25:35 +0000] "GET /api/search HTTP/1.1" 200 7629 "https://example.com/api/search" "Mozilla/5.0 (Macintosh; Intel Mac OS X 10_15_7)"
172.16.0.100 - - [29/May/2026:19:25:35 +0000] "DELETE /login HTTP/1.1" 403 7151 "https://example.com/login" "Mozilla/5.0 (Macintosh; Intel Mac OS X 10_15_7)"
172.16.0.100 - - [29/May/2026:19:25:36 +0000] "POST /api/search HTTP/1.1" 502 3296 "https://example.com/api/search" "python-requests/2.28.0"
192.168.1.10 - - [29/May/2026:19:25:36 +0000] "GET /api/orders HTTP/1.1" 200 8938 "https://example.com/api/orders" "curl/7.84.0"
198.51.100.7 - - [29/May/2026:19:25:37 +0000] "DELETE /api/users HTTP/1.1" 401 1156 "https://example.com/api/users" "curl/7.84.0"
172.16.0.100 - - [29/May/2026:19:25:38 +0000] "GET /api/search HTTP/1.1" 403 9661 "https://example.com/api/search" "curl/7.84.0"
172.16.0.100 - - [29/May/2026:19:25:38 +0000] "PUT /api/products HTTP/1.1" 200 7435 "https://example.com/api/products" "Mozilla/5.0 (Windows NT 10.0; Win64; x64)"
172.16.0.100 - - [29/May/2026:19:25:39 +0000] "POST /api/users HTTP/1.1" 500 6250 "https://example.com/api/users" "curl/7.84.0"
10.0.0.5 - - [29/May/2026:19:25:39 +0000] "GET /api/search HTTP/1.1" 500 9821 "https://example.com/api/search" "Mozilla/5.0 (Macintosh; Intel Mac OS X 10_15_7)"
10.0.0.5 - - [29/May/2026:19:25:39 +0000] "DELETE /favicon.ico HTTP/1.1" 404 2995 "https://example.com/favicon.ico" "Mozilla/5.0 (Macintosh; Intel Mac OS X 10_15_7)"
198.51.100.7 - - [29/May/2026:19:25:40 +0000] "DELETE /api/products HTTP/1.1" 200 7415 "https://example.com/api/products" "python-requests/2.28.0"
203.0.113.42 - - [29/May/2026:19:25:40 +0000] "POST /static/app.js HTTP/1.1" 502 764 "https://example.com/static/app.js" "curl/7.84.0"
198.51.100.7 - - [29/May/2026:19:25:41 +0000] "POST /health HTTP/1.1" 200 8681 "https://example.com/health" "python-requests/2.28.0"
192.168.1.10 - - [29/May/2026:19:25:41 +0000] "PUT /api/orders HTTP/1.1" 400 9250 "https://example.com/api/orders" "Mozilla/5.0 (Windows NT 10.0; Win64; x64)"
172.16.0.100 - - [29/May/2026:19:25:42 +0000] "PUT /health HTTP/1.1" 200 7377 "https://example.com/health" "curl/7.84.0"
10.0.0.5 - - [29/May/2026:19:25:43 +0000] "DELETE /api/search HTTP/1.1" 503 7435 "https://example.com/api/search" "Mozilla/5.0 (Macintosh; Intel Mac OS X 10_15_7)"
192.168.1.10 - - [29/May/2026:19:25:43 +0000] "POST /static/app.js HTTP/1.1" 200 6261 "https://example.com/static/app.js" "curl/7.84.0"
198.51.100.7 - - [29/May/2026:19:25:44 +0000] "POST /favicon.ico HTTP/1.1" 502 2038 "https://example.com/favicon.ico" "curl/7.84.0"
198.51.100.7 - - [29/May/2026:19:25:44 +0000] "DELETE /static/app.js HTTP/1.1" 500 565 "https://example.com/static/app.js" "Mozilla/5.0 (Macintosh; Intel Mac OS X 10_15_7)"
203.0.113.42 - - [29/May/2026:19:25:45 +0000] "DELETE /api/products HTTP/1.1" 404 162 "https://example.com/api/products" "python-requests/2.28.0"
192.168.1.10 - - [29/May/2026:19:25:45 +0000] "DELETE /health HTTP/1.1" 404 8773 "https://example.com/health" "curl/7.84.0"
172.16.0.100 - - [29/May/2026:19:25:46 +0000] "GET /api/search HTTP/1.1" 200 7104 "https://example.com/api/search" "Mozilla/5.0 (Windows NT 10.0; Win64; x64)"
203.0.113.42 - - [29/May/2026:19:25:46 +0000] "DELETE /api/orders HTTP/1.1" 200 8310 "https://example.com/api/orders" "Mozilla/5.0 (Macintosh; Intel Mac OS X 10_15_7)"
203.0.113.42 - - [29/May/2026:19:25:47 +0000] "PUT /static/app.js HTTP/1.1" 500 6559 "https://example.com/static/app.js" "python-requests/2.28.0"
203.0.113.42 - - [29/May/2026:19:25:47 +0000] "PUT /favicon.ico HTTP/1.1" 400 1278 "https://example.com/favicon.ico" "Mozilla/5.0 (Windows NT 10.0; Win64; x64)"
192.168.1.10 - - [29/May/2026:19:25:48 +0000] "PUT /api/users HTTP/1.1" 200 2257 "https://example.com/api/users" "Mozilla/5.0 (Windows NT 10.0; Win64; x64)"
10.0.0.5 - - [29/May/2026:19:25:48 +0000] "PUT /api/products HTTP/1.1" 503 994 "https://example.com/api/products" "curl/7.84.0"
10.0.0.5 - - [29/May/2026:19:25:49 +0000] "POST /health HTTP/1.1" 302 7305 "https://example.com/health" "Mozilla/5.0 (Macintosh; Intel Mac OS X 10_15_7)"
192.168.1.10 - - [29/May/2026:19:25:49 +0000] "GET /api/users HTTP/1.1" 401 6610 "https://example.com/api/users" "python-requests/2.28.0"
203.0.113.42 - - [29/May/2026:19:25:49 +0000] "POST /api/users HTTP/1.1" 200 9666 "https://example.com/api/users" "Mozilla/5.0 (Macintosh; Intel Mac OS X 10_15_7)"
198.51.100.7 - - [29/May/2026:19:25:50 +0000] "PUT /api/users HTTP/1.1" 404 5001 "https://example.com/api/users" "curl/7.84.0"
198.51.100.7 - - [29/May/2026:19:25:51 +0000] "POST /api/orders HTTP/1.1" 403 5027 "https://example.com/api/orders" "Mozilla/5.0 (Windows NT 10.0; Win64; x64)"
10.0.0.5 - - [29/May/2026:19:25:51 +0000] "DELETE /login HTTP/1.1" 403 3760 "https://example.com/login" "python-requests/2.28.0"
172.16.0.100 - - [29/May/2026:19:25:52 +0000] "PUT /api/users HTTP/1.1" 301 3226 "https://example.com/api/users" "Mozilla/5.0 (Macintosh; Intel Mac OS X 10_15_7)"
10.0.0.5 - - [29/May/2026:19:25:52 +0000] "GET /health HTTP/1.1" 200 8239 "https://example.com/health" "Mozilla/5.0 (Windows NT 10.0; Win64; x64)"
172.16.0.100 - - [29/May/2026:19:25:53 +0000] "POST /api/users HTTP/1.1" 502 10008 "https://example.com/api/users" "Mozilla/5.0 (Windows NT 10.0; Win64; x64)"
10.0.0.5 - - [29/May/2026:19:25:53 +0000] "DELETE /api/orders HTTP/1.1" 503 5518 "https://example.com/api/orders" "python-requests/2.28.0"
203.0.113.42 - - [29/May/2026:19:25:54 +0000] "GET /health HTTP/1.1" 502 7837 "https://example.com/health" "python-requests/2.28.0"
10.0.0.5 - - [29/May/2026:19:25:54 +0000] "GET /api/orders HTTP/1.1" 503 2697 "https://example.com/api/orders" "Mozilla/5.0 (Windows NT 10.0; Win64; x64)"
172.16.0.100 - - [29/May/2026:19:25:54 +0000] "DELETE /login HTTP/1.1" 200 6714 "https://example.com/login" "python-requests/2.28.0"
10.0.0.5 - - [29/May/2026:19:25:55 +0000] "GET /api/search HTTP/1.1" 400 4201 "https://example.com/api/search" "Mozilla/5.0 (Windows NT 10.0; Win64; x64)"
203.0.113.42 - - [29/May/2026:19:25:55 +0000] "GET /favicon.ico HTTP/1.1" 502 4195 "https://example.com/favicon.ico" "Mozilla/5.0 (Windows NT 10.0; Win64; x64)"
198.51.100.7 - - [29/May/2026:19:25:55 +0000] "PUT /favicon.ico HTTP/1.1" 302 4858 "https://example.com/favicon.ico" "python-requests/2.28.0"
10.0.0.5 - - [29/May/2026:19:25:55 +0000] "GET /api/users HTTP/1.1" 301 5147 "https://example.com/api/users" "python-requests/2.28.0"
203.0.113.42 - - [29/May/2026:19:25:56 +0000] "GET /api/orders HTTP/1.1" 200 5327 "https://example.com/api/orders" "curl/7.84.0"
192.168.1.10 - - [29/May/2026:19:25:57 +0000] "GET /login HTTP/1.1" 301 559 "https://example.com/login" "Mozilla/5.0 (Windows NT 10.0; Win64; x64)"
172.16.0.100 - - [29/May/2026:19:25:57 +0000] "DELETE /health HTTP/1.1" 200 7581 "https://example.com/health" "Mozilla/5.0 (Windows NT 10.0; Win64; x64)"
172.16.0.100 - - [29/May/2026:19:25:57 +0000] "DELETE /login HTTP/1.1" 403 3213 "https://example.com/login" "python-requests/2.28.0"
192.168.1.10 - - [29/May/2026:19:25:58 +0000] "PUT /login HTTP/1.1" 401 2273 "https://example.com/login" "curl/7.84.0"
198.51.100.7 - - [29/May/2026:19:25:58 +0000] "POST /login HTTP/1.1" 200 6825 "https://example.com/login" "Mozilla/5.0 (Windows NT 10.0; Win64; x64)"
198.51.100.7 - - [29/May/2026:19:25:58 +0000] "PUT /static/app.js HTTP/1.1" 502 3109 "https://example.com/static/app.js" "Mozilla/5.0 (Windows NT 10.0; Win64; x64)"
10.0.0.5 - - [29/May/2026:19:25:59 +0000] "DELETE /login HTTP/1.1" 302 3591 "https://example.com/login" "curl/7.84.0"
172.16.0.100 - - [29/May/2026:19:25:59 +0000] "PUT /api/products HTTP/1.1" 500 9926 "https://example.com/api/products" "Mozilla/5.0 (Windows NT 10.0; Win64; x64)"
172.16.0.100 - - [29/May/2026:19:26:00 +0000] "POST /api/search HTTP/1.1" 200 2631 "https://example.com/api/search" "Mozilla/5.0 (Windows NT 10.0; Win64; x64)"
203.0.113.42 - - [29/May/2026:19:26:00 +0000] "PUT /api/products HTTP/1.1" 503 2686 "https://example.com/api/products" "python-requests/2.28.0"
198.51.100.7 - - [29/May/2026:19:26:01 +0000] "DELETE /health HTTP/1.1" 200 6058 "https://example.com/health" "Mozilla/5.0 (Windows NT 10.0; Win64; x64)"
172.16.0.100 - - [29/May/2026:19:26:01 +0000] "POST /api/orders HTTP/1.1" 401 1585 "https://example.com/api/orders" "Mozilla/5.0 (Windows NT 10.0; Win64; x64)"
198.51.100.7 - - [29/May/2026:19:26:02 +0000] "DELETE /api/search HTTP/1.1" 502 6567 "https://example.com/api/search" "Mozilla/5.0 (Macintosh; Intel Mac OS X 10_15_7)"
192.168.1.10 - - [29/May/2026:19:26:02 +0000] "DELETE /health HTTP/1.1" 200 7483 "https://example.com/health" "curl/7.84.0"
172.16.0.100 - - [29/May/2026:19:26:03 +0000] "DELETE /api/users HTTP/1.1" 301 200 "https://example.com/api/users" "python-requests/2.28.0"
198.51.100.7 - - [29/May/2026:19:26:03 +0000] "POST /api/orders HTTP/1.1" 500 420 "https://example.com/api/orders" "Mozilla/5.0 (Macintosh; Intel Mac OS X 10_15_7)"
192.168.1.10 - - [29/May/2026:19:26:03 +0000] "POST /favicon.ico HTTP/1.1" 200 7196 "https://example.com/favicon.ico" "curl/7.84.0"
172.16.0.100 - - [29/May/2026:19:26:03 +0000] "PUT /api/products HTTP/1.1" 200 5572 "https://example.com/api/products" "python-requests/2.28.0"
10.0.0.5 - - [29/May/2026:19:26:04 +0000] "PUT /api/orders HTTP/1.1" 200 8148 "https://example.com/api/orders" "Mozilla/5.0 (Windows NT 10.0; Win64; x64)"
192.168.1.10 - - [29/May/2026:19:26:04 +0000] "GET /favicon.ico HTTP/1.1" 400 8441 "https://example.com/favicon.ico" "Mozilla/5.0 (Macintosh; Intel Mac OS X 10_15_7)"
198.51.100.7 - - [29/May/2026:19:26:05 +0000] "POST /api/products HTTP/1.1" 200 2699 "https://example.com/api/products" "python-requests/2.28.0"
198.51.100.7 - - [29/May/2026:19:26:05 +0000] "POST /login HTTP/1.1" 301 7260 "https://example.com/login" "Mozilla/5.0 (Windows NT 10.0; Win64; x64)"
10.0.0.5 - - [29/May/2026:19:26:05 +0000] "POST /api/orders HTTP/1.1" 404 5218 "https://example.com/api/orders" "curl/7.84.0"
198.51.100.7 - - [29/May/2026:19:26:05 +0000] "PUT /api/products HTTP/1.1" 200 3916 "https://example.com/api/products" "python-requests/2.28.0"
203.0.113.42 - - [29/May/2026:19:26:06 +0000] "GET /api/search HTTP/1.1" 200 9540 "https://example.com/api/search" "curl/7.84.0"
203.0.113.42 - - [29/May/2026:19:26:06 +0000] "GET /health HTTP/1.1" 403 4554 "https://example.com/health" "Mozilla/5.0 (Windows NT 10.0; Win64; x64)"
192.168.1.10 - - [29/May/2026:19:26:06 +0000] "PUT /static/app.js HTTP/1.1" 200 9835 "https://example.com/static/app.js" "curl/7.84.0"
203.0.113.42 - - [29/May/2026:19:26:07 +0000] "GET /api/search HTTP/1.1" 200 1244 "https://example.com/api/search" "python-requests/2.28.0"
172.16.0.100 - - [29/May/2026:19:26:07 +0000] "POST /favicon.ico HTTP/1.1" 502 3759 "https://example.com/favicon.ico" "Mozilla/5.0 (Macintosh; Intel Mac OS X 10_15_7)"
172.16.0.100 - - [29/May/2026:19:26:07 +0000] "GET /api/products HTTP/1.1" 401 1654 "https://example.com/api/products" "Mozilla/5.0 (Windows NT 10.0; Win64; x64)"
198.51.100.7 - - [29/May/2026:19:26:08 +0000] "PUT /api/products HTTP/1.1" 302 1429 "https://example.com/api/products" "curl/7.84.0"
203.0.113.42 - - [29/May/2026:19:26:08 +0000] "PUT /api/orders HTTP/1.1" 200 1632 "https://example.com/api/orders" "python-requests/2.28.0"
198.51.100.7 - - [29/May/2026:19:26:09 +0000] "GET /api/products HTTP/1.1" 404 605 "https://example.com/api/products" "python-requests/2.28.0"
203.0.113.42 - - [29/May/2026:19:26:10 +0000] "DELETE /api/users HTTP/1.1" 302 6690 "https://example.com/api/users" "Mozilla/5.0 (Windows NT 10.0; Win64; x64)"
203.0.113.42 - - [29/May/2026:19:26:10 +0000] "GET /api/products HTTP/1.1" 302 584 "https://example.com/api/products" "curl/7.84.0"
192.168.1.10 - - [29/May/2026:19:26:10 +0000] "POST /api/products HTTP/1.1" 500 4247 "https://example.com/api/products" "curl/7.84.0"
198.51.100.7 - - [29/May/2026:19:26:11 +0000] "DELETE /health HTTP/1.1" 404 3603 "https://example.com/health" "Mozilla/5.0 (Macintosh; Intel Mac OS X 10_15_7)"
203.0.113.42 - - [29/May/2026:19:26:12 +0000] "GET /favicon.ico HTTP/1.1" 401 6305 "https://example.com/favicon.ico" "python-requests/2.28.0"
192.168.1.10 - - [29/May/2026:19:26:13 +0000] "PUT /api/products HTTP/1.1" 301 4624 "https://example.com/api/products" "Mozilla/5.0 (Windows NT 10.0; Win64; x64)"
10.0.0.5 - - [29/May/2026:19:26:13 +0000] "GET /api/users HTTP/1.1" 200 6035 "https://example.com/api/users" "curl/7.84.0"
172.16.0.100 - - [29/May/2026:19:26:14 +0000] "GET /api/search HTTP/1.1" 401 936 "https://example.com/api/search" "curl/7.84.0"
203.0.113.42 - - [29/May/2026:19:26:14 +0000] "GET /favicon.ico HTTP/1.1" 302 2720 "https://example.com/favicon.ico" "python-requests/2.28.0"
192.168.1.10 - - [29/May/2026:19:26:14 +0000] "GET /api/users HTTP/1.1" 200 6008 "https://example.com/api/users" "python-requests/2.28.0"
203.0.113.42 - - [29/May/2026:19:26:14 +0000] "POST /api/users HTTP/1.1" 404 361 "https://example.com/api/users" "Mozilla/5.0 (Macintosh; Intel Mac OS X 10_15_7)"
192.168.1.10 - - [29/May/2026:19:26:15 +0000] "DELETE /health HTTP/1.1" 401 6512 "https://example.com/health" "curl/7.84.0"
10.0.0.5 - - [29/May/2026:19:26:15 +0000] "POST /api/users HTTP/1.1" 404 5660 "https://example.com/api/users" "python-requests/2.28.0"
