192.168.1.10 - - [29/May/2026:19:28:54 +0000] "GET /static/app.js HTTP/1.1" 500 2150 "https://example.com/static/app.js" "python-requests/2.28.0"
10.0.0.5 - - [29/May/2026:19:28:54 +0000] "PUT /api/orders HTTP/1.1" 400 1123 "https://example.com/api/orders" "Mozilla/5.0 (Macintosh; Intel Mac OS X 10_15_7)"
10.0.0.5 - - [29/May/2026:19:28:54 +0000] "DELETE /api/products HTTP/1.1" 301 10010 "https://example.com/api/products" "Mozilla/5.0 (Macintosh; Intel Mac OS X 10_15_7)"
192.168.1.10 - - [29/May/2026:19:28:55 +0000] "PUT /static/app.js HTTP/1.1" 200 7351 "https://example.com/static/app.js" "Mozilla/5.0 (Windows NT 10.0; Win64; x64)"
198.51.100.7 - - [29/May/2026:19:28:55 +0000] "GET /login HTTP/1.1" 500 6671 "https://example.com/login" "Mozilla/5.0 (Macintosh; Intel Mac OS X 10_15_7)"
10.0.0.5 - - [29/May/2026:19:28:55 +0000] "POST /api/products HTTP/1.1" 502 1391 "https://example.com/api/products" "Mozilla/5.0 (Windows NT 10.0; Win64; x64)"
198.51.100.7 - - [29/May/2026:19:28:56 +0000] "DELETE /api/search HTTP/1.1" 200 1713 "https://example.com/api/search" "Mozilla/5.0 (Windows NT 10.0; Win64; x64)"
10.0.0.5 - - [29/May/2026:19:28:57 +0000] "POST /health HTTP/1.1" 404 9037 "https://example.com/health" "Mozilla/5.0 (Macintosh; Intel Mac OS X 10_15_7)"
198.51.100.7 - - [29/May/2026:19:28:57 +0000] "PUT /static/app.js HTTP/1.1" 400 2335 "https://example.com/static/app.js" "Mozilla/5.0 (Macintosh; Intel Mac OS X 10_15_7)"
192.168.1.10 - - [29/May/2026:19:28:57 +0000] "PUT /api/search HTTP/1.1" 401 623 "https://example.com/api/search" "Mozilla/5.0 (Windows NT 10.0; Win64; x64)"
192.168.1.10 - - [29/May/2026:19:28:57 +0000] "DELETE /static/app.js HTTP/1.1" 301 7465 "https://example.com/static/app.js" "python-requests/2.28.0"
192.168.1.10 - - [29/May/2026:19:28:58 +0000] "DELETE /health HTTP/1.1" 301 827 "https://example.com/health" "curl/7.84.0"
198.51.100.7 - - [29/May/2026:19:28:58 +0000] "GET /api/search HTTP/1.1" 404 3794 "https://example.com/api/search" "Mozilla/5.0 (Macintosh; Intel Mac OS X 10_15_7)"
192.168.1.10 - - [29/May/2026:19:28:59 +0000] "PUT /api/orders HTTP/1.1" 503 8715 "https://example.com/api/orders" "curl/7.84.0"
198.51.100.7 - - [29/May/2026:19:28:59 +0000] "GET /api/search HTTP/1.1" 404 2323 "https://example.com/api/search" "curl/7.84.0"
198.51.100.7 - - [29/May/2026:19:29:00 +0000] "GET /api/orders HTTP/1.1" 502 2586 "https://example.com/api/orders" "python-requests/2.28.0"
172.16.0.100 - - [29/May/2026:19:29:01 +0000] "PUT /api/users HTTP/1.1" 503 9005 "https://example.com/api/users" "Mozilla/5.0 (Macintosh; Intel Mac OS X 10_15_7)"
203.0.113.42 - - [29/May/2026:19:29:02 +0000] "DELETE /static/app.js HTTP/1.1" 200 5070 "https://example.com/static/app.js" "Mozilla/5.0 (Windows NT 10.0; Win64; x64)"
172.16.0.100 - - [29/May/2026:19:29:02 +0000] "GET /favicon.ico HTTP/1.1" 500 5467 "https://example.com/favicon.ico" "python-requests/2.28.0"
203.0.113.42 - - [29/May/2026:19:29:02 +0000] "POST /favicon.ico HTTP/1.1" 200 321 "https://example.com/favicon.ico" "python-requests/2.28.0"
10.0.0.5 - - [29/May/2026:19:29:03 +0000] "GET /favicon.ico HTTP/1.1" 200 859 "https://example.com/favicon.ico" "python-requests/2.28.0"
192.168.1.10 - - [29/May/2026:19:29:03 +0000] "POST /health HTTP/1.1" 200 3948 "https://example.com/health" "Mozilla/5.0 (Windows NT 10.0; Win64; x64)"
10.0.0.5 - - [29/May/2026:19:29:03 +0000] "POST /login HTTP/1.1" 200 8184 "https://example.com/login" "Mozilla/5.0 (Windows NT 10.0; Win64; x64)"
198.51.100.7 - - [29/May/2026:19:29:04 +0000] "DELETE /static/app.js HTTP/1.1" 404 1556 "https://example.com/static/app.js" "Mozilla/5.0 (Windows NT 10.0; Win64; x64)"
192.168.1.10 - - [29/May/2026:19:29:04 +0000] "POST /api/search HTTP/1.1" 503 10089 "https://example.com/api/search" "curl/7.84.0"
203.0.113.42 - - [29/May/2026:19:29:04 +0000] "POST /api/orders HTTP/1.1" 400 9470 "https://example.com/api/orders" "python-requests/2.28.0"
10.0.0.5 - - [29/May/2026:19:29:05 +0000] "POST /favicon.ico HTTP/1.1" 200 5026 "https://example.com/favicon.ico" "Mozilla/5.0 (Windows NT 10.0; Win64; x64)"
192.168.1.10 - - [29/May/2026:19:29:05 +0000] "DELETE /static/app.js HTTP/1.1" 404 4222 "https://example.com/static/app.js" "python-requests/2.28.0"
203.0.113.42 - - [29/May/2026:19:29:05 +0000] "GET /api/search HTTP/1.1" 200 2652 "https://example.com/api/search" "curl/7.84.0"
10.0.0.5 - - [29/May/2026:19:29:05 +0000] "GET /api/search HTTP/1.1" 302 6986 "https://example.com/api/search" "Mozilla/5.0 (Macintosh; Intel Mac OS X 10_15_7)"
203.0.113.42 - - [29/May/2026:19:29:06 +0000] "POST /login HTTP/1.1" 200 8501 "https://example.com/login" "Mozilla/5.0 (Macintosh; Intel Mac OS X 10_15_7)"
192.168.1.10 - - [29/May/2026:19:29:06 +0000] "GET /static/app.js HTTP/1.1" 302 7216 "https://example.com/static/app.js" "Mozilla/5.0 (Macintosh; Intel Mac OS X 10_15_7)"
10.0.0.5 - - [29/May/2026:19:29:07 +0000] "GET /health HTTP/1.1" 404 4604 "https://example.com/health" "curl/7.84.0"
192.168.1.10 - - [29/May/2026:19:29:07 +0000] "GET /api/users HTTP/1.1" 400 8466 "https://example.com/api/users" "curl/7.84.0"
198.51.100.7 - - [29/May/2026:19:29:08 +0000] "GET /favicon.ico HTTP/1.1" 200 1799 "https://example.com/favicon.ico" "curl/7.84.0"
192.168.1.10 - - [29/May/2026:19:29:08 +0000] "GET /api/orders HTTP/1.1" 200 3034 "https://example.com/api/orders" "curl/7.84.0"
192.168.1.10 - - [29/May/2026:19:29:09 +0000] "PUT /favicon.ico HTTP/1.1" 502 2409 "https://example.com/favicon.ico" "curl/7.84.0"
10.0.0.5 - - [29/May/2026:19:29:09 +0000] "DELETE /static/app.js HTTP/1.1" 403 3434 "https://example.com/static/app.js" "Mozilla/5.0 (Windows NT 10.0; Win64; x64)"
10.0.0.5 - - [29/May/2026:19:29:09 +0000] "PUT /api/orders HTTP/1.1" 200 7262 "https://example.com/api/orders" "Mozilla/5.0 (Macintosh; Intel Mac OS X 10_15_7)"
203.0.113.42 - - [29/May/2026:19:29:10 +0000] "GET /favicon.ico HTTP/1.1" 200 1930 "https://example.com/favicon.ico" "curl/7.84.0"
172.16.0.100 - - [29/May/2026:19:29:10 +0000] "GET /static/app.js HTTP/1.1" 200 5745 "https://example.com/static/app.js" "python-requests/2.28.0"
172.16.0.100 - - [29/May/2026:19:29:10 +0000] "POST /api/search HTTP/1.1" 404 9444 "https://example.com/api/search" "Mozilla/5.0 (Windows NT 10.0; Win64; x64)"
192.168.1.10 - - [29/May/2026:19:29:10 +0000] "DELETE /favicon.ico HTTP/1.1" 200 5528 "https://example.com/favicon.ico" "Mozilla/5.0 (Macintosh; Intel Mac OS X 10_15_7)"
172.16.0.100 - - [29/May/2026:19:29:11 +0000] "POST /static/app.js HTTP/1.1" 200 649 "https://example.com/static/app.js" "Mozilla/5.0 (Macintosh; Intel Mac OS X 10_15_7)"
10.0.0.5 - - [29/May/2026:19:29:11 +0000] "POST /api/products HTTP/1.1" 200 5725 "https://example.com/api/products" "Mozilla/5.0 (Macintosh; Intel Mac OS X 10_15_7)"
10.0.0.5 - - [29/May/2026:19:29:11 +0000] "GET /health HTTP/1.1" 500 9520 "https://example.com/health" "Mozilla/5.0 (Macintosh; Intel Mac OS X 10_15_7)"
10.0.0.5 - - [29/May/2026:19:29:12 +0000] "GET /api/orders HTTP/1.1" 503 403 "https://example.com/api/orders" "Mozilla/5.0 (Macintosh; Intel Mac OS X 10_15_7)"
10.0.0.5 - - [29/May/2026:19:29:12 +0000] "POST /api/search HTTP/1.1" 502 3262 "https://example.com/api/search" "Mozilla/5.0 (Macintosh; Intel Mac OS X 10_15_7)"
198.51.100.7 - - [29/May/2026:19:29:12 +0000] "GET /api/search HTTP/1.1" 200 7862 "https://example.com/api/search" "Mozilla/5.0 (Macintosh; Intel Mac OS X 10_15_7)"
198.51.100.7 - - [29/May/2026:19:29:12 +0000] "PUT /api/users HTTP/1.1" 502 5727 "https://example.com/api/users" "Mozilla/5.0 (Windows NT 10.0; Win64; x64)"
10.0.0.5 - - [29/May/2026:19:29:13 +0000] "DELETE /api/orders HTTP/1.1" 200 3050 "https://example.com/api/orders" "Mozilla/5.0 (Windows NT 10.0; Win64; x64)"
198.51.100.7 - - [29/May/2026:19:29:13 +0000] "POST /api/orders HTTP/1.1" 301 9978 "https://example.com/api/orders" "python-requests/2.28.0"
192.168.1.10 - - [29/May/2026:19:29:13 +0000] "POST /login HTTP/1.1" 404 8164 "https://example.com/login" "curl/7.84.0"
172.16.0.100 - - [29/May/2026:19:29:13 +0000] "PUT /health HTTP/1.1" 301 9786 "https://example.com/health" "Mozilla/5.0 (Macintosh; Intel Mac OS X 10_15_7)"
192.168.1.10 - - [29/May/2026:19:29:14 +0000] "POST /health HTTP/1.1" 500 1551 "https://example.com/health" "Mozilla/5.0 (Macintosh; Intel Mac OS X 10_15_7)"
192.168.1.10 - - [29/May/2026:19:29:14 +0000] "GET /static/app.js HTTP/1.1" 500 2698 "https://example.com/static/app.js" "Mozilla/5.0 (Windows NT 10.0; Win64; x64)"
172.16.0.100 - - [29/May/2026:19:29:14 +0000] "POST /favicon.ico HTTP/1.1" 200 9805 "https://example.com/favicon.ico" "Mozilla/5.0 (Macintosh; Intel Mac OS X 10_15_7)"
192.168.1.10 - - [29/May/2026:19:29:15 +0000] "PUT /login HTTP/1.1" 404 401 "https://example.com/login" "Mozilla/5.0 (Windows NT 10.0; Win64; x64)"
198.51.100.7 - - [29/May/2026:19:29:15 +0000] "DELETE /static/app.js HTTP/1.1" 404 9945 "https://example.com/static/app.js" "Mozilla/5.0 (Macintosh; Intel Mac OS X 10_15_7)"
192.168.1.10 - - [29/May/2026:19:29:15 +0000] "DELETE /favicon.ico HTTP/1.1" 200 3850 "https://example.com/favicon.ico" "Mozilla/5.0 (Windows NT 10.0; Win64; x64)"
192.168.1.10 - - [29/May/2026:19:29:15 +0000] "GET /api/orders HTTP/1.1" 200 1678 "https://example.com/api/orders" "python-requests/2.28.0"
198.51.100.7 - - [29/May/2026:19:29:16 +0000] "POST /api/orders HTTP/1.1" 200 173 "https://example.com/api/orders" "Mozilla/5.0 (Windows NT 10.0; Win64; x64)"
10.0.0.5 - - [29/May/2026:19:29:16 +0000] "GET /health HTTP/1.1" 403 6712 "https://example.com/health" "Mozilla/5.0 (Macintosh; Intel Mac OS X 10_15_7)"
198.51.100.7 - - [29/May/2026:19:29:16 +0000] "DELETE /login HTTP/1.1" 200 1280 "https://example.com/login" "curl/7.84.0"
192.168.1.10 - - [29/May/2026:19:29:17 +0000] "DELETE /api/orders HTTP/1.1" 200 3166 "https://example.com/api/orders" "curl/7.84.0"
192.168.1.10 - - [29/May/2026:19:29:18 +0000] "PUT /favicon.ico HTTP/1.1" 200 973 "https://example.com/favicon.ico" "Mozilla/5.0 (Macintosh; Intel Mac OS X 10_15_7)"
172.16.0.100 - - [29/May/2026:19:29:18 +0000] "PUT /api/orders HTTP/1.1" 200 9744 "https://example.com/api/orders" "python-requests/2.28.0"
198.51.100.7 - - [29/May/2026:19:29:18 +0000] "GET /api/search HTTP/1.1" 401 6209 "https://example.com/api/search" "Mozilla/5.0 (Macintosh; Intel Mac OS X 10_15_7)"
192.168.1.10 - - [29/May/2026:19:29:19 +0000] "GET /favicon.ico HTTP/1.1" 502 5684 "https://example.com/favicon.ico" "python-requests/2.28.0"
10.0.0.5 - - [29/May/2026:19:29:19 +0000] "DELETE /api/orders HTTP/1.1" 200 8663 "https://example.com/api/orders" "Mozilla/5.0 (Macintosh; Intel Mac OS X 10_15_7)"
10.0.0.5 - - [29/May/2026:19:29:20 +0000] "POST /login HTTP/1.1" 200 4773 "https://example.com/login" "Mozilla/5.0 (Macintosh; Intel Mac OS X 10_15_7)"
203.0.113.42 - - [29/May/2026:19:29:20 +0000] "GET /login HTTP/1.1" 500 9570 "https://example.com/login" "Mozilla/5.0 (Macintosh; Intel Mac OS X 10_15_7)"
198.51.100.7 - - [29/May/2026:19:29:21 +0000] "GET /favicon.ico HTTP/1.1" 200 7181 "https://example.com/favicon.ico" "curl/7.84.0"
172.16.0.100 - - [29/May/2026:19:29:22 +0000] "DELETE /static/app.js HTTP/1.1" 404 7957 "https://example.com/static/app.js" "python-requests/2.28.0"
172.16.0.100 - - [29/May/2026:19:29:22 +0000] "POST /api/orders HTTP/1.1" 301 8008 "https://example.com/api/orders" "Mozilla/5.0 (Windows NT 10.0; Win64; x64)"
203.0.113.42 - - [29/May/2026:19:29:23 +0000] "GET /health HTTP/1.1" 404 6847 "https://example.com/health" "python-requests/2.28.0"
203.0.113.42 - - [29/May/2026:19:29:23 +0000] "DELETE /api/products HTTP/1.1" 200 3863 "https://example.com/api/products" "curl/7.84.0"
10.0.0.5 - - [29/May/2026:19:29:23 +0000] "PUT /api/products HTTP/1.1" 200 3127 "https://example.com/api/products" "curl/7.84.0"
172.16.0.100 - - [29/May/2026:19:29:23 +0000] "GET /api/users HTTP/1.1" 200 5864 "https://example.com/api/users" "curl/7.84.0"
198.51.100.7 - - [29/May/2026:19:29:24 +0000] "POST /api/search HTTP/1.1" 200 7431 "https://example.com/api/search" "curl/7.84.0"
10.0.0.5 - - [29/May/2026:19:29:24 +0000] "POST /login HTTP/1.1" 403 9140 "https://example.com/login" "curl/7.84.0"
203.0.113.42 - - [29/May/2026:19:29:25 +0000] "POST /api/users HTTP/1.1" 403 1701 "https://example.com/api/users" "Mozilla/5.0 (Macintosh; Intel Mac OS X 10_15_7)"
10.0.0.5 - - [29/May/2026:19:29:25 +0000] "POST /api/users HTTP/1.1" 404 3371 "https://example.com/api/users" "curl/7.84.0"
172.16.0.100 - - [29/May/2026:19:29:25 +0000] "DELETE /favicon.ico HTTP/1.1" 301 9066 "https://example.com/favicon.ico" "python-requests/2.28.0"
198.51.100.7 - - [29/May/2026:19:29:25 +0000] "GET /login HTTP/1.1" 404 9237 "https://example.com/login" "Mozilla/5.0 (Macintosh; Intel Mac OS X 10_15_7)"
10.0.0.5 - - [29/May/2026:19:29:26 +0000] "POST /api/search HTTP/1.1" 400 7451 "https://example.com/api/search" "Mozilla/5.0 (Macintosh; Intel Mac OS X 10_15_7)"
172.16.0.100 - - [29/May/2026:19:29:26 +0000] "GET /api/search HTTP/1.1" 200 3117 "https://example.com/api/search" "curl/7.84.0"
203.0.113.42 - - [29/May/2026:19:29:27 +0000] "DELETE /login HTTP/1.1" 503 545 "https://example.com/login" "Mozilla/5.0 (Macintosh; Intel Mac OS X 10_15_7)"
10.0.0.5 - - [29/May/2026:19:29:27 +0000] "DELETE /api/search HTTP/1.1" 200 7400 "https://example.com/api/search" "curl/7.84.0"
203.0.113.42 - - [29/May/2026:19:29:28 +0000] "PUT /api/search HTTP/1.1" 503 3071 "https://example.com/api/search" "Mozilla/5.0 (Windows NT 10.0; Win64; x64)"
172.16.0.100 - - [29/May/2026:19:29:28 +0000] "PUT /api/search HTTP/1.1" 403 8780 "https://example.com/api/search" "curl/7.84.0"
10.0.0.5 - - [29/May/2026:19:29:28 +0000] "GET /favicon.ico HTTP/1.1" 301 7558 "https://example.com/favicon.ico" "Mozilla/5.0 (Macintosh; Intel Mac OS X 10_15_7)"
198.51.100.7 - - [29/May/2026:19:29:29 +0000] "DELETE /api/search HTTP/1.1" 400 9297 "https://example.com/api/search" "curl/7.84.0"
192.168.1.10 - - [29/May/2026:19:29:29 +0000] "PUT /login HTTP/1.1" 502 8272 "https://example.com/login" "python-requests/2.28.0"
198.51.100.7 - - [29/May/2026:19:29:30 +0000] "PUT /api/products HTTP/1.1" 404 8413 "https://example.com/api/products" "Mozilla/5.0 (Windows NT 10.0; Win64; x64)"
172.16.0.100 - - [29/May/2026:19:29:30 +0000] "GET /api/products HTTP/1.1" 200 1766 "https://example.com/api/products" "Mozilla/5.0 (Windows NT 10.0; Win64; x64)"
172.16.0.100 - - [29/May/2026:19:29:31 +0000] "GET /login HTTP/1.1" 404 3246 "https://example.com/login" "curl/7.84.0"
172.16.0.100 - - [29/May/2026:19:29:31 +0000] "POST /health HTTP/1.1" 200 5537 "https://example.com/health" "Mozilla/5.0 (Macintosh; Intel Mac OS X 10_15_7)"
192.168.1.10 - - [29/May/2026:19:29:31 +0000] "PUT /login HTTP/1.1" 502 4455 "https://example.com/login" "Mozilla/5.0 (Windows NT 10.0; Win64; x64)"
198.51.100.7 - - [29/May/2026:19:29:32 +0000] "PUT /health HTTP/1.1" 200 4675 "https://example.com/health" "curl/7.84.0"
203.0.113.42 - - [29/May/2026:19:29:32 +0000] "GET /health HTTP/1.1" 401 1829 "https://example.com/health" "Mozilla/5.0 (Macintosh; Intel Mac OS X 10_15_7)"
10.0.0.5 - - [29/May/2026:19:29:33 +0000] "PUT /api/products HTTP/1.1" 200 4506 "https://example.com/api/products" "Mozilla/5.0 (Macintosh; Intel Mac OS X 10_15_7)"
172.16.0.100 - - [29/May/2026:19:29:33 +0000] "GET /favicon.ico HTTP/1.1" 404 4400 "https://example.com/favicon.ico" "Mozilla/5.0 (Windows NT 10.0; Win64; x64)"
10.0.0.5 - - [29/May/2026:19:29:34 +0000] "DELETE /favicon.ico HTTP/1.1" 200 9244 "https://example.com/favicon.ico" "Mozilla/5.0 (Macintosh; Intel Mac OS X 10_15_7)"
10.0.0.5 - - [29/May/2026:19:29:34 +0000] "POST /login HTTP/1.1" 301 9168 "https://example.com/login" "python-requests/2.28.0"
10.0.0.5 - - [29/May/2026:19:29:34 +0000] "DELETE /static/app.js HTTP/1.1" 200 1760 "https://example.com/static/app.js" "Mozilla/5.0 (Macintosh; Intel Mac OS X 10_15_7)"
198.51.100.7 - - [29/May/2026:19:29:34 +0000] "PUT /static/app.js HTTP/1.1" 401 7423 "https://example.com/static/app.js" "Mozilla/5.0 (Macintosh; Intel Mac OS X 10_15_7)"
172.16.0.100 - - [29/May/2026:19:29:35 +0000] "DELETE /health HTTP/1.1" 403 4307 "https://example.com/health" "python-requests/2.28.0"
192.168.1.10 - - [29/May/2026:19:29:35 +0000] "PUT /api/orders HTTP/1.1" 502 7445 "https://example.com/api/orders" "python-requests/2.28.0"
198.51.100.7 - - [29/May/2026:19:29:35 +0000] "PUT /login HTTP/1.1" 400 3397 "https://example.com/login" "curl/7.84.0"
198.51.100.7 - - [29/May/2026:19:29:36 +0000] "PUT /api/orders HTTP/1.1" 500 2185 "https://example.com/api/orders" "Mozilla/5.0 (Macintosh; Intel Mac OS X 10_15_7)"
192.168.1.10 - - [29/May/2026:19:29:36 +0000] "DELETE /health HTTP/1.1" 301 6743 "https://example.com/health" "curl/7.84.0"
10.0.0.5 - - [29/May/2026:19:29:36 +0000] "POST /api/products HTTP/1.1" 200 6367 "https://example.com/api/products" "Mozilla/5.0 (Windows NT 10.0; Win64; x64)"
203.0.113.42 - - [29/May/2026:19:29:36 +0000] "POST /login HTTP/1.1" 200 1229 "https://example.com/login" "curl/7.84.0"
198.51.100.7 - - [29/May/2026:19:29:36 +0000] "DELETE /login HTTP/1.1" 403 1284 "https://example.com/login" "python-requests/2.28.0"
192.168.1.10 - - [29/May/2026:19:29:37 +0000] "DELETE /favicon.ico HTTP/1.1" 500 5640 "https://example.com/favicon.ico" "Mozilla/5.0 (Macintosh; Intel Mac OS X 10_15_7)"
198.51.100.7 - - [29/May/2026:19:29:37 +0000] "DELETE /favicon.ico HTTP/1.1" 500 9994 "https://example.com/favicon.ico" "Mozilla/5.0 (Macintosh; Intel Mac OS X 10_15_7)"
172.16.0.100 - - [29/May/2026:19:29:37 +0000] "POST /login HTTP/1.1" 200 8883 "https://example.com/login" "curl/7.84.0"
192.168.1.10 - - [29/May/2026:19:29:38 +0000] "DELETE /api/orders HTTP/1.1" 301 7485 "https://example.com/api/orders" "curl/7.84.0"
172.16.0.100 - - [29/May/2026:19:29:39 +0000] "POST /login HTTP/1.1" 404 9670 "https://example.com/login" "Mozilla/5.0 (Windows NT 10.0; Win64; x64)"
198.51.100.7 - - [29/May/2026:19:29:39 +0000] "PUT /static/app.js HTTP/1.1" 503 2215 "https://example.com/static/app.js" "Mozilla/5.0 (Windows NT 10.0; Win64; x64)"
203.0.113.42 - - [29/May/2026:19:29:39 +0000] "POST /favicon.ico HTTP/1.1" 404 285 "https://example.com/favicon.ico" "python-requests/2.28.0"
198.51.100.7 - - [29/May/2026:19:29:40 +0000] "GET /api/products HTTP/1.1" 200 8559 "https://example.com/api/products" "python-requests/2.28.0"
10.0.0.5 - - [29/May/2026:19:29:40 +0000] "GET /health HTTP/1.1" 403 7485 "https://example.com/health" "Mozilla/5.0 (Macintosh; Intel Mac OS X 10_15_7)"
198.51.100.7 - - [29/May/2026:19:29:41 +0000] "DELETE /api/search HTTP/1.1" 200 4428 "https://example.com/api/search" "curl/7.84.0"
10.0.0.5 - - [29/May/2026:19:29:41 +0000] "POST /login HTTP/1.1" 200 6350 "https://example.com/login" "python-requests/2.28.0"
10.0.0.5 - - [29/May/2026:19:29:42 +0000] "POST /api/search HTTP/1.1" 502 2123 "https://example.com/api/search" "curl/7.84.0"
198.51.100.7 - - [29/May/2026:19:29:42 +0000] "DELETE /api/products HTTP/1.1" 200 5738 "https://example.com/api/products" "curl/7.84.0"
172.16.0.100 - - [29/May/2026:19:29:43 +0000] "PUT /api/products HTTP/1.1" 200 4001 "https://example.com/api/products" "Mozilla/5.0 (Windows NT 10.0; Win64; x64)"
198.51.100.7 - - [29/May/2026:19:29:43 +0000] "GET /api/products HTTP/1.1" 403 9515 "https://example.com/api/products" "curl/7.84.0"
198.51.100.7 - - [29/May/2026:19:29:44 +0000] "POST /api/products HTTP/1.1" 302 862 "https://example.com/api/products" "Mozilla/5.0 (Windows NT 10.0; Win64; x64)"
172.16.0.100 - - [29/May/2026:19:29:44 +0000] "DELETE /api/users HTTP/1.1" 200 8736 "https://example.com/api/users" "Mozilla/5.0 (Windows NT 10.0; Win64; x64)"
10.0.0.5 - - [29/May/2026:19:29:45 +0000] "DELETE /static/app.js HTTP/1.1" 403 612 "https://example.com/static/app.js" "Mozilla/5.0 (Macintosh; Intel Mac OS X 10_15_7)"
203.0.113.42 - - [29/May/2026:19:29:45 +0000] "POST /api/orders HTTP/1.1" 403 4299 "https://example.com/api/orders" "Mozilla/5.0 (Macintosh; Intel Mac OS X 10_15_7)"
192.168.1.10 - - [29/May/2026:19:29:46 +0000] "PUT /api/orders HTTP/1.1" 200 5820 "https://example.com/api/orders" "Mozilla/5.0 (Macintosh; Intel Mac OS X 10_15_7)"
10.0.0.5 - - [29/May/2026:19:29:47 +0000] "DELETE /static/app.js HTTP/1.1" 200 8526 "https://example.com/static/app.js" "python-requests/2.28.0"
198.51.100.7 - - [29/May/2026:19:29:47 +0000] "POST /api/users HTTP/1.1" 301 5276 "https://example.com/api/users" "Mozilla/5.0 (Macintosh; Intel Mac OS X 10_15_7)"
192.168.1.10 - - [29/May/2026:19:29:48 +0000] "GET /api/products HTTP/1.1" 200 8612 "https://example.com/api/products" "python-requests/2.28.0"
198.51.100.7 - - [29/May/2026:19:29:48 +0000] "PUT /api/orders HTTP/1.1" 404 9266 "https://example.com/api/orders" "Mozilla/5.0 (Windows NT 10.0; Win64; x64)"
203.0.113.42 - - [29/May/2026:19:29:48 +0000] "PUT /login HTTP/1.1" 500 6506 "https://example.com/login" "curl/7.84.0"
172.16.0.100 - - [29/May/2026:19:29:49 +0000] "DELETE /api/products HTTP/1.1" 404 3721 "https://example.com/api/products" "python-requests/2.28.0"
203.0.113.42 - - [29/May/2026:19:29:49 +0000] "POST /login HTTP/1.1" 200 6099 "https://example.com/login" "curl/7.84.0"
192.168.1.10 - - [29/May/2026:19:29:50 +0000] "POST /static/app.js HTTP/1.1" 301 9846 "https://example.com/static/app.js" "python-requests/2.28.0"
192.168.1.10 - - [29/May/2026:19:29:50 +0000] "GET /api/users HTTP/1.1" 404 684 "https://example.com/api/users" "python-requests/2.28.0"
192.168.1.10 - - [29/May/2026:19:29:51 +0000] "DELETE /static/app.js HTTP/1.1" 401 9608 "https://example.com/static/app.js" "Mozilla/5.0 (Windows NT 10.0; Win64; x64)"
203.0.113.42 - - [29/May/2026:19:29:51 +0000] "POST /api/users HTTP/1.1" 500 875 "https://example.com/api/users" "Mozilla/5.0 (Macintosh; Intel Mac OS X 10_15_7)"
192.168.1.10 - - [29/May/2026:19:29:52 +0000] "GET /login HTTP/1.1" 200 4170 "https://example.com/login" "Mozilla/5.0 (Macintosh; Intel Mac OS X 10_15_7)"
10.0.0.5 - - [29/May/2026:19:29:53 +0000] "POST /api/users HTTP/1.1" 503 4341 "https://example.com/api/users" "Mozilla/5.0 (Macintosh; Intel Mac OS X 10_15_7)"
10.0.0.5 - - [29/May/2026:19:29:53 +0000] "DELETE /api/orders HTTP/1.1" 400 6058 "https://example.com/api/orders" "Mozilla/5.0 (Windows NT 10.0; Win64; x64)"
192.168.1.10 - - [29/May/2026:19:29:53 +0000] "DELETE /api/orders HTTP/1.1" 200 9774 "https://example.com/api/orders" "python-requests/2.28.0"
192.168.1.10 - - [29/May/2026:19:29:54 +0000] "GET /static/app.js HTTP/1.1" 401 6112 "https://example.com/static/app.js" "python-requests/2.28.0"
198.51.100.7 - - [29/May/2026:19:29:54 +0000] "DELETE /login HTTP/1.1" 400 4405 "https://example.com/login" "curl/7.84.0"
198.51.100.7 - - [29/May/2026:19:29:54 +0000] "GET /health HTTP/1.1" 401 4254 "https://example.com/health" "python-requests/2.28.0"
203.0.113.42 - - [29/May/2026:19:29:54 +0000] "POST /login HTTP/1.1" 404 6127 "https://example.com/login" "Mozilla/5.0 (Windows NT 10.0; Win64; x64)"
172.16.0.100 - - [29/May/2026:19:29:55 +0000] "DELETE /api/orders HTTP/1.1" 404 3133 "https://example.com/api/orders" "python-requests/2.28.0"
10.0.0.5 - - [29/May/2026:19:29:55 +0000] "PUT /api/users HTTP/1.1" 200 2440 "https://example.com/api/users" "python-requests/2.28.0"
10.0.0.5 - - [29/May/2026:19:29:56 +0000] "POST /static/app.js HTTP/1.1" 200 7809 "https://example.com/static/app.js" "Mozilla/5.0 (Macintosh; Intel Mac OS X 10_15_7)"
192.168.1.10 - - [29/May/2026:19:29:56 +0000] "GET /api/orders HTTP/1.1" 503 6498 "https://example.com/api/orders" "Mozilla/5.0 (Windows NT 10.0; Win64; x64)"
172.16.0.100 - - [29/May/2026:19:29:56 +0000] "PUT /api/products HTTP/1.1" 502 1222 "https://example.com/api/products" "Mozilla/5.0 (Macintosh; Intel Mac OS X 10_15_7)"
172.16.0.100 - - [29/May/2026:19:29:57 +0000] "GET /static/app.js HTTP/1.1" 400 8403 "https://example.com/static/app.js" "python-requests/2.28.0"
172.16.0.100 - - [29/May/2026:19:29:57 +0000] "GET /api/products HTTP/1.1" 200 5509 "https://example.com/api/products" "Mozilla/5.0 (Windows NT 10.0; Win64; x64)"
198.51.100.7 - - [29/May/2026:19:29:57 +0000] "GET /api/search HTTP/1.1" 301 2793 "https://example.com/api/search" "curl/7.84.0"
192.168.1.10 - - [29/May/2026:19:29:58 +0000] "POST /login HTTP/1.1" 200 5997 "https://example.com/login" "python-requests/2.28.0"
10.0.0.5 - - [29/May/2026:19:29:58 +0000] "GET /health HTTP/1.1" 403 5469 "https://example.com/health" "Mozilla/5.0 (Windows NT 10.0; Win64; x64)"
192.168.1.10 - - [29/May/2026:19:29:58 +0000] "DELETE /health HTTP/1.1" 404 5744 "https://example.com/health" "curl/7.84.0"
192.168.1.10 - - [29/May/2026:19:29:59 +0000] "GET /static/app.js HTTP/1.1" 404 2897 "https://example.com/static/app.js" "Mozilla/5.0 (Windows NT 10.0; Win64; x64)"
192.168.1.10 - - [29/May/2026:19:29:59 +0000] "DELETE /health HTTP/1.1" 403 1532 "https://example.com/health" "curl/7.84.0"
198.51.100.7 - - [29/May/2026:19:29:59 +0000] "GET /api/orders HTTP/1.1" 502 6088 "https://example.com/api/orders" "python-requests/2.28.0"
198.51.100.7 - - [29/May/2026:19:30:00 +0000] "POST /static/app.js HTTP/1.1" 400 6977 "https://example.com/static/app.js" "python-requests/2.28.0"
172.16.0.100 - - [29/May/2026:19:30:00 +0000] "GET /login HTTP/1.1" 200 4103 "https://example.com/login" "Mozilla/5.0 (Macintosh; Intel Mac OS X 10_15_7)"
172.16.0.100 - - [29/May/2026:19:30:01 +0000] "PUT /api/products HTTP/1.1" 200 8170 "https://example.com/api/products" "Mozilla/5.0 (Windows NT 10.0; Win64; x64)"
192.168.1.10 - - [29/May/2026:19:30:01 +0000] "POST /static/app.js HTTP/1.1" 500 5053 "https://example.com/static/app.js" "curl/7.84.0"
203.0.113.42 - - [29/May/2026:19:30:01 +0000] "DELETE /api/users HTTP/1.1" 403 1295 "https://example.com/api/users" "Mozilla/5.0 (Windows NT 10.0; Win64; x64)"
203.0.113.42 - - [29/May/2026:19:30:02 +0000] "PUT /login HTTP/1.1" 200 3976 "https://example.com/login" "python-requests/2.28.0"
172.16.0.100 - - [29/May/2026:19:30:02 +0000] "PUT /api/search HTTP/1.1" 200 761 "https://example.com/api/search" "Mozilla/5.0 (Macintosh; Intel Mac OS X 10_15_7)"
203.0.113.42 - - [29/May/2026:19:30:02 +0000] "GET /favicon.ico HTTP/1.1" 200 5457 "https://example.com/favicon.ico" "Mozilla/5.0 (Macintosh; Intel Mac OS X 10_15_7)"
198.51.100.7 - - [29/May/2026:19:30:03 +0000] "GET /login HTTP/1.1" 200 8734 "https://example.com/login" "Mozilla/5.0 (Windows NT 10.0; Win64; x64)"
203.0.113.42 - - [29/May/2026:19:30:04 +0000] "POST /health HTTP/1.1" 200 1978 "https://example.com/health" "Mozilla/5.0 (Windows NT 10.0; Win64; x64)"
192.168.1.10 - - [29/May/2026:19:30:04 +0000] "DELETE /api/users HTTP/1.1" 400 8841 "https://example.com/api/users" "Mozilla/5.0 (Macintosh; Intel Mac OS X 10_15_7)"
172.16.0.100 - - [29/May/2026:19:30:05 +0000] "GET /api/orders HTTP/1.1" 200 5381 "https://example.com/api/orders" "python-requests/2.28.0"
10.0.0.5 - - [29/May/2026:19:30:05 +0000] "PUT /api/products HTTP/1.1" 502 6861 "https://example.com/api/products" "Mozilla/5.0 (Macintosh; Intel Mac OS X 10_15_7)"
198.51.100.7 - - [29/May/2026:19:30:06 +0000] "DELETE /api/users HTTP/1.1" 401 9777 "https://example.com/api/users" "curl/7.84.0"
172.16.0.100 - - [29/May/2026:19:30:07 +0000] "POST /login HTTP/1.1" 502 9750 "https://example.com/login" "Mozilla/5.0 (Windows NT 10.0; Win64; x64)"
10.0.0.5 - - [29/May/2026:19:30:07 +0000] "PUT /static/app.js HTTP/1.1" 200 3300 "https://example.com/static/app.js" "Mozilla/5.0 (Macintosh; Intel Mac OS X 10_15_7)"
172.16.0.100 - - [29/May/2026:19:30:07 +0000] "POST /static/app.js HTTP/1.1" 200 8958 "https://example.com/static/app.js" "Mozilla/5.0 (Macintosh; Intel Mac OS X 10_15_7)"
10.0.0.5 - - [29/May/2026:19:30:08 +0000] "GET /static/app.js HTTP/1.1" 502 3417 "https://example.com/static/app.js" "python-requests/2.28.0"
10.0.0.5 - - [29/May/2026:19:30:08 +0000] "POST /login HTTP/1.1" 401 643 "https://example.com/login" "Mozilla/5.0 (Macintosh; Intel Mac OS X 10_15_7)"
203.0.113.42 - - [29/May/2026:19:30:08 +0000] "POST /login HTTP/1.1" 404 3382 "https://example.com/login" "curl/7.84.0"
10.0.0.5 - - [29/May/2026:19:30:08 +0000] "POST /favicon.ico HTTP/1.1" 401 7511 "https://example.com/favicon.ico" "python-requests/2.28.0"
198.51.100.7 - - [29/May/2026:19:30:09 +0000] "GET /api/orders HTTP/1.1" 500 3523 "https://example.com/api/orders" "Mozilla/5.0 (Macintosh; Intel Mac OS X 10_15_7)"
198.51.100.7 - - [29/May/2026:19:30:09 +0000] "POST /static/app.js HTTP/1.1" 200 7355 "https://example.com/static/app.js" "curl/7.84.0"
198.51.100.7 - - [29/May/2026:19:30:09 +0000] "PUT /favicon.ico HTTP/1.1" 503 4143 "https://example.com/favicon.ico" "python-requests/2.28.0"
192.168.1.10 - - [29/May/2026:19:30:09 +0000] "DELETE /health HTTP/1.1" 404 8050 "https://example.com/health" "curl/7.84.0"
192.168.1.10 - - [29/May/2026:19:30:10 +0000] "GET /login HTTP/1.1" 200 8595 "https://example.com/login" "Mozilla/5.0 (Macintosh; Intel Mac OS X 10_15_7)"
192.168.1.10 - - [29/May/2026:19:30:10 +0000] "DELETE /login HTTP/1.1" 403 2130 "https://example.com/login" "Mozilla/5.0 (Macintosh; Intel Mac OS X 10_15_7)"
172.16.0.100 - - [29/May/2026:19:30:11 +0000] "PUT /api/search HTTP/1.1" 503 2032 "https://example.com/api/search" "Mozilla/5.0 (Macintosh; Intel Mac OS X 10_15_7)"
203.0.113.42 - - [29/May/2026:19:30:11 +0000] "POST /api/users HTTP/1.1" 200 3802 "https://example.com/api/users" "python-requests/2.28.0"
198.51.100.7 - - [29/May/2026:19:30:12 +0000] "DELETE /api/users HTTP/1.1" 200 888 "https://example.com/api/users" "curl/7.84.0"
203.0.113.42 - - [29/May/2026:19:30:12 +0000] "POST /login HTTP/1.1" 503 4468 "https://example.com/login" "curl/7.84.0"
203.0.113.42 - - [29/May/2026:19:30:13 +0000] "DELETE /api/users HTTP/1.1" 404 3752 "https://example.com/api/users" "Mozilla/5.0 (Windows NT 10.0; Win64; x64)"
172.16.0.100 - - [29/May/2026:19:30:13 +0000] "POST /api/orders HTTP/1.1" 503 6304 "https://example.com/api/orders" "python-requests/2.28.0"
203.0.113.42 - - [29/May/2026:19:30:13 +0000] "GET /api/users HTTP/1.1" 404 2216 "https://example.com/api/users" "curl/7.84.0"
172.16.0.100 - - [29/May/2026:19:30:13 +0000] "DELETE /api/orders HTTP/1.1" 301 5719 "https://example.com/api/orders" "curl/7.84.0"
10.0.0.5 - - [29/May/2026:19:30:14 +0000] "POST /api/orders HTTP/1.1" 503 4882 "https://example.com/api/orders" "python-requests/2.28.0"
198.51.100.7 - - [29/May/2026:19:30:14 +0000] "POST /api/orders HTTP/1.1" 404 5095 "https://example.com/api/orders" "Mozilla/5.0 (Macintosh; Intel Mac OS X 10_15_7)"
192.168.1.10 - - [29/May/2026:19:30:14 +0000] "POST /api/orders HTTP/1.1" 200 1974 "https://example.com/api/orders" "curl/7.84.0"
192.168.1.10 - - [29/May/2026:19:30:15 +0000] "DELETE /health HTTP/1.1" 503 442 "https://example.com/health" "Mozilla/5.0 (Windows NT 10.0; Win64; x64)"
198.51.100.7 - - [29/May/2026:19:30:15 +0000] "PUT /api/orders HTTP/1.1" 401 7316 "https://example.com/api/orders" "curl/7.84.0"
10.0.0.5 - - [29/May/2026:19:30:16 +0000] "POST /api/search HTTP/1.1" 301 1408 "https://example.com/api/search" "Mozilla/5.0 (Macintosh; Intel Mac OS X 10_15_7)"
10.0.0.5 - - [29/May/2026:19:30:16 +0000] "GET /api/products HTTP/1.1" 503 8615 "https://example.com/api/products" "Mozilla/5.0 (Macintosh; Intel Mac OS X 10_15_7)"
192.168.1.10 - - [29/May/2026:19:30:16 +0000] "PUT /login HTTP/1.1" 200 4190 "https://example.com/login" "python-requests/2.28.0"
203.0.113.42 - - [29/May/2026:19:30:17 +0000] "GET /api/users HTTP/1.1" 401 6854 "https://example.com/api/users" "Mozilla/5.0 (Macintosh; Intel Mac OS X 10_15_7)"
198.51.100.7 - - [29/May/2026:19:30:17 +0000] "PUT /api/products HTTP/1.1" 200 5090 "https://example.com/api/products" "Mozilla/5.0 (Windows NT 10.0; Win64; x64)"
192.168.1.10 - - [29/May/2026:19:30:17 +0000] "PUT /api/products HTTP/1.1" 200 6186 "https://example.com/api/products" "python-requests/2.28.0"
192.168.1.10 - - [29/May/2026:19:30:18 +0000] "GET /api/users HTTP/1.1" 302 7208 "https://example.com/api/users" "curl/7.84.0"
203.0.113.42 - - [29/May/2026:19:30:19 +0000] "PUT /login HTTP/1.1" 200 4046 "https://example.com/login" "Mozilla/5.0 (Macintosh; Intel Mac OS X 10_15_7)"
172.16.0.100 - - [29/May/2026:19:30:20 +0000] "GET /api/orders HTTP/1.1" 302 6962 "https://example.com/api/orders" "Mozilla/5.0 (Macintosh; Intel Mac OS X 10_15_7)"
192.168.1.10 - - [29/May/2026:19:30:20 +0000] "GET /login HTTP/1.1" 500 9575 "https://example.com/login" "python-requests/2.28.0"
203.0.113.42 - - [29/May/2026:19:30:21 +0000] "POST /static/app.js HTTP/1.1" 200 5058 "https://example.com/static/app.js" "curl/7.84.0"
172.16.0.100 - - [29/May/2026:19:30:21 +0000] "POST /api/users HTTP/1.1" 200 7697 "https://example.com/api/users" "curl/7.84.0"
198.51.100.7 - - [29/May/2026:19:30:21 +0000] "GET /health HTTP/1.1" 401 3915 "https://example.com/health" "curl/7.84.0"
198.51.100.7 - - [29/May/2026:19:30:22 +0000] "GET /api/products HTTP/1.1" 200 6463 "https://example.com/api/products" "Mozilla/5.0 (Windows NT 10.0; Win64; x64)"
10.0.0.5 - - [29/May/2026:19:30:22 +0000] "PUT /api/search HTTP/1.1" 200 2640 "https://example.com/api/search" "Mozilla/5.0 (Macintosh; Intel Mac OS X 10_15_7)"
172.16.0.100 - - [29/May/2026:19:30:23 +0000] "GET /api/products HTTP/1.1" 403 5890 "https://example.com/api/products" "Mozilla/5.0 (Windows NT 10.0; Win64; x64)"
198.51.100.7 - - [29/May/2026:19:30:23 +0000] "PUT /api/users HTTP/1.1" 200 6104 "https://example.com/api/users" "python-requests/2.28.0"
172.16.0.100 - - [29/May/2026:19:30:23 +0000] "POST /login HTTP/1.1" 302 7149 "https://example.com/login" "Mozilla/5.0 (Windows NT 10.0; Win64; x64)"
10.0.0.5 - - [29/May/2026:19:30:24 +0000] "DELETE /api/orders HTTP/1.1" 500 669 "https://example.com/api/orders" "curl/7.84.0"
203.0.113.42 - - [29/May/2026:19:30:24 +0000] "DELETE /static/app.js HTTP/1.1" 500 2673 "https://example.com/static/app.js" "Mozilla/5.0 (Windows NT 10.0; Win64; x64)"
198.51.100.7 - - [29/May/2026:19:30:26 +0000] "GET /api/users HTTP/1.1" 302 3009 "https://example.com/api/users" "curl/7.84.0"
203.0.113.42 - - [29/May/2026:19:30:26 +0000] "PUT /api/search HTTP/1.1" 500 7498 "https://example.com/api/search" "python-requests/2.28.0"
172.16.0.100 - - [29/May/2026:19:30:26 +0000] "PUT /favicon.ico HTTP/1.1" 403 7492 "https://example.com/favicon.ico" "python-requests/2.28.0"
10.0.0.5 - - [29/May/2026:19:30:27 +0000] "DELETE /favicon.ico HTTP/1.1" 200 2881 "https://example.com/favicon.ico" "python-requests/2.28.0"
203.0.113.42 - - [29/May/2026:19:30:27 +0000] "DELETE /api/orders HTTP/1.1" 200 715 "https://example.com/api/orders" "curl/7.84.0"
172.16.0.100 - - [29/May/2026:19:30:27 +0000] "GET /static/app.js HTTP/1.1" 502 8272 "https://example.com/static/app.js" "Mozilla/5.0 (Macintosh; Intel Mac OS X 10_15_7)"
10.0.0.5 - - [29/May/2026:19:30:27 +0000] "POST /api/search HTTP/1.1" 502 8427 "https://example.com/api/search" "curl/7.84.0"
172.16.0.100 - - [29/May/2026:19:30:27 +0000] "PUT /api/products HTTP/1.1" 401 5028 "https://example.com/api/products" "curl/7.84.0"
203.0.113.42 - - [29/May/2026:19:30:27 +0000] "DELETE /api/users HTTP/1.1" 302 2352 "https://example.com/api/users" "Mozilla/5.0 (Macintosh; Intel Mac OS X 10_15_7)"
192.168.1.10 - - [29/May/2026:19:30:28 +0000] "POST /api/users HTTP/1.1" 401 5925 "https://example.com/api/users" "Mozilla/5.0 (Macintosh; Intel Mac OS X 10_15_7)"
172.16.0.100 - - [29/May/2026:19:30:29 +0000] "POST /api/users HTTP/1.1" 200 487 "https://example.com/api/users" "curl/7.84.0"
198.51.100.7 - - [29/May/2026:19:30:29 +0000] "POST /static/app.js HTTP/1.1" 200 603 "https://example.com/static/app.js" "Mozilla/5.0 (Macintosh; Intel Mac OS X 10_15_7)"
192.168.1.10 - - [29/May/2026:19:30:29 +0000] "PUT /api/products HTTP/1.1" 502 786 "https://example.com/api/products" "Mozilla/5.0 (Windows NT 10.0; Win64; x64)"
198.51.100.7 - - [29/May/2026:19:30:30 +0000] "GET /static/app.js HTTP/1.1" 301 10039 "https://example.com/static/app.js" "curl/7.84.0"
198.51.100.7 - - [29/May/2026:19:30:30 +0000] "POST /health HTTP/1.1" 400 6682 "https://example.com/health" "python-requests/2.28.0"
203.0.113.42 - - [29/May/2026:19:30:31 +0000] "GET /favicon.ico HTTP/1.1" 500 6712 "https://example.com/favicon.ico" "python-requests/2.28.0"
198.51.100.7 - - [29/May/2026:19:30:32 +0000] "DELETE /favicon.ico HTTP/1.1" 200 8786 "https://example.com/favicon.ico" "Mozilla/5.0 (Windows NT 10.0; Win64; x64)"
172.16.0.100 - - [29/May/2026:19:30:32 +0000] "PUT /health HTTP/1.1" 301 2090 "https://example.com/health" "Mozilla/5.0 (Macintosh; Intel Mac OS X 10_15_7)"
172.16.0.100 - - [29/May/2026:19:30:32 +0000] "GET /favicon.ico HTTP/1.1" 200 6920 "https://example.com/favicon.ico" "curl/7.84.0"
172.16.0.100 - - [29/May/2026:19:30:33 +0000] "PUT /api/orders HTTP/1.1" 200 225 "https://example.com/api/orders" "Mozilla/5.0 (Macintosh; Intel Mac OS X 10_15_7)"
198.51.100.7 - - [29/May/2026:19:30:33 +0000] "DELETE /api/users HTTP/1.1" 500 10094 "https://example.com/api/users" "Mozilla/5.0 (Windows NT 10.0; Win64; x64)"
172.16.0.100 - - [29/May/2026:19:30:34 +0000] "DELETE /static/app.js HTTP/1.1" 503 1813 "https://example.com/static/app.js" "curl/7.84.0"
172.16.0.100 - - [29/May/2026:19:30:34 +0000] "DELETE /api/orders HTTP/1.1" 200 6429 "https://example.com/api/orders" "python-requests/2.28.0"
192.168.1.10 - - [29/May/2026:19:30:35 +0000] "POST /login HTTP/1.1" 301 10020 "https://example.com/login" "python-requests/2.28.0"
10.0.0.5 - - [29/May/2026:19:30:36 +0000] "DELETE /favicon.ico HTTP/1.1" 200 6357 "https://example.com/favicon.ico" "curl/7.84.0"
192.168.1.10 - - [29/May/2026:19:30:36 +0000] "GET /api/products HTTP/1.1" 503 5831 "https://example.com/api/products" "curl/7.84.0"
10.0.0.5 - - [29/May/2026:19:30:36 +0000] "PUT /api/products HTTP/1.1" 200 5809 "https://example.com/api/products" "Mozilla/5.0 (Windows NT 10.0; Win64; x64)"
198.51.100.7 - - [29/May/2026:19:30:37 +0000] "PUT /api/users HTTP/1.1" 200 3894 "https://example.com/api/users" "Mozilla/5.0 (Windows NT 10.0; Win64; x64)"
192.168.1.10 - - [29/May/2026:19:30:37 +0000] "POST /static/app.js HTTP/1.1" 401 8165 "https://example.com/static/app.js" "Mozilla/5.0 (Macintosh; Intel Mac OS X 10_15_7)"
192.168.1.10 - - [29/May/2026:19:30:37 +0000] "PUT /static/app.js HTTP/1.1" 404 2164 "https://example.com/static/app.js" "Mozilla/5.0 (Windows NT 10.0; Win64; x64)"
198.51.100.7 - - [29/May/2026:19:30:38 +0000] "POST /api/orders HTTP/1.1" 404 5930 "https://example.com/api/orders" "python-requests/2.28.0"
172.16.0.100 - - [29/May/2026:19:30:39 +0000] "POST /login HTTP/1.1" 400 9885 "https://example.com/login" "curl/7.84.0"
203.0.113.42 - - [29/May/2026:19:30:39 +0000] "GET /api/products HTTP/1.1" 301 5034 "https://example.com/api/products" "Mozilla/5.0 (Windows NT 10.0; Win64; x64)"
10.0.0.5 - - [29/May/2026:19:30:39 +0000] "DELETE /login HTTP/1.1" 404 3304 "https://example.com/login" "Mozilla/5.0 (Macintosh; Intel Mac OS X 10_15_7)"
172.16.0.100 - - [29/May/2026:19:30:39 +0000] "GET /api/search HTTP/1.1" 401 4301 "https://example.com/api/search" "Mozilla/5.0 (Windows NT 10.0; Win64; x64)"
10.0.0.5 - - [29/May/2026:19:30:40 +0000] "GET /api/products HTTP/1.1" 200 2339 "https://example.com/api/products" "curl/7.84.0"
10.0.0.5 - - [29/May/2026:19:30:40 +0000] "POST /api/orders HTTP/1.1" 401 4109 "https://example.com/api/orders" "python-requests/2.28.0"
172.16.0.100 - - [29/May/2026:19:30:41 +0000] "PUT /login HTTP/1.1" 503 5237 "https://example.com/login" "python-requests/2.28.0"
192.168.1.10 - - [29/May/2026:19:30:41 +0000] "GET /health HTTP/1.1" 200 833 "https://example.com/health" "python-requests/2.28.0"
203.0.113.42 - - [29/May/2026:19:30:41 +0000] "POST /static/app.js HTTP/1.1" 403 5951 "https://example.com/static/app.js" "Mozilla/5.0 (Macintosh; Intel Mac OS X 10_15_7)"
192.168.1.10 - - [29/May/2026:19:30:41 +0000] "GET /api/orders HTTP/1.1" 500 7030 "https://example.com/api/orders" "python-requests/2.28.0"
198.51.100.7 - - [29/May/2026:19:30:42 +0000] "GET /health HTTP/1.1" 502 9348 "https://example.com/health" "curl/7.84.0"
10.0.0.5 - - [29/May/2026:19:30:42 +0000] "PUT /api/search HTTP/1.1" 200 7664 "https://example.com/api/search" "Mozilla/5.0 (Windows NT 10.0; Win64; x64)"
172.16.0.100 - - [29/May/2026:19:30:43 +0000] "PUT /api/products HTTP/1.1" 200 8990 "https://example.com/api/products" "Mozilla/5.0 (Windows NT 10.0; Win64; x64)"
203.0.113.42 - - [29/May/2026:19:30:43 +0000] "PUT /api/search HTTP/1.1" 302 5803 "https://example.com/api/search" "python-requests/2.28.0"
172.16.0.100 - - [29/May/2026:19:30:43 +0000] "PUT /login HTTP/1.1" 502 7665 "https://example.com/login" "curl/7.84.0"
198.51.100.7 - - [29/May/2026:19:30:44 +0000] "DELETE /static/app.js HTTP/1.1" 400 7495 "https://example.com/static/app.js" "Mozilla/5.0 (Windows NT 10.0; Win64; x64)"
203.0.113.42 - - [29/May/2026:19:30:45 +0000] "PUT /api/products HTTP/1.1" 200 5762 "https://example.com/api/products" "Mozilla/5.0 (Windows NT 10.0; Win64; x64)"
172.16.0.100 - - [29/May/2026:19:30:45 +0000] "PUT /api/orders HTTP/1.1" 200 8468 "https://example.com/api/orders" "Mozilla/5.0 (Windows NT 10.0; Win64; x64)"
203.0.113.42 - - [29/May/2026:19:30:46 +0000] "PUT /api/products HTTP/1.1" 502 8685 "https://example.com/api/products" "Mozilla/5.0 (Macintosh; Intel Mac OS X 10_15_7)"
192.168.1.10 - - [29/May/2026:19:30:46 +0000] "POST /health HTTP/1.1" 401 7470 "https://example.com/health" "python-requests/2.28.0"
10.0.0.5 - - [29/May/2026:19:30:46 +0000] "PUT /api/orders HTTP/1.1" 403 2121 "https://example.com/api/orders" "Mozilla/5.0 (Macintosh; Intel Mac OS X 10_15_7)"
10.0.0.5 - - [29/May/2026:19:30:47 +0000] "PUT /api/orders HTTP/1.1" 401 8517 "https://example.com/api/orders" "Mozilla/5.0 (Macintosh; Intel Mac OS X 10_15_7)"
10.0.0.5 - - [29/May/2026:19:30:48 +0000] "DELETE /api/users HTTP/1.1" 200 8132 "https://example.com/api/users" "Mozilla/5.0 (Macintosh; Intel Mac OS X 10_15_7)"
172.16.0.100 - - [29/May/2026:19:30:48 +0000] "PUT /favicon.ico HTTP/1.1" 401 4205 "https://example.com/favicon.ico" "Mozilla/5.0 (Macintosh; Intel Mac OS X 10_15_7)"
198.51.100.7 - - [29/May/2026:19:30:48 +0000] "PUT /api/products HTTP/1.1" 400 3662 "https://example.com/api/products" "curl/7.84.0"
192.168.1.10 - - [29/May/2026:19:30:49 +0000] "GET /api/orders HTTP/1.1" 401 5278 "https://example.com/api/orders" "curl/7.84.0"
10.0.0.5 - - [29/May/2026:19:30:49 +0000] "GET /favicon.ico HTTP/1.1" 404 6755 "https://example.com/favicon.ico" "curl/7.84.0"
10.0.0.5 - - [29/May/2026:19:30:50 +0000] "GET /login HTTP/1.1" 502 4990 "https://example.com/login" "Mozilla/5.0 (Windows NT 10.0; Win64; x64)"
198.51.100.7 - - [29/May/2026:19:30:50 +0000] "GET /login HTTP/1.1" 200 7208 "https://example.com/login" "curl/7.84.0"
192.168.1.10 - - [29/May/2026:19:30:51 +0000] "DELETE /api/search HTTP/1.1" 404 5259 "https://example.com/api/search" "Mozilla/5.0 (Macintosh; Intel Mac OS X 10_15_7)"
203.0.113.42 - - [29/May/2026:19:30:51 +0000] "DELETE /api/products HTTP/1.1" 404 5389 "https://example.com/api/products" "python-requests/2.28.0"
192.168.1.10 - - [29/May/2026:19:30:52 +0000] "PUT /login HTTP/1.1" 502 7716 "https://example.com/login" "curl/7.84.0"
198.51.100.7 - - [29/May/2026:19:30:52 +0000] "PUT /login HTTP/1.1" 401 9390 "https://example.com/login" "Mozilla/5.0 (Macintosh; Intel Mac OS X 10_15_7)"
172.16.0.100 - - [29/May/2026:19:30:53 +0000] "DELETE /api/orders HTTP/1.1" 200 7269 "https://example.com/api/orders" "curl/7.84.0"
203.0.113.42 - - [29/May/2026:19:30:53 +0000] "PUT /api/orders HTTP/1.1" 200 5150 "https://example.com/api/orders" "python-requests/2.28.0"
203.0.113.42 - - [29/May/2026:19:30:53 +0000] "DELETE /api/orders HTTP/1.1" 200 9685 "https://example.com/api/orders" "Mozilla/5.0 (Windows NT 10.0; Win64; x64)"
10.0.0.5 - - [29/May/2026:19:30:53 +0000] "GET /login HTTP/1.1" 301 2631 "https://example.com/login" "curl/7.84.0"
198.51.100.7 - - [29/May/2026:19:30:54 +0000] "PUT /static/app.js HTTP/1.1" 502 8945 "https://example.com/static/app.js" "Mozilla/5.0 (Windows NT 10.0; Win64; x64)"
172.16.0.100 - - [29/May/2026:19:30:54 +0000] "POST /health HTTP/1.1" 200 8298 "https://example.com/health" "Mozilla/5.0 (Windows NT 10.0; Win64; x64)"
203.0.113.42 - - [29/May/2026:19:30:54 +0000] "POST /favicon.ico HTTP/1.1" 301 2492 "https://example.com/favicon.ico" "curl/7.84.0"
172.16.0.100 - - [29/May/2026:19:30:55 +0000] "DELETE /api/search HTTP/1.1" 200 5030 "https://example.com/api/search" "python-requests/2.28.0"
172.16.0.100 - - [29/May/2026:19:30:55 +0000] "GET /api/orders HTTP/1.1" 302 9477 "https://example.com/api/orders" "python-requests/2.28.0"
198.51.100.7 - - [29/May/2026:19:30:56 +0000] "POST /static/app.js HTTP/1.1" 404 3354 "https://example.com/static/app.js" "curl/7.84.0"
10.0.0.5 - - [29/May/2026:19:30:56 +0000] "DELETE /login HTTP/1.1" 200 5059 "https://example.com/login" "python-requests/2.28.0"
192.168.1.10 - - [29/May/2026:19:30:56 +0000] "DELETE /api/users HTTP/1.1" 200 1707 "https://example.com/api/users" "Mozilla/5.0 (Macintosh; Intel Mac OS X 10_15_7)"
203.0.113.42 - - [29/May/2026:19:30:58 +0000] "POST /favicon.ico HTTP/1.1" 200 4722 "https://example.com/favicon.ico" "curl/7.84.0"
203.0.113.42 - - [29/May/2026:19:30:58 +0000] "GET /api/orders HTTP/1.1" 301 684 "https://example.com/api/orders" "Mozilla/5.0 (Macintosh; Intel Mac OS X 10_15_7)"
203.0.113.42 - - [29/May/2026:19:30:58 +0000] "POST /api/products HTTP/1.1" 503 309 "https://example.com/api/products" "Mozilla/5.0 (Windows NT 10.0; Win64; x64)"
198.51.100.7 - - [29/May/2026:19:30:59 +0000] "DELETE /api/search HTTP/1.1" 302 2792 "https://example.com/api/search" "python-requests/2.28.0"
198.51.100.7 - - [29/May/2026:19:30:59 +0000] "POST /api/search HTTP/1.1" 500 2324 "https://example.com/api/search" "curl/7.84.0"
203.0.113.42 - - [29/May/2026:19:30:59 +0000] "PUT /login HTTP/1.1" 403 241 "https://example.com/login" "Mozilla/5.0 (Windows NT 10.0; Win64; x64)"
198.51.100.7 - - [29/May/2026:19:30:59 +0000] "GET /login HTTP/1.1" 200 7563 "https://example.com/login" "Mozilla/5.0 (Macintosh; Intel Mac OS X 10_15_7)"
203.0.113.42 - - [29/May/2026:19:31:01 +0000] "DELETE /api/orders HTTP/1.1" 200 8278 "https://example.com/api/orders" "Mozilla/5.0 (Windows NT 10.0; Win64; x64)"
198.51.100.7 - - [29/May/2026:19:31:01 +0000] "POST /api/products HTTP/1.1" 502 3335 "https://example.com/api/products" "python-requests/2.28.0"
10.0.0.5 - - [29/May/2026:19:31:02 +0000] "DELETE /favicon.ico HTTP/1.1" 502 8965 "https://example.com/favicon.ico" "curl/7.84.0"
203.0.113.42 - - [29/May/2026:19:31:02 +0000] "PUT /health HTTP/1.1" 301 140 "https://example.com/health" "Mozilla/5.0 (Windows NT 10.0; Win64; x64)"
198.51.100.7 - - [29/May/2026:19:31:02 +0000] "POST /health HTTP/1.1" 200 6881 "https://example.com/health" "Mozilla/5.0 (Macintosh; Intel Mac OS X 10_15_7)"
172.16.0.100 - - [29/May/2026:19:31:03 +0000] "DELETE /static/app.js HTTP/1.1" 401 6407 "https://example.com/static/app.js" "Mozilla/5.0 (Macintosh; Intel Mac OS X 10_15_7)"
172.16.0.100 - - [29/May/2026:19:31:04 +0000] "DELETE /login HTTP/1.1" 400 355 "https://example.com/login" "Mozilla/5.0 (Macintosh; Intel Mac OS X 10_15_7)"
10.0.0.5 - - [29/May/2026:19:31:04 +0000] "GET /health HTTP/1.1" 200 8858 "https://example.com/health" "python-requests/2.28.0"
192.168.1.10 - - [29/May/2026:19:31:05 +0000] "PUT /api/products HTTP/1.1" 401 9289 "https://example.com/api/products" "Mozilla/5.0 (Windows NT 10.0; Win64; x64)"
198.51.100.7 - - [29/May/2026:19:31:05 +0000] "POST /favicon.ico HTTP/1.1" 301 9028 "https://example.com/favicon.ico" "Mozilla/5.0 (Macintosh; Intel Mac OS X 10_15_7)"
198.51.100.7 - - [29/May/2026:19:31:06 +0000] "POST /favicon.ico HTTP/1.1" 301 7488 "https://example.com/favicon.ico" "curl/7.84.0"
